Archive member included to satisfy reference by file (symbol)

e:/program files (x86)/gnu arm embedded toolchain/10 2021.10/bin/../lib/gcc/arm-none-eabi/10.3.1/thumb/v7e-m+fp/hard\libgcc.a(_arm_muldf3.o)
                              CMakeFiles/H7OS.elf.dir/Platform/platform.c.obj (__aeabi_dmul)
e:/program files (x86)/gnu arm embedded toolchain/10 2021.10/bin/../lib/gcc/arm-none-eabi/10.3.1/thumb/v7e-m+fp/hard\libgcc.a(_arm_addsubdf3.o)
                              CMakeFiles/H7OS.elf.dir/Platform/platform.c.obj (__aeabi_dadd)
e:/program files (x86)/gnu arm embedded toolchain/10 2021.10/bin/../lib/gcc/arm-none-eabi/10.3.1/thumb/v7e-m+fp/hard\libgcc.a(_arm_muldivdf3.o)
                              CMakeFiles/H7OS.elf.dir/Platform/platform.c.obj (__aeabi_ddiv)
e:/program files (x86)/gnu arm embedded toolchain/10 2021.10/bin/../lib/gcc/arm-none-eabi/10.3.1/thumb/v7e-m+fp/hard\libgcc.a(_arm_cmpdf2.o)
                              CMakeFiles/H7OS.elf.dir/Applications/src/xTaskManager.c.obj (__aeabi_dcmplt)
e:/program files (x86)/gnu arm embedded toolchain/10 2021.10/bin/../lib/gcc/arm-none-eabi/10.3.1/thumb/v7e-m+fp/hard\libgcc.a(_arm_truncdfsf2.o)
                              CMakeFiles/H7OS.elf.dir/Platform/platform.c.obj (__aeabi_d2f)
e:/program files (x86)/gnu arm embedded toolchain/10 2021.10/bin/../lib/gcc/arm-none-eabi/10.3.1/thumb/v7e-m+fp/hard\libgcc.a(_aeabi_uldivmod.o)
                              CMakeFiles/H7OS.elf.dir/HAL/FK743M2-IIT6/Drivers/STM32H7xx_HAL_Driver/Src/stm32h7xx_hal_uart.c.obj (__aeabi_uldivmod)
e:/program files (x86)/gnu arm embedded toolchain/10 2021.10/bin/../lib/gcc/arm-none-eabi/10.3.1/thumb/v7e-m+fp/hard\libgcc.a(_udivmoddi4.o)
                              e:/program files (x86)/gnu arm embedded toolchain/10 2021.10/bin/../lib/gcc/arm-none-eabi/10.3.1/thumb/v7e-m+fp/hard\libgcc.a(_aeabi_uldivmod.o) (__udivmoddi4)
e:/program files (x86)/gnu arm embedded toolchain/10 2021.10/bin/../lib/gcc/arm-none-eabi/10.3.1/thumb/v7e-m+fp/hard\libgcc.a(_dvmd_tls.o)
                              e:/program files (x86)/gnu arm embedded toolchain/10 2021.10/bin/../lib/gcc/arm-none-eabi/10.3.1/thumb/v7e-m+fp/hard\libgcc.a(_aeabi_uldivmod.o) (__aeabi_ldiv0)
e:/program files (x86)/gnu arm embedded toolchain/10 2021.10/bin/../lib/gcc/arm-none-eabi/10.3.1/../../../../arm-none-eabi/lib/thumb/v7e-m+fp/hard\libc.a(lib_a-assert.o)
                              CMakeFiles/H7OS.elf.dir/Drivers/Kernel/src/tlsf.c.obj (__assert_func)
e:/program files (x86)/gnu arm embedded toolchain/10 2021.10/bin/../lib/gcc/arm-none-eabi/10.3.1/../../../../arm-none-eabi/lib/thumb/v7e-m+fp/hard\libc.a(lib_a-atoi.o)
                              CMakeFiles/H7OS.elf.dir/Command/kill/kill_main.c.obj (atoi)
e:/program files (x86)/gnu arm embedded toolchain/10 2021.10/bin/../lib/gcc/arm-none-eabi/10.3.1/../../../../arm-none-eabi/lib/thumb/v7e-m+fp/hard\libc.a(lib_a-errno.o)
                              CMakeFiles/H7OS.elf.dir/Core/Src/syscalls.c.obj (__errno)
e:/program files (x86)/gnu arm embedded toolchain/10 2021.10/bin/../lib/gcc/arm-none-eabi/10.3.1/../../../../arm-none-eabi/lib/thumb/v7e-m+fp/hard\libc.a(lib_a-exit.o)
                              e:/program files (x86)/gnu arm embedded toolchain/10 2021.10/bin/../lib/gcc/arm-none-eabi/10.3.1/../../../../arm-none-eabi/lib/thumb/v7e-m+fp/hard/crt0.o (exit)
e:/program files (x86)/gnu arm embedded toolchain/10 2021.10/bin/../lib/gcc/arm-none-eabi/10.3.1/../../../../arm-none-eabi/lib/thumb/v7e-m+fp/hard\libc.a(lib_a-fiprintf.o)
                              e:/program files (x86)/gnu arm embedded toolchain/10 2021.10/bin/../lib/gcc/arm-none-eabi/10.3.1/../../../../arm-none-eabi/lib/thumb/v7e-m+fp/hard\libc.a(lib_a-assert.o) (fiprintf)
e:/program files (x86)/gnu arm embedded toolchain/10 2021.10/bin/../lib/gcc/arm-none-eabi/10.3.1/../../../../arm-none-eabi/lib/thumb/v7e-m+fp/hard\libc.a(lib_a-impure.o)
                              e:/program files (x86)/gnu arm embedded toolchain/10 2021.10/bin/../lib/gcc/arm-none-eabi/10.3.1/../../../../arm-none-eabi/lib/thumb/v7e-m+fp/hard\libc.a(lib_a-exit.o) (_global_impure_ptr)
e:/program files (x86)/gnu arm embedded toolchain/10 2021.10/bin/../lib/gcc/arm-none-eabi/10.3.1/../../../../arm-none-eabi/lib/thumb/v7e-m+fp/hard\libc.a(lib_a-init.o)
                              e:/program files (x86)/gnu arm embedded toolchain/10 2021.10/bin/../lib/gcc/arm-none-eabi/10.3.1/../../../../arm-none-eabi/lib/thumb/v7e-m+fp/hard/crt0.o (__libc_init_array)
e:/program files (x86)/gnu arm embedded toolchain/10 2021.10/bin/../lib/gcc/arm-none-eabi/10.3.1/../../../../arm-none-eabi/lib/thumb/v7e-m+fp/hard\libc.a(lib_a-memcpy.o)
                              CMakeFiles/H7OS.elf.dir/FATFS/Target/sd_diskio.c.obj (memcpy)
e:/program files (x86)/gnu arm embedded toolchain/10 2021.10/bin/../lib/gcc/arm-none-eabi/10.3.1/../../../../arm-none-eabi/lib/thumb/v7e-m+fp/hard\libc.a(lib_a-memset.o)
[...]
Memory Configuration

Name             Origin             Length             Attributes
FLASH            0x08000000         0x00200000         xr
DTCMRAM          0x20000000         0x00020000         xrw
RAM_D1           0x24000000         0x00080000         xrw
RAM_D2           0x30000000         0x00048000         xrw
RAM_D3           0x38000000         0x00010000         xrw
ITCMRAM          0x00000000         0x00010000         xrw
*default*        0x00000000         0xffffffff

Linker script and memory map

LOAD e:/program files (x86)/gnu arm embedded toolchain/10 2021.10/bin/../lib/gcc/arm-none-eabi/10.3.1/thumb/v7e-m+fp/hard/crti.o
LOAD e:/program files (x86)/gnu arm embedded toolchain/10 2021.10/bin/../lib/gcc/arm-none-eabi/10.3.1/thumb/v7e-m+fp/hard/crtbegin.o
LOAD e:/program files (x86)/gnu arm embedded toolchain/10 2021.10/bin/../lib/gcc/arm-none-eabi/10.3.1/../../../../arm-none-eabi/lib/thumb/v7e-m+fp/hard/crt0.o
LOAD CMakeFiles/H7OS.elf.dir/HAL/FK743M2-IIT6/BSP/adc/bsp_adc.c.obj
LOAD CMakeFiles/H7OS.elf.dir/HAL/FK743M2-IIT6/BSP/bsp_devices.c.obj
LOAD CMakeFiles/H7OS.elf.dir/HAL/FK743M2-IIT6/BSP/cpu/bsp_cpu.c.obj
LOAD CMakeFiles/H7OS.elf.dir/HAL/FK743M2-IIT6/BSP/gpio/bsp_gpio.c.obj
LOAD CMakeFiles/H7OS.elf.dir/HAL/FK743M2-IIT6/BSP/hal_init.c.obj
LOAD CMakeFiles/H7OS.elf.dir/HAL/FK743M2-IIT6/BSP/i2c/bsp_i2c.c.obj
LOAD CMakeFiles/H7OS.elf.dir/HAL/FK743M2-IIT6/BSP/lcd/lcd_define.c.obj
LOAD CMakeFiles/H7OS.elf.dir/HAL/FK743M2-IIT6/BSP/pwm/bsp_pwm.c.obj
LOAD CMakeFiles/H7OS.elf.dir/HAL/FK743M2-IIT6/BSP/touch/torch_iic.c.obj
LOAD CMakeFiles/H7OS.elf.dir/HAL/FK743M2-IIT6/BSP/usart/bsp_usart.c.obj
LOAD CMakeFiles/H7OS.elf.dir/HAL/FK743M2-IIT6/Src/adc.c.obj
LOAD CMakeFiles/H7OS.elf.dir/HAL/FK743M2-IIT6/Src/dma.c.obj
LOAD CMakeFiles/H7OS.elf.dir/HAL/FK743M2-IIT6/Src/dma2d.c.obj
LOAD CMakeFiles/H7OS.elf.dir/HAL/FK743M2-IIT6/Src/fmc.c.obj
LOAD CMakeFiles/H7OS.elf.dir/HAL/FK743M2-IIT6/Src/gpio.c.obj
LOAD CMakeFiles/H7OS.elf.dir/HAL/FK743M2-IIT6/Src/i2c.c.obj
LOAD CMakeFiles/H7OS.elf.dir/HAL/FK743M2-IIT6/Src/jpeg.c.obj
LOAD CMakeFiles/H7OS.elf.dir/HAL/FK743M2-IIT6/Src/ltdc.c.obj
LOAD CMakeFiles/H7OS.elf.dir/HAL/FK743M2-IIT6/Src/mdma.c.obj
LOAD CMakeFiles/H7OS.elf.dir/HAL/FK743M2-IIT6/Src/quadspi.c.obj
LOAD CMakeFiles/H7OS.elf.dir/HAL/FK743M2-IIT6/Src/rng.c.obj
LOAD CMakeFiles/H7OS.elf.dir/HAL/FK743M2-IIT6/Src/rtc.c.obj
LOAD CMakeFiles/H7OS.elf.dir/HAL/FK743M2-IIT6/Src/sdmmc.c.obj
LOAD CMakeFiles/H7OS.elf.dir/HAL/FK743M2-IIT6/Src/stm32h7xx_hal_msp.c.obj
LOAD CMakeFiles/H7OS.elf.dir/HAL/FK743M2-IIT6/Src/stm32h7xx_hal_timebase_tim.c.obj
LOAD CMakeFiles/H7OS.elf.dir/HAL/FK743M2-IIT6/Src/stm32h7xx_it.c.obj
LOAD CMakeFiles/H7OS.elf.dir/HAL/FK743M2-IIT6/Src/system_stm32h7xx.c.obj
LOAD CMakeFiles/H7OS.elf.dir/HAL/FK743M2-IIT6/Src/tim.c.obj
LOAD CMakeFiles/H7OS.elf.dir/HAL/FK743M2-IIT6/Src/usart.c.obj
LOAD CMakeFiles/H7OS.elf.dir/HAL/FK743M2-IIT6/Startup/startup_stm32h743iitx.s.obj
LOAD CMakeFiles/H7OS.elf.dir/Platform/bsp_init.c.obj
LOAD CMakeFiles/H7OS.elf.dir/Platform/platform.c.obj
LOAD CMakeFiles/H7OS.elf.dir/Core/Src/freertos.c.obj
LOAD CMakeFiles/H7OS.elf.dir/Core/Src/main.c.obj
LOAD CMakeFiles/H7OS.elf.dir/Core/Src/syscalls.c.obj
LOAD CMakeFiles/H7OS.elf.dir/Core/Src/sysmem.c.obj
LOAD CMakeFiles/H7OS.elf.dir/Drivers/Kernel/src/memctl.c.obj
LOAD CMakeFiles/H7OS.elf.dir/Drivers/Kernel/src/timer.c.obj
LOAD CMakeFiles/H7OS.elf.dir/Drivers/Kernel/src/tlsf.c.obj
LOAD CMakeFiles/H7OS.elf.dir/Drivers/Kernel/src/u_thread.c.obj
LOAD CMakeFiles/H7OS.elf.dir/HAL/FK743M2-IIT6/Drivers/STM32H7xx_HAL_Driver/Src/stm32h7xx_hal.c.obj
LOAD CMakeFiles/H7OS.elf.dir/HAL/FK743M2-IIT6/Drivers/STM32H7xx_HAL_Driver/Src/stm32h7xx_hal_adc.c.obj
LOAD CMakeFiles/H7OS.elf.dir/HAL/FK743M2-IIT6/Drivers/STM32H7xx_HAL_Driver/Src/stm32h7xx_hal_adc_ex.c.obj
LOAD CMakeFiles/H7OS.elf.dir/HAL/FK743M2-IIT6/Drivers/STM32H7xx_HAL_Driver/Src/stm32h7xx_hal_cortex.c.obj
LOAD CMakeFiles/H7OS.elf.dir/HAL/FK743M2-IIT6/Drivers/STM32H7xx_HAL_Driver/Src/stm32h7xx_hal_dma.c.obj
LOAD CMakeFiles/H7OS.elf.dir/HAL/FK743M2-IIT6/Drivers/STM32H7xx_HAL_Driver/Src/stm32h7xx_hal_dma2d.c.obj
LOAD CMakeFiles/H7OS.elf.dir/HAL/FK743M2-IIT6/Drivers/STM32H7xx_HAL_Driver/Src/stm32h7xx_hal_dma_ex.c.obj
LOAD CMakeFiles/H7OS.elf.dir/HAL/FK743M2-IIT6/Drivers/STM32H7xx_HAL_Driver/Src/stm32h7xx_hal_exti.c.obj
LOAD CMakeFiles/H7OS.elf.dir/HAL/FK743M2-IIT6/Drivers/STM32H7xx_HAL_Driver/Src/stm32h7xx_hal_flash.c.obj
LOAD CMakeFiles/H7OS.elf.dir/HAL/FK743M2-IIT6/Drivers/STM32H7xx_HAL_Driver/Src/stm32h7xx_hal_flash_ex.c.obj
LOAD CMakeFiles/H7OS.elf.dir/HAL/FK743M2-IIT6/Drivers/STM32H7xx_HAL_Driver/Src/stm32h7xx_hal_gpio.c.obj
LOAD CMakeFiles/H7OS.elf.dir/HAL/FK743M2-IIT6/Drivers/STM32H7xx_HAL_Driver/Src/stm32h7xx_hal_hsem.c.obj
LOAD CMakeFiles/H7OS.elf.dir/HAL/FK743M2-IIT6/Drivers/STM32H7xx_HAL_Driver/Src/stm32h7xx_hal_i2c.c.obj
LOAD CMakeFiles/H7OS.elf.dir/HAL/FK743M2-IIT6/Drivers/STM32H7xx_HAL_Driver/Src/stm32h7xx_hal_i2c_ex.c.obj
LOAD CMakeFiles/H7OS.elf.dir/HAL/FK743M2-IIT6/Drivers/STM32H7xx_HAL_Driver/Src/stm32h7xx_hal_jpeg.c.obj
LOAD CMakeFiles/H7OS.elf.dir/HAL/FK743M2-IIT6/Drivers/STM32H7xx_HAL_Driver/Src/stm32h7xx_hal_ltdc.c.obj
LOAD CMakeFiles/H7OS.elf.dir/HAL/FK743M2-IIT6/Drivers/STM32H7xx_HAL_Driver/Src/stm32h7xx_hal_ltdc_ex.c.obj
LOAD CMakeFiles/H7OS.elf.dir/HAL/FK743M2-IIT6/Drivers/STM32H7xx_HAL_Driver/Src/stm32h7xx_hal_mdma.c.obj
LOAD CMakeFiles/H7OS.elf.dir/HAL/FK743M2-IIT6/Drivers/STM32H7xx_HAL_Driver/Src/stm32h7xx_hal_mmc.c.obj
LOAD CMakeFiles/H7OS.elf.dir/HAL/FK743M2-IIT6/Drivers/STM32H7xx_HAL_Driver/Src/stm32h7xx_hal_mmc_ex.c.obj
LOAD CMakeFiles/H7OS.elf.dir/HAL/FK743M2-IIT6/Drivers/STM32H7xx_HAL_Driver/Src/stm32h7xx_hal_nand.c.obj
LOAD CMakeFiles/H7OS.elf.dir/HAL/FK743M2-IIT6/Drivers/STM32H7xx_HAL_Driver/Src/stm32h7xx_hal_nor.c.obj
LOAD CMakeFiles/H7OS.elf.dir/HAL/FK743M2-IIT6/Drivers/STM32H7xx_HAL_Driver/Src/stm32h7xx_hal_pcd.c.obj
LOAD CMakeFiles/H7OS.elf.dir/HAL/FK743M2-IIT6/Drivers/STM32H7xx_HAL_Driver/Src/stm32h7xx_hal_pcd_ex.c.obj
LOAD CMakeFiles/H7OS.elf.dir/HAL/FK743M2-IIT6/Drivers/STM32H7xx_HAL_Driver/Src/stm32h7xx_hal_pwr.c.obj
LOAD CMakeFiles/H7OS.elf.dir/HAL/FK743M2-IIT6/Drivers/STM32H7xx_HAL_Driver/Src/stm32h7xx_hal_pwr_ex.c.obj
LOAD CMakeFiles/H7OS.elf.dir/HAL/FK743M2-IIT6/Drivers/STM32H7xx_HAL_Driver/Src/stm32h7xx_hal_qspi.c.obj
LOAD CMakeFiles/H7OS.elf.dir/HAL/FK743M2-IIT6/Drivers/STM32H7xx_HAL_Driver/Src/stm32h7xx_hal_rcc.c.obj
LOAD CMakeFiles/H7OS.elf.dir/HAL/FK743M2-IIT6/Drivers/STM32H7xx_HAL_Driver/Src/stm32h7xx_hal_rcc_ex.c.obj
LOAD CMakeFiles/H7OS.elf.dir/HAL/FK743M2-IIT6/Drivers/STM32H7xx_HAL_Driver/Src/stm32h7xx_hal_rng.c.obj
LOAD CMakeFiles/H7OS.elf.dir/HAL/FK743M2-IIT6/Drivers/STM32H7xx_HAL_Driver/Src/stm32h7xx_hal_rng_ex.c.obj
LOAD CMakeFiles/H7OS.elf.dir/HAL/FK743M2-IIT6/Drivers/STM32H7xx_HAL_Driver/Src/stm32h7xx_hal_rtc.c.obj
LOAD CMakeFiles/H7OS.elf.dir/HAL/FK743M2-IIT6/Drivers/STM32H7xx_HAL_Driver/Src/stm32h7xx_hal_rtc_ex.c.obj
LOAD CMakeFiles/H7OS.elf.dir/HAL/FK743M2-IIT6/Drivers/STM32H7xx_HAL_Driver/Src/stm32h7xx_hal_sd.c.obj
LOAD CMakeFiles/H7OS.elf.dir/HAL/FK743M2-IIT6/Drivers/STM32H7xx_HAL_Driver/Src/stm32h7xx_hal_sd_ex.c.obj
LOAD CMakeFiles/H7OS.elf.dir/HAL/FK743M2-IIT6/Drivers/STM32H7xx_HAL_Driver/Src/stm32h7xx_hal_sdram.c.obj
LOAD CMakeFiles/H7OS.elf.dir/HAL/FK743M2-IIT6/Drivers/STM32H7xx_HAL_Driver/Src/stm32h7xx_hal_sram.c.obj
LOAD CMakeFiles/H7OS.elf.dir/HAL/FK743M2-IIT6/Drivers/STM32H7xx_HAL_Driver/Src/stm32h7xx_hal_tim.c.obj
LOAD CMakeFiles/H7OS.elf.dir/HAL/FK743M2-IIT6/Drivers/STM32H7xx_HAL_Driver/Src/stm32h7xx_hal_tim_ex.c.obj
LOAD CMakeFiles/H7OS.elf.dir/HAL/FK743M2-IIT6/Drivers/STM32H7xx_HAL_Driver/Src/stm32h7xx_hal_uart.c.obj
LOAD CMakeFiles/H7OS.elf.dir/HAL/FK743M2-IIT6/Drivers/STM32H7xx_HAL_Driver/Src/stm32h7xx_hal_uart_ex.c.obj
LOAD CMakeFiles/H7OS.elf.dir/HAL/FK743M2-IIT6/Drivers/STM32H7xx_HAL_Driver/Src/stm32h7xx_ll_delayblock.c.obj
LOAD CMakeFiles/H7OS.elf.dir/HAL/FK743M2-IIT6/Drivers/STM32H7xx_HAL_Driver/Src/stm32h7xx_ll_fmc.c.obj
LOAD CMakeFiles/H7OS.elf.dir/HAL/FK743M2-IIT6/Drivers/STM32H7xx_HAL_Driver/Src/stm32h7xx_ll_sdmmc.c.obj
LOAD CMakeFiles/H7OS.elf.dir/HAL/FK743M2-IIT6/Drivers/STM32H7xx_HAL_Driver/Src/stm32h7xx_ll_usb.c.obj
LOAD CMakeFiles/H7OS.elf.dir/FATFS/App/fatfs.c.obj
LOAD CMakeFiles/H7OS.elf.dir/FATFS/Target/bsp_driver_sd.c.obj
LOAD CMakeFiles/H7OS.elf.dir/FATFS/Target/sd_diskio.c.obj
LOAD CMakeFiles/H7OS.elf.dir/Middlewares/ST/STM32_USB_Device_Library/Class/CDC/Src/usbd_cdc.c.obj
LOAD CMakeFiles/H7OS.elf.dir/Middlewares/ST/STM32_USB_Device_Library/Core/Src/usbd_core.c.obj
LOAD CMakeFiles/H7OS.elf.dir/Middlewares/ST/STM32_USB_Device_Library/Core/Src/usbd_ctlreq.c.obj
LOAD CMakeFiles/H7OS.elf.dir/Middlewares/ST/STM32_USB_Device_Library/Core/Src/usbd_ioreq.c.obj
LOAD CMakeFiles/H7OS.elf.dir/Middlewares/Third_Party/FatFs/src/diskio.c.obj
LOAD CMakeFiles/H7OS.elf.dir/Middlewares/Third_Party/FatFs/src/ff.c.obj
LOAD CMakeFiles/H7OS.elf.dir/Middlewares/Third_Party/FatFs/src/ff_gen_drv.c.obj
LOAD CMakeFiles/H7OS.elf.dir/Middlewares/Third_Party/FatFs/src/option/syscall.c.obj
LOAD CMakeFiles/H7OS.elf.dir/Middlewares/Third_Party/FatFs/src/option/unicode.c.obj
LOAD CMakeFiles/H7OS.elf.dir/Middlewares/Third_Party/FreeRTOS/Source/CMSIS_RTOS/cmsis_os.c.obj
LOAD CMakeFiles/H7OS.elf.dir/Middlewares/Third_Party/FreeRTOS/Source/croutine.c.obj
LOAD CMakeFiles/H7OS.elf.dir/Middlewares/Third_Party/FreeRTOS/Source/event_groups.c.obj
LOAD CMakeFiles/H7OS.elf.dir/Middlewares/Third_Party/FreeRTOS/Source/list.c.obj
LOAD CMakeFiles/H7OS.elf.dir/Middlewares/Third_Party/FreeRTOS/Source/portable/GCC/ARM_CM4F/port.c.obj
LOAD CMakeFiles/H7OS.elf.dir/Middlewares/Third_Party/FreeRTOS/Source/portable/MemMang/heap_4.c.obj
LOAD CMakeFiles/H7OS.elf.dir/Middlewares/Third_Party/FreeRTOS/Source/queue.c.obj
LOAD CMakeFiles/H7OS.elf.dir/Middlewares/Third_Party/FreeRTOS/Source/stream_buffer.c.obj
LOAD CMakeFiles/H7OS.elf.dir/Middlewares/Third_Party/FreeRTOS/Source/tasks.c.obj
LOAD CMakeFiles/H7OS.elf.dir/Middlewares/Third_Party/FreeRTOS/Source/timers.c.obj
LOAD CMakeFiles/H7OS.elf.dir/USB_DEVICE/App/usb_device.c.obj
LOAD CMakeFiles/H7OS.elf.dir/USB_DEVICE/App/usbd_cdc_if.c.obj
LOAD CMakeFiles/H7OS.elf.dir/USB_DEVICE/App/usbd_desc.c.obj
LOAD CMakeFiles/H7OS.elf.dir/USB_DEVICE/Target/usbd_conf.c.obj
LOAD CMakeFiles/H7OS.elf.dir/Utilities/JPEG/jpeg_utils.c.obj
LOAD CMakeFiles/H7OS.elf.dir/Applications/src/test.c.obj
LOAD CMakeFiles/H7OS.elf.dir/Applications/src/xNoneTask.c.obj
LOAD CMakeFiles/H7OS.elf.dir/Applications/src/xShellTask.c.obj
LOAD CMakeFiles/H7OS.elf.dir/Applications/src/xTaskInit.c.obj
LOAD CMakeFiles/H7OS.elf.dir/Applications/src/xTaskManager.c.obj
LOAD CMakeFiles/H7OS.elf.dir/Command/Register.c.obj
LOAD CMakeFiles/H7OS.elf.dir/Command/cat/cat_main.c.obj
LOAD CMakeFiles/H7OS.elf.dir/Command/cd/cd_main.c.obj
LOAD CMakeFiles/H7OS.elf.dir/Command/cp/cp_main.c.obj
LOAD CMakeFiles/H7OS.elf.dir/Command/dfu/dfu_main.c.obj
LOAD CMakeFiles/H7OS.elf.dir/Command/echo/echo_main.c.obj
LOAD CMakeFiles/H7OS.elf.dir/Command/flash/flash_main.c.obj
LOAD CMakeFiles/H7OS.elf.dir/Command/help/help_main.c.obj
LOAD CMakeFiles/H7OS.elf.dir/Command/info/info_main.c.obj
LOAD CMakeFiles/H7OS.elf.dir/Command/kill/kill_main.c.obj
LOAD CMakeFiles/H7OS.elf.dir/Command/ls/ls_main.c.obj
LOAD CMakeFiles/H7OS.elf.dir/Command/mkdir/mkdir_main.c.obj
LOAD CMakeFiles/H7OS.elf.dir/Command/mount/mount_main.c.obj
LOAD CMakeFiles/H7OS.elf.dir/Command/mv/mv_main.c.obj
LOAD CMakeFiles/H7OS.elf.dir/Command/pwd/pwd_main.c.obj
LOAD CMakeFiles/H7OS.elf.dir/Command/reboot/reboot_main.c.obj
LOAD CMakeFiles/H7OS.elf.dir/Command/reset/reset_main.c.obj
LOAD CMakeFiles/H7OS.elf.dir/Command/rm/rm_main.c.obj
LOAD CMakeFiles/H7OS.elf.dir/Command/run/run_main.c.obj
LOAD CMakeFiles/H7OS.elf.dir/Command/save/save_main.c.obj
LOAD CMakeFiles/H7OS.elf.dir/Command/touch/touch_main.c.obj
LOAD CMakeFiles/H7OS.elf.dir/Command/tree/tree_main.c.obj
LOAD CMakeFiles/H7OS.elf.dir/Command/use/use_main.c.obj
LOAD CMakeFiles/H7OS.elf.dir/RAMFS/init.d/ASM/reset.s.obj
LOAD CMakeFiles/H7OS.elf.dir/RAMFS/init.d/ASM/sd_boot.s.obj
LOAD CMakeFiles/H7OS.elf.dir/RAMFS/init.d/Algo/DFS.c.obj
LOAD CMakeFiles/H7OS.elf.dir/RAMFS/init.d/Bin/builder/builder.c.obj
LOAD CMakeFiles/H7OS.elf.dir/RAMFS/init.d/Bin/builder/keywords/kw_build.c.obj
LOAD CMakeFiles/H7OS.elf.dir/RAMFS/init.d/Bin/builder/script.c.obj
LOAD CMakeFiles/H7OS.elf.dir/RAMFS/init.d/Cmd/DrT_cmd.c.obj
LOAD CMakeFiles/H7OS.elf.dir/RAMFS/init.d/Core/DrT.c.obj
LOAD CMakeFiles/H7OS.elf.dir/RAMFS/init.d/Dev/DrT_dev.c.obj
LOAD CMakeFiles/H7OS.elf.dir/RAMFS/init.d/FS/DrT_fs.c.obj
LOAD CMakeFiles/H7OS.elf.dir/RAMFS/init.d/Mnt/DrT_mnt.c.obj
LOAD CMakeFiles/H7OS.elf.dir/RAMFS/init.d/Periph/FS_Serial.c.obj
LOAD CMakeFiles/H7OS.elf.dir/RAMFS/init.d/Periph/cpu.c.obj
LOAD CMakeFiles/H7OS.elf.dir/RAMFS/init.d/Proc/DrT_proc.c.obj
START GROUP
LOAD e:/program files (x86)/gnu arm embedded toolchain/10 2021.10/bin/../lib/gcc/arm-none-eabi/10.3.1/thumb/v7e-m+fp/hard\libgcc.a
LOAD e:/program files (x86)/gnu arm embedded toolchain/10 2021.10/bin/../lib/gcc/arm-none-eabi/10.3.1/../../../../arm-none-eabi/lib/thumb/v7e-m+fp/hard\libc.a
END GROUP
LOAD e:/program files (x86)/gnu arm embedded toolchain/10 2021.10/bin/../lib/gcc/arm-none-eabi/10.3.1/thumb/v7e-m+fp/hard/crtend.o
LOAD e:/program files (x86)/gnu arm embedded toolchain/10 2021.10/bin/../lib/gcc/arm-none-eabi/10.3.1/thumb/v7e-m+fp/hard/crtn.o
                0x24080000                _estack = (ORIGIN (RAM_D1) + LENGTH (RAM_D1))
                0x00004000                _Min_Heap_Size = 0x4000
                0x00004000                _Min_Stack_Size = 0x4000

.isr_vector     0x08000000      0x298
                0x08000000                . = ALIGN (0x4)
 *(.isr_vector)
 .isr_vector    0x08000000      0x298 CMakeFiles/H7OS.elf.dir/HAL/FK743M2-IIT6/Startup/startup_stm32h743iitx.s.obj
                0x08000000                g_pfnVectors
                0x08000298                . = ALIGN (0x4)

.text           0x080002c0    0x285d8
                0x080002c0                . = ALIGN (0x4)
 *(.text)
 .text          0x080002c0       0x40 e:/program files (x86)/gnu arm embedded toolchain/10 2021.10/bin/../lib/gcc/arm-none-eabi/10.3.1/thumb/v7e-m+fp/hard/crtbegin.o
 .text          0x08000300       0x4c CMakeFiles/H7OS.elf.dir/RAMFS/init.d/ASM/reset.s.obj
                0x08000300                system_reset
                0x08000314                shutdown_system
                0x0800032a                jump_to_bootloader
 .text          0x0800034c      0x378 e:/program files (x86)/gnu arm embedded toolchain/10 2021.10/bin/../lib/gcc/arm-none-eabi/10.3.1/thumb/v7e-m+fp/hard\libgcc.a(_arm_addsubdf3.o)
                0x0800034c                __aeabi_drsub
                0x08000354                __aeabi_dsub
                0x08000354                __subdf3
                0x08000358                __aeabi_dadd
                0x08000358                __adddf3
                0x080005d0                __floatunsidf
                0x080005d0                __aeabi_ui2d
                0x080005f0                __floatsidf
                0x080005f0                __aeabi_i2d
                0x08000614                __aeabi_f2d
                0x08000614                __extendsfdf2
                0x08000658                __floatundidf
                0x08000658                __aeabi_ul2d
                0x08000668                __floatdidf
                0x08000668                __aeabi_l2d
 .text          0x080006c4      0x424 e:/program files (x86)/gnu arm embedded toolchain/10 2021.10/bin/../lib/gcc/arm-none-eabi/10.3.1/thumb/v7e-m+fp/hard\libgcc.a(_arm_muldivdf3.o)
                0x080006c4                __aeabi_dmul
                0x080006c4                __muldf3
                0x08000918                __divdf3
                0x08000918                __aeabi_ddiv
 .text          0x08000ae8      0x110 e:/program files (x86)/gnu arm embedded toolchain/10 2021.10/bin/../lib/gcc/arm-none-eabi/10.3.1/thumb/v7e-m+fp/hard\libgcc.a(_arm_cmpdf2.o)
                0x08000ae8                __gtdf2
                0x08000ae8                __gedf2
                0x08000af0                __ltdf2
                0x08000af0                __ledf2
                0x08000af8                __nedf2
                0x08000af8                __eqdf2
                0x08000af8                __cmpdf2
                0x08000b74                __aeabi_cdrcmple
                0x08000b84                __aeabi_cdcmpeq
                0x08000b84                __aeabi_cdcmple
                0x08000b94                __aeabi_dcmpeq
                0x08000ba8                __aeabi_dcmplt
                0x08000bbc                __aeabi_dcmple
                0x08000bd0                __aeabi_dcmpge
                0x08000be4                __aeabi_dcmpgt
 .text          0x08000bf8       0xa0 e:/program files (x86)/gnu arm embedded toolchain/10 2021.10/bin/../lib/gcc/arm-none-eabi/10.3.1/thumb/v7e-m+fp/hard\libgcc.a(_arm_truncdfsf2.o)
                0x08000bf8                __truncdfsf2
                0x08000bf8                __aeabi_d2f
 .text          0x08000c98       0x30 e:/program files (x86)/gnu arm embedded toolchain/10 2021.10/bin/../lib/gcc/arm-none-eabi/10.3.1/thumb/v7e-m+fp/hard\libgcc.a(_aeabi_uldivmod.o)
                0x08000c98                __aeabi_uldivmod
 .text          0x08000cc8      0x2d0 e:/program files (x86)/gnu arm embedded toolchain/10 2021.10/bin/../lib/gcc/arm-none-eabi/10.3.1/thumb/v7e-m+fp/hard\libgcc.a(_udivmoddi4.o)
                0x08000cc8                __udivmoddi4
 .text          0x08000f98        0x4 e:/program files (x86)/gnu arm embedded toolchain/10 2021.10/bin/../lib/gcc/arm-none-eabi/10.3.1/thumb/v7e-m+fp/hard\libgcc.a(_dvmd_tls.o)
                0x08000f98                __aeabi_idiv0
                0x08000f98                __aeabi_ldiv0
 .text          0x08000f9c      0x134 e:/program files (x86)/gnu arm embedded toolchain/10 2021.10/bin/../lib/gcc/arm-none-eabi/10.3.1/../../../../arm-none-eabi/lib/thumb/v7e-m+fp/hard\libc.a(lib_a-memcpy.o)
                0x08000f9c                memcpy
 *fill*         0x080010d0       0x10 
 .text          0x080010e0      0x2dc e:/program files (x86)/gnu arm embedded toolchain/10 2021.10/bin/../lib/gcc/arm-none-eabi/10.3.1/../../../../arm-none-eabi/lib/thumb/v7e-m+fp/hard\libc.a(lib_a-strcmp.o)
                0x080010e8                strcmp
 *fill*         0x080013bc        0x4 
 .text          0x080013c0       0xdc e:/program files (x86)/gnu arm embedded toolchain/10 2021.10/bin/../lib/gcc/arm-none-eabi/10.3.1/../../../../arm-none-eabi/lib/thumb/v7e-m+fp/hard\libc.a(lib_a-strlen.o)
                0x080013c0                strlen
 *fill*         0x0800149c        0x4 
 .text          0x080014a0       0xa0 e:/program files (x86)/gnu arm embedded toolchain/10 2021.10/bin/../lib/gcc/arm-none-eabi/10.3.1/../../../../arm-none-eabi/lib/thumb/v7e-m+fp/hard\libc.a(lib_a-memchr.o)
                0x080014a0                memchr
 .text          0x08001540       0x2c e:/program files (x86)/gnu arm embedded toolchain/10 2021.10/bin/../lib/gcc/arm-none-eabi/10.3.1/thumb/v7e-m+fp/hard\libgcc.a(_arm_unorddf2.o)
                0x08001540                __unorddf2
                0x08001540                __aeabi_dcmpun
 .text          0x0800156c       0x50 e:/program files (x86)/gnu arm embedded toolchain/10 2021.10/bin/../lib/gcc/arm-none-eabi/10.3.1/thumb/v7e-m+fp/hard\libgcc.a(_arm_fixdfsi.o)
                0x0800156c                __aeabi_d2iz
                0x0800156c                __fixdfsi
 .text          0x080015bc       0x40 e:/program files (x86)/gnu arm embedded toolchain/10 2021.10/bin/../lib/gcc/arm-none-eabi/10.3.1/thumb/v7e-m+fp/hard\libgcc.a(_arm_fixunsdfsi.o)
                0x080015bc                __aeabi_d2uiz
                0x080015bc                __fixunsdfsi
 .text          0x080015fc       0x30 e:/program files (x86)/gnu arm embedded toolchain/10 2021.10/bin/../lib/gcc/arm-none-eabi/10.3.1/thumb/v7e-m+fp/hard\libgcc.a(_fixdfdi.o)
                0x080015fc                __fixdfdi
                0x080015fc                __aeabi_d2lz
 .text          0x0800162c       0x3c e:/program files (x86)/gnu arm embedded toolchain/10 2021.10/bin/../lib/gcc/arm-none-eabi/10.3.1/thumb/v7e-m+fp/hard\libgcc.a(_fixunsdfdi.o)
                0x0800162c                __fixunsdfdi
                0x0800162c                __aeabi_d2ulz
 *(.text*)
 .text.adc_write
                0x08001668        0x6 CMakeFiles/H7OS.elf.dir/HAL/FK743M2-IIT6/BSP/adc/bsp_adc.c.obj
 *fill*         0x0800166e        0x2 
 .text.adc_read
                0x08001670       0x5c CMakeFiles/H7OS.elf.dir/HAL/FK743M2-IIT6/BSP/adc/bsp_adc.c.obj
 .text.adc_register
                0x080016cc       0x50 CMakeFiles/H7OS.elf.dir/HAL/FK743M2-IIT6/BSP/adc/bsp_adc.c.obj
                0x080016cc                adc_register
 .text.adc_device_init
                0x0800171c       0x14 CMakeFiles/H7OS.elf.dir/HAL/FK743M2-IIT6/BSP/adc/bsp_adc.c.obj
                0x0800171c                adc_device_init
 .text.board_periph_init
                0x08001730       0x38 CMakeFiles/H7OS.elf.dir/HAL/FK743M2-IIT6/BSP/bsp_devices.c.obj
                0x08001730                board_periph_init
 .text.devices_init
                0x08001768       0x18 CMakeFiles/H7OS.elf.dir/HAL/FK743M2-IIT6/BSP/bsp_devices.c.obj
                0x08001768                devices_init
 .text.board_rtc_set_dfu_flag
                0x08001780       0x18 CMakeFiles/H7OS.elf.dir/HAL/FK743M2-IIT6/BSP/bsp_devices.c.obj
                0x08001780                board_rtc_set_dfu_flag
 .text.gpio_open
                0x08001798        0x4 CMakeFiles/H7OS.elf.dir/HAL/FK743M2-IIT6/BSP/gpio/bsp_gpio.c.obj
 .text.gpio_close
                0x0800179c        0x4 CMakeFiles/H7OS.elf.dir/HAL/FK743M2-IIT6/BSP/gpio/bsp_gpio.c.obj
 .text.gpio_write
                0x080017a0       0x30 CMakeFiles/H7OS.elf.dir/HAL/FK743M2-IIT6/BSP/gpio/bsp_gpio.c.obj
 .text.gpio_read
                0x080017d0       0x2a CMakeFiles/H7OS.elf.dir/HAL/FK743M2-IIT6/BSP/gpio/bsp_gpio.c.obj
 *fill*         0x080017fa        0x2 
 .text.gpio_register
                0x080017fc       0x60 CMakeFiles/H7OS.elf.dir/HAL/FK743M2-IIT6/BSP/gpio/bsp_gpio.c.obj
                0x080017fc                gpio_register
 .text.gpio_device_init
                0x0800185c       0x2c CMakeFiles/H7OS.elf.dir/HAL/FK743M2-IIT6/BSP/gpio/bsp_gpio.c.obj
                0x0800185c                gpio_device_init
 .text.MPU_Config
                0x08001888       0x70 CMakeFiles/H7OS.elf.dir/HAL/FK743M2-IIT6/BSP/hal_init.c.obj
 .text.SystemClock_Config
                0x080018f8      0x130 CMakeFiles/H7OS.elf.dir/HAL/FK743M2-IIT6/BSP/hal_init.c.obj
 .text.PeriphCommonClock_Config
                0x08001a28       0x40 CMakeFiles/H7OS.elf.dir/HAL/FK743M2-IIT6/BSP/hal_init.c.obj
 .text.HAL_BoardInit
                0x08001a68       0x58 CMakeFiles/H7OS.elf.dir/HAL/FK743M2-IIT6/BSP/hal_init.c.obj
                0x08001a68                HAL_BoardInit
 .text.i2c_write
                0x08001ac0       0x32 CMakeFiles/H7OS.elf.dir/HAL/FK743M2-IIT6/BSP/i2c/bsp_i2c.c.obj
 .text.i2c_read
                0x08001af2       0x32 CMakeFiles/H7OS.elf.dir/HAL/FK743M2-IIT6/BSP/i2c/bsp_i2c.c.obj
 .text.i2c_register
                0x08001b24       0x50 CMakeFiles/H7OS.elf.dir/HAL/FK743M2-IIT6/BSP/i2c/bsp_i2c.c.obj
                0x08001b24                i2c_register
 .text.i2c_device_init
                0x08001b74       0x14 CMakeFiles/H7OS.elf.dir/HAL/FK743M2-IIT6/BSP/i2c/bsp_i2c.c.obj
                0x08001b74                i2c_device_init
 .text.pwm_read
                0x08001b88        0xe CMakeFiles/H7OS.elf.dir/HAL/FK743M2-IIT6/BSP/pwm/bsp_pwm.c.obj
 *fill*         0x08001b96        0x2 
 .text.pwm_write
                0x08001b98       0x90 CMakeFiles/H7OS.elf.dir/HAL/FK743M2-IIT6/BSP/pwm/bsp_pwm.c.obj
 .text.pwm_register
                0x08001c28       0x7c CMakeFiles/H7OS.elf.dir/HAL/FK743M2-IIT6/BSP/pwm/bsp_pwm.c.obj
                0x08001c28                pwm_register
 .text.pwm_device_init
                0x08001ca4       0x2c CMakeFiles/H7OS.elf.dir/HAL/FK743M2-IIT6/BSP/pwm/bsp_pwm.c.obj
                0x08001ca4                pwm_device_init
 .text.Touch_IIC_Delay
                0x08001cd0       0x36 CMakeFiles/H7OS.elf.dir/HAL/FK743M2-IIT6/BSP/touch/torch_iic.c.obj
                0x08001cd0                Touch_IIC_Delay
 *fill*         0x08001d06        0x2 
 .text.Touch_INT_Out
                0x08001d08       0x2c CMakeFiles/H7OS.elf.dir/HAL/FK743M2-IIT6/BSP/touch/torch_iic.c.obj
                0x08001d08                Touch_INT_Out
 .text.Touch_INT_In
                0x08001d34       0x28 CMakeFiles/H7OS.elf.dir/HAL/FK743M2-IIT6/BSP/touch/torch_iic.c.obj
                0x08001d34                Touch_INT_In
 .text.Touch_IIC_Start
                0x08001d5c       0x4c CMakeFiles/H7OS.elf.dir/HAL/FK743M2-IIT6/BSP/touch/torch_iic.c.obj
                0x08001d5c                Touch_IIC_Start
 .text.Touch_IIC_Stop
                0x08001da8       0x54 CMakeFiles/H7OS.elf.dir/HAL/FK743M2-IIT6/BSP/touch/torch_iic.c.obj
                0x08001da8                Touch_IIC_Stop
 .text.Touch_IIC_ACK
                0x08001dfc       0x60 CMakeFiles/H7OS.elf.dir/HAL/FK743M2-IIT6/BSP/touch/torch_iic.c.obj
                0x08001dfc                Touch_IIC_ACK
 .text.Touch_IIC_NoACK
                0x08001e5c       0x54 CMakeFiles/H7OS.elf.dir/HAL/FK743M2-IIT6/BSP/touch/torch_iic.c.obj
                0x08001e5c                Touch_IIC_NoACK
 .text.Touch_IIC_WaitACK
                0x08001eb0       0x64 CMakeFiles/H7OS.elf.dir/HAL/FK743M2-IIT6/BSP/touch/torch_iic.c.obj
                0x08001eb0                Touch_IIC_WaitACK
 .text.Touch_IIC_WriteByte
                0x08001f14       0x78 CMakeFiles/H7OS.elf.dir/HAL/FK743M2-IIT6/BSP/touch/torch_iic.c.obj
                0x08001f14                Touch_IIC_WriteByte
 .text.Touch_IIC_ReadByte
                0x08001f8c       0x64 CMakeFiles/H7OS.elf.dir/HAL/FK743M2-IIT6/BSP/touch/torch_iic.c.obj
                0x08001f8c                Touch_IIC_ReadByte
 .text.GT9XX_Reset
                0x08001ff0       0x64 CMakeFiles/H7OS.elf.dir/HAL/FK743M2-IIT6/BSP/touch/torch_iic.c.obj
                0x08001ff0                GT9XX_Reset
 .text.GT9XX_WriteHandle
                0x08002054       0x38 CMakeFiles/H7OS.elf.dir/HAL/FK743M2-IIT6/BSP/touch/torch_iic.c.obj
                0x08002054                GT9XX_WriteHandle
 .text.GT9XX_ReadReg
                0x0800208c       0x5c CMakeFiles/H7OS.elf.dir/HAL/FK743M2-IIT6/BSP/touch/torch_iic.c.obj
                0x0800208c                GT9XX_ReadReg
 .text.Touch_Init
                0x080020e8       0x74 CMakeFiles/H7OS.elf.dir/HAL/FK743M2-IIT6/BSP/touch/torch_iic.c.obj
                0x080020e8                Touch_Init
 .text.usart1_read
                0x0800215c       0x5c CMakeFiles/H7OS.elf.dir/HAL/FK743M2-IIT6/BSP/usart/bsp_usart.c.obj
 .text.usart1_write
                0x080021b8       0x20 CMakeFiles/H7OS.elf.dir/HAL/FK743M2-IIT6/BSP/usart/bsp_usart.c.obj
 .text.usart1_close
                0x080021d8       0x20 CMakeFiles/H7OS.elf.dir/HAL/FK743M2-IIT6/BSP/usart/bsp_usart.c.obj
 .text.usart1_open
                0x080021f8       0x44 CMakeFiles/H7OS.elf.dir/HAL/FK743M2-IIT6/BSP/usart/bsp_usart.c.obj
 .text.USART1_IRQHandler
                0x0800223c       0x10 CMakeFiles/H7OS.elf.dir/HAL/FK743M2-IIT6/BSP/usart/bsp_usart.c.obj
                0x0800223c                USART1_IRQHandler
 .text.HAL_UART_RxCpltCallback
                0x0800224c       0x7c CMakeFiles/H7OS.elf.dir/HAL/FK743M2-IIT6/BSP/usart/bsp_usart.c.obj
                0x0800224c                HAL_UART_RxCpltCallback
 .text.usart1_device_init
                0x080022c8       0x58 CMakeFiles/H7OS.elf.dir/HAL/FK743M2-IIT6/BSP/usart/bsp_usart.c.obj
                0x080022c8                usart1_device_init
 .text.MX_ADC1_Init
                0x08002320       0xa0 CMakeFiles/H7OS.elf.dir/HAL/FK743M2-IIT6/Src/adc.c.obj
                0x08002320                MX_ADC1_Init
 .text.MX_ADC3_Init
                0x080023c0       0x88 CMakeFiles/H7OS.elf.dir/HAL/FK743M2-IIT6/Src/adc.c.obj
                0x080023c0                MX_ADC3_Init
 .text.HAL_ADC_MspInit
                0x08002448       0xd8 CMakeFiles/H7OS.elf.dir/HAL/FK743M2-IIT6/Src/adc.c.obj
                0x08002448                HAL_ADC_MspInit
 .text.MX_DMA_Init
                0x08002520       0x58 CMakeFiles/H7OS.elf.dir/HAL/FK743M2-IIT6/Src/dma.c.obj
                0x08002520                MX_DMA_Init
 .text.MX_DMA2D_Init
                0x08002578       0x48 CMakeFiles/H7OS.elf.dir/HAL/FK743M2-IIT6/Src/dma2d.c.obj
                0x08002578                MX_DMA2D_Init
 .text.HAL_DMA2D_MspInit
                0x080025c0       0x34 CMakeFiles/H7OS.elf.dir/HAL/FK743M2-IIT6/Src/dma2d.c.obj
                0x080025c0                HAL_DMA2D_MspInit
 .text.HAL_FMC_MspInit
                0x080025f4       0xf0 CMakeFiles/H7OS.elf.dir/HAL/FK743M2-IIT6/Src/fmc.c.obj
 .text.SDRAM_Initialization_Sequence
                0x080026e4       0x8a CMakeFiles/H7OS.elf.dir/HAL/FK743M2-IIT6/Src/fmc.c.obj
                0x080026e4                SDRAM_Initialization_Sequence
 *fill*         0x0800276e        0x2 
 .text.MX_FMC_Init
                0x08002770       0x80 CMakeFiles/H7OS.elf.dir/HAL/FK743M2-IIT6/Src/fmc.c.obj
                0x08002770                MX_FMC_Init
 .text.HAL_SDRAM_MspInit
                0x080027f0        0x8 CMakeFiles/H7OS.elf.dir/HAL/FK743M2-IIT6/Src/fmc.c.obj
                0x080027f0                HAL_SDRAM_MspInit
 .text.MX_GPIO_Init
                0x080027f8      0x1a8 CMakeFiles/H7OS.elf.dir/HAL/FK743M2-IIT6/Src/gpio.c.obj
                0x080027f8                MX_GPIO_Init
 .text.MX_I2C1_Init
                0x080029a0       0x60 CMakeFiles/H7OS.elf.dir/HAL/FK743M2-IIT6/Src/i2c.c.obj
                0x080029a0                MX_I2C1_Init
 .text.HAL_I2C_MspInit
                0x08002a00       0x98 CMakeFiles/H7OS.elf.dir/HAL/FK743M2-IIT6/Src/i2c.c.obj
                0x08002a00                HAL_I2C_MspInit
 .text.MX_JPEG_Init
                0x08002a98       0x20 CMakeFiles/H7OS.elf.dir/HAL/FK743M2-IIT6/Src/jpeg.c.obj
                0x08002a98                MX_JPEG_Init
 .text.HAL_JPEG_MspInit
                0x08002ab8       0x34 CMakeFiles/H7OS.elf.dir/HAL/FK743M2-IIT6/Src/jpeg.c.obj
                0x08002ab8                HAL_JPEG_MspInit
 .text.HAL_LTDC_MspInit
                0x08002aec      0x208 CMakeFiles/H7OS.elf.dir/HAL/FK743M2-IIT6/Src/ltdc.c.obj
                0x08002aec                HAL_LTDC_MspInit
 .text.LCD_SetLayer
                0x08002cf4       0x18 CMakeFiles/H7OS.elf.dir/HAL/FK743M2-IIT6/Src/ltdc.c.obj
                0x08002cf4                LCD_SetLayer
 .text.LCD_SetColor
                0x08002d0c       0x90 CMakeFiles/H7OS.elf.dir/HAL/FK743M2-IIT6/Src/ltdc.c.obj
                0x08002d0c                LCD_SetColor
 .text.LCD_SetBackColor
                0x08002d9c       0x90 CMakeFiles/H7OS.elf.dir/HAL/FK743M2-IIT6/Src/ltdc.c.obj
                0x08002d9c                LCD_SetBackColor
 .text.LCD_SetFont
                0x08002e2c        0xc CMakeFiles/H7OS.elf.dir/HAL/FK743M2-IIT6/Src/ltdc.c.obj
                0x08002e2c                LCD_SetFont
 .text.LCD_DisplayDirection
                0x08002e38        0xc CMakeFiles/H7OS.elf.dir/HAL/FK743M2-IIT6/Src/ltdc.c.obj
                0x08002e38                LCD_DisplayDirection
 .text.LCD_Clear
                0x08002e44       0x54 CMakeFiles/H7OS.elf.dir/HAL/FK743M2-IIT6/Src/ltdc.c.obj
                0x08002e44                LCD_Clear
 .text.LCD_ShowNumMode
                0x08002e98        0xc CMakeFiles/H7OS.elf.dir/HAL/FK743M2-IIT6/Src/ltdc.c.obj
                0x08002e98                LCD_ShowNumMode
 .text.MX_LTDC_Init
                0x08002ea4       0xf4 CMakeFiles/H7OS.elf.dir/HAL/FK743M2-IIT6/Src/ltdc.c.obj
                0x08002ea4                MX_LTDC_Init
 .text.MX_MDMA_Init
                0x08002f98       0x90 CMakeFiles/H7OS.elf.dir/HAL/FK743M2-IIT6/Src/mdma.c.obj
                0x08002f98                MX_MDMA_Init
 .text.MX_QUADSPI_Init
                0x08003028       0x38 CMakeFiles/H7OS.elf.dir/HAL/FK743M2-IIT6/Src/quadspi.c.obj
                0x08003028                MX_QUADSPI_Init
 .text.HAL_QSPI_MspInit
                0x08003060      0x194 CMakeFiles/H7OS.elf.dir/HAL/FK743M2-IIT6/Src/quadspi.c.obj
                0x08003060                HAL_QSPI_MspInit
 .text.QSPI_W25Qxx_AutoPollingMemReady
                0x080031f4       0x58 CMakeFiles/H7OS.elf.dir/HAL/FK743M2-IIT6/Src/quadspi.c.obj
                0x080031f4                QSPI_W25Qxx_AutoPollingMemReady
 .text.QSPI_W25Qxx_Reset
                0x0800324c       0x6c CMakeFiles/H7OS.elf.dir/HAL/FK743M2-IIT6/Src/quadspi.c.obj
                0x0800324c                QSPI_W25Qxx_Reset
 .text.QSPI_W25Qxx_ReadID
                0x080032b8       0x74 CMakeFiles/H7OS.elf.dir/HAL/FK743M2-IIT6/Src/quadspi.c.obj
                0x080032b8                QSPI_W25Qxx_ReadID
 .text.QSPI_W25Qxx_Init
                0x0800332c       0x20 CMakeFiles/H7OS.elf.dir/HAL/FK743M2-IIT6/Src/quadspi.c.obj
                0x0800332c                QSPI_W25Qxx_Init
 .text.QSPI_W25Qxx_WriteEnable
                0x0800334c       0x78 CMakeFiles/H7OS.elf.dir/HAL/FK743M2-IIT6/Src/quadspi.c.obj
                0x0800334c                QSPI_W25Qxx_WriteEnable
 .text.QSPI_W25Qxx_ChipErase
                0x080033c4       0x8c CMakeFiles/H7OS.elf.dir/HAL/FK743M2-IIT6/Src/quadspi.c.obj
                0x080033c4                QSPI_W25Qxx_ChipErase
 .text.QSPI_W25Qxx_WritePage
                0x08003450       0x7c CMakeFiles/H7OS.elf.dir/HAL/FK743M2-IIT6/Src/quadspi.c.obj
                0x08003450                QSPI_W25Qxx_WritePage
 .text.QSPI_W25Qxx_WriteBuffer
                0x080034cc       0x44 CMakeFiles/H7OS.elf.dir/HAL/FK743M2-IIT6/Src/quadspi.c.obj
                0x080034cc                QSPI_W25Qxx_WriteBuffer
 .text.QSPI_W25Qxx_ReadBuffer
                0x08003510       0x70 CMakeFiles/H7OS.elf.dir/HAL/FK743M2-IIT6/Src/quadspi.c.obj
                0x08003510                QSPI_W25Qxx_ReadBuffer
 .text.HAL_QSPI_RxCpltCallback
                0x08003580        0xc CMakeFiles/H7OS.elf.dir/HAL/FK743M2-IIT6/Src/quadspi.c.obj
                0x08003580                HAL_QSPI_RxCpltCallback
 .text.MX_RNG_Init
                0x0800358c       0x24 CMakeFiles/H7OS.elf.dir/HAL/FK743M2-IIT6/Src/rng.c.obj
                0x0800358c                MX_RNG_Init
 .text.HAL_RNG_MspInit
                0x080035b0       0x60 CMakeFiles/H7OS.elf.dir/HAL/FK743M2-IIT6/Src/rng.c.obj
                0x080035b0                HAL_RNG_MspInit
 .text.MX_RTC_Init
                0x08003610       0x34 CMakeFiles/H7OS.elf.dir/HAL/FK743M2-IIT6/Src/rtc.c.obj
                0x08003610                MX_RTC_Init
 .text.HAL_RTC_MspInit
                0x08003644       0x50 CMakeFiles/H7OS.elf.dir/HAL/FK743M2-IIT6/Src/rtc.c.obj
                0x08003644                HAL_RTC_MspInit
 .text.MX_SDMMC1_SD_Init
                0x08003694       0x28 CMakeFiles/H7OS.elf.dir/HAL/FK743M2-IIT6/Src/sdmmc.c.obj
                0x08003694                MX_SDMMC1_SD_Init
 .text.HAL_SD_MspInit
                0x080036bc       0xe0 CMakeFiles/H7OS.elf.dir/HAL/FK743M2-IIT6/Src/sdmmc.c.obj
                0x080036bc                HAL_SD_MspInit
 .text.HAL_MspInit
                0x0800379c       0x34 CMakeFiles/H7OS.elf.dir/HAL/FK743M2-IIT6/Src/stm32h7xx_hal_msp.c.obj
                0x0800379c                HAL_MspInit
 .text.HAL_InitTick
                0x080037d0       0x90 CMakeFiles/H7OS.elf.dir/HAL/FK743M2-IIT6/Src/stm32h7xx_hal_timebase_tim.c.obj
                0x080037d0                HAL_InitTick
 .text.NMI_Handler
                0x08003860        0x2 CMakeFiles/H7OS.elf.dir/HAL/FK743M2-IIT6/Src/stm32h7xx_it.c.obj
                0x08003860                NMI_Handler
 .text.HardFault_Handler
                0x08003862        0x2 CMakeFiles/H7OS.elf.dir/HAL/FK743M2-IIT6/Src/stm32h7xx_it.c.obj
                0x08003862                HardFault_Handler
 .text.MemManage_Handler
                0x08003864        0x2 CMakeFiles/H7OS.elf.dir/HAL/FK743M2-IIT6/Src/stm32h7xx_it.c.obj
                0x08003864                MemManage_Handler
 .text.BusFault_Handler
                0x08003866        0x2 CMakeFiles/H7OS.elf.dir/HAL/FK743M2-IIT6/Src/stm32h7xx_it.c.obj
                0x08003866                BusFault_Handler
 .text.UsageFault_Handler
                0x08003868        0x2 CMakeFiles/H7OS.elf.dir/HAL/FK743M2-IIT6/Src/stm32h7xx_it.c.obj
                0x08003868                UsageFault_Handler
 .text.DebugMon_Handler
                0x0800386a        0x2 CMakeFiles/H7OS.elf.dir/HAL/FK743M2-IIT6/Src/stm32h7xx_it.c.obj
                0x0800386a                DebugMon_Handler
 .text.DMA1_Stream0_IRQHandler
                0x0800386c       0x10 CMakeFiles/H7OS.elf.dir/HAL/FK743M2-IIT6/Src/stm32h7xx_it.c.obj
                0x0800386c                DMA1_Stream0_IRQHandler
 .text.DMA1_Stream1_IRQHandler
                0x0800387c       0x10 CMakeFiles/H7OS.elf.dir/HAL/FK743M2-IIT6/Src/stm32h7xx_it.c.obj
                0x0800387c                DMA1_Stream1_IRQHandler
 .text.DMA1_Stream2_IRQHandler
                0x0800388c       0x10 CMakeFiles/H7OS.elf.dir/HAL/FK743M2-IIT6/Src/stm32h7xx_it.c.obj
                0x0800388c                DMA1_Stream2_IRQHandler
 .text.TIM1_UP_IRQHandler
                0x0800389c       0x10 CMakeFiles/H7OS.elf.dir/HAL/FK743M2-IIT6/Src/stm32h7xx_it.c.obj
                0x0800389c                TIM1_UP_IRQHandler
 .text.SDMMC1_IRQHandler
                0x080038ac       0x10 CMakeFiles/H7OS.elf.dir/HAL/FK743M2-IIT6/Src/stm32h7xx_it.c.obj
                0x080038ac                SDMMC1_IRQHandler
 .text.QUADSPI_IRQHandler
                0x080038bc       0x10 CMakeFiles/H7OS.elf.dir/HAL/FK743M2-IIT6/Src/stm32h7xx_it.c.obj
                0x080038bc                QUADSPI_IRQHandler
 .text.OTG_FS_IRQHandler
                0x080038cc       0x10 CMakeFiles/H7OS.elf.dir/HAL/FK743M2-IIT6/Src/stm32h7xx_it.c.obj
                0x080038cc                OTG_FS_IRQHandler
 .text.MDMA_IRQHandler
                0x080038dc       0x18 CMakeFiles/H7OS.elf.dir/HAL/FK743M2-IIT6/Src/stm32h7xx_it.c.obj
                0x080038dc                MDMA_IRQHandler
 .text.SystemInit
                0x080038f4       0xcc CMakeFiles/H7OS.elf.dir/HAL/FK743M2-IIT6/Src/system_stm32h7xx.c.obj
                0x080038f4                SystemInit
 .text.HAL_TIM_Base_MspInit
                0x080039c0       0x30 CMakeFiles/H7OS.elf.dir/HAL/FK743M2-IIT6/Src/tim.c.obj
                0x080039c0                HAL_TIM_Base_MspInit
 .text.HAL_TIM_MspPostInit
                0x080039f0       0x58 CMakeFiles/H7OS.elf.dir/HAL/FK743M2-IIT6/Src/tim.c.obj
                0x080039f0                HAL_TIM_MspPostInit
 .text.MX_TIM2_Init
                0x08003a48       0xbc CMakeFiles/H7OS.elf.dir/HAL/FK743M2-IIT6/Src/tim.c.obj
                0x08003a48                MX_TIM2_Init
 .text.__io_putchar
                0x08003b04       0x20 CMakeFiles/H7OS.elf.dir/HAL/FK743M2-IIT6/Src/usart.c.obj
                0x08003b04                __io_putchar
 .text.MX_USART1_UART_Init
                0x08003b24       0x68 CMakeFiles/H7OS.elf.dir/HAL/FK743M2-IIT6/Src/usart.c.obj
                0x08003b24                MX_USART1_UART_Init
 .text.MX_USART2_UART_Init
                0x08003b8c       0x68 CMakeFiles/H7OS.elf.dir/HAL/FK743M2-IIT6/Src/usart.c.obj
                0x08003b8c                MX_USART2_UART_Init
 .text.HAL_UART_MspInit
                0x08003bf4      0x1b0 CMakeFiles/H7OS.elf.dir/HAL/FK743M2-IIT6/Src/usart.c.obj
                0x08003bf4                HAL_UART_MspInit
 .text.Reset_Handler
                0x08003da4       0x50 CMakeFiles/H7OS.elf.dir/HAL/FK743M2-IIT6/Startup/startup_stm32h743iitx.s.obj
                0x08003da4                Reset_Handler
 .text.Default_Handler
                0x08003df4        0x2 CMakeFiles/H7OS.elf.dir/HAL/FK743M2-IIT6/Startup/startup_stm32h743iitx.s.obj
                0x08003df4                RTC_Alarm_IRQHandler
                0x08003df4                EXTI2_IRQHandler
                0x08003df4                TIM8_CC_IRQHandler
                0x08003df4                HRTIM1_Master_IRQHandler
                0x08003df4                UART8_IRQHandler
                0x08003df4                SPI4_IRQHandler
                0x08003df4                TIM1_CC_IRQHandler
                0x08003df4                BDMA_Channel6_IRQHandler
                0x08003df4                DMA2_Stream5_IRQHandler
                0x08003df4                HRTIM1_FLT_IRQHandler
                0x08003df4                JPEG_IRQHandler
                0x08003df4                DMA1_Stream5_IRQHandler
                0x08003df4                BDMA_Channel1_IRQHandler
                0x08003df4                HRTIM1_TIMD_IRQHandler
                0x08003df4                TAMP_STAMP_IRQHandler
                0x08003df4                EXTI3_IRQHandler
                0x08003df4                LPTIM4_IRQHandler
                0x08003df4                TIM8_TRG_COM_TIM14_IRQHandler
                0x08003df4                LPTIM2_IRQHandler
                0x08003df4                DFSDM1_FLT1_IRQHandler
                0x08003df4                DMAMUX2_OVR_IRQHandler
                0x08003df4                TIM8_UP_TIM13_IRQHandler
                0x08003df4                I2C3_ER_IRQHandler
                0x08003df4                DFSDM1_FLT2_IRQHandler
                0x08003df4                LPTIM3_IRQHandler
                0x08003df4                HSEM1_IRQHandler
                0x08003df4                EXTI0_IRQHandler
                0x08003df4                I2C2_EV_IRQHandler
                0x08003df4                FPU_IRQHandler
                0x08003df4                OTG_HS_WKUP_IRQHandler
                0x08003df4                FDCAN1_IT1_IRQHandler
                0x08003df4                LTDC_ER_IRQHandler
                0x08003df4                DMA2_Stream2_IRQHandler
                0x08003df4                HRTIM1_TIME_IRQHandler
                0x08003df4                SPI1_IRQHandler
                0x08003df4                TIM6_DAC_IRQHandler
                0x08003df4                DCMI_IRQHandler
                0x08003df4                HRTIM1_TIMC_IRQHandler
                0x08003df4                DMA2_Stream3_IRQHandler
                0x08003df4                SAI2_IRQHandler
                0x08003df4                DFSDM1_FLT3_IRQHandler
                0x08003df4                USART6_IRQHandler
                0x08003df4                TIM17_IRQHandler
                0x08003df4                USART3_IRQHandler
                0x08003df4                BDMA_Channel7_IRQHandler
                0x08003df4                LPTIM5_IRQHandler
                0x08003df4                UART5_IRQHandler
                0x08003df4                ADC3_IRQHandler
                0x08003df4                DMA2_Stream0_IRQHandler
                0x08003df4                TIM4_IRQHandler
                0x08003df4                BDMA_Channel2_IRQHandler
                0x08003df4                I2C1_EV_IRQHandler
                0x08003df4                DMA1_Stream6_IRQHandler
                0x08003df4                DMAMUX1_OVR_IRQHandler
                0x08003df4                TIM16_IRQHandler
                0x08003df4                UART4_IRQHandler
                0x08003df4                BDMA_Channel5_IRQHandler
                0x08003df4                TIM3_IRQHandler
                0x08003df4                RCC_IRQHandler
                0x08003df4                TIM8_BRK_TIM12_IRQHandler
                0x08003df4                TIM1_TRG_COM_IRQHandler
                0x08003df4                Default_Handler
                0x08003df4                ECC_IRQHandler
                0x08003df4                CEC_IRQHandler
                0x08003df4                EXTI15_10_IRQHandler
                0x08003df4                BDMA_Channel0_IRQHandler
                0x08003df4                ADC_IRQHandler
                0x08003df4                DMA1_Stream7_IRQHandler
                0x08003df4                HRTIM1_TIMA_IRQHandler
                0x08003df4                SPI5_IRQHandler
                0x08003df4                TIM7_IRQHandler
                0x08003df4                TIM5_IRQHandler
                0x08003df4                DMA2_Stream7_IRQHandler
                0x08003df4                TIM15_IRQHandler
                0x08003df4                PVD_AVD_IRQHandler
                0x08003df4                I2C3_EV_IRQHandler
                0x08003df4                EXTI9_5_IRQHandler
                0x08003df4                RTC_WKUP_IRQHandler
                0x08003df4                LTDC_IRQHandler
                0x08003df4                SAI3_IRQHandler
                0x08003df4                ETH_WKUP_IRQHandler
                0x08003df4                SPDIF_RX_IRQHandler
                0x08003df4                SPI2_IRQHandler
                0x08003df4                OTG_HS_EP1_IN_IRQHandler
                0x08003df4                CRS_IRQHandler
                0x08003df4                EXTI4_IRQHandler
                0x08003df4                RNG_IRQHandler
                0x08003df4                HRTIM1_TIMB_IRQHandler
                0x08003df4                FDCAN2_IT1_IRQHandler
                0x08003df4                ETH_IRQHandler
                0x08003df4                BDMA_Channel4_IRQHandler
                0x08003df4                OTG_HS_EP1_OUT_IRQHandler
                0x08003df4                WWDG_IRQHandler
                0x08003df4                SPI6_IRQHandler
                0x08003df4                MDIOS_IRQHandler
                0x08003df4                I2C4_EV_IRQHandler
                0x08003df4                FDCAN2_IT0_IRQHandler
                0x08003df4                LPUART1_IRQHandler
                0x08003df4                FDCAN1_IT0_IRQHandler
                0x08003df4                TIM2_IRQHandler
                0x08003df4                OTG_FS_WKUP_IRQHandler
                0x08003df4                OTG_HS_IRQHandler
                0x08003df4                DMA2D_IRQHandler
                0x08003df4                TIM1_BRK_IRQHandler
                0x08003df4                EXTI1_IRQHandler
                0x08003df4                SDMMC2_IRQHandler
                0x08003df4                OTG_FS_EP1_OUT_IRQHandler
                0x08003df4                BDMA_Channel3_IRQHandler
                0x08003df4                UART7_IRQHandler
                0x08003df4                MDIOS_WKUP_IRQHandler
                0x08003df4                USART2_IRQHandler
                0x08003df4                DFSDM1_FLT0_IRQHandler
                0x08003df4                SAI4_IRQHandler
                0x08003df4                I2C2_ER_IRQHandler
                0x08003df4                DMA2_Stream1_IRQHandler
                0x08003df4                FLASH_IRQHandler
                0x08003df4                DMA2_Stream4_IRQHandler
                0x08003df4                SPI3_IRQHandler
                0x08003df4                WAKEUP_PIN_IRQHandler
                0x08003df4                DMA1_Stream4_IRQHandler
                0x08003df4                OTG_FS_EP1_IN_IRQHandler
                0x08003df4                I2C1_ER_IRQHandler
                0x08003df4                FMC_IRQHandler
                0x08003df4                FDCAN_CAL_IRQHandler
                0x08003df4                SWPMI1_IRQHandler
                0x08003df4                COMP1_IRQHandler
                0x08003df4                LPTIM1_IRQHandler
                0x08003df4                I2C4_ER_IRQHandler
                0x08003df4                DMA2_Stream6_IRQHandler
                0x08003df4                SAI1_IRQHandler
                0x08003df4                DMA1_Stream3_IRQHandler
 .text.Platform_Init
                0x08003df6        0x8 CMakeFiles/H7OS.elf.dir/Platform/bsp_init.c.obj
                0x08003df6                Platform_Init
 .text.Platform_DevicesInit
                0x08003dfe        0x8 CMakeFiles/H7OS.elf.dir/Platform/platform.c.obj
                0x08003dfe                Platform_DevicesInit
 *fill*         0x08003e06        0x2 
 .text.Platform_Reset
                0x08003e08       0x24 CMakeFiles/H7OS.elf.dir/Platform/platform.c.obj
                0x08003e08                Platform_Reset
 .text.Platform_SD_GetInfo
                0x08003e2c       0x3c CMakeFiles/H7OS.elf.dir/Platform/platform.c.obj
                0x08003e2c                Platform_SD_GetInfo
 .text.Platform_SD_GetFatFS
                0x08003e68        0x8 CMakeFiles/H7OS.elf.dir/Platform/platform.c.obj
                0x08003e68                Platform_SD_GetFatFS
 .text.Platform_SD_GetPath
                0x08003e70        0x8 CMakeFiles/H7OS.elf.dir/Platform/platform.c.obj
                0x08003e70                Platform_SD_GetPath
 .text.Platform_QSPI_Init
                0x08003e78        0x8 CMakeFiles/H7OS.elf.dir/Platform/platform.c.obj
                0x08003e78                Platform_QSPI_Init
 .text.Platform_QSPI_ReadID
                0x08003e80        0x8 CMakeFiles/H7OS.elf.dir/Platform/platform.c.obj
                0x08003e80                Platform_QSPI_ReadID
 .text.Platform_QSPI_ChipErase
                0x08003e88        0x8 CMakeFiles/H7OS.elf.dir/Platform/platform.c.obj
                0x08003e88                Platform_QSPI_ChipErase
 .text.Platform_QSPI_Write
                0x08003e90        0x8 CMakeFiles/H7OS.elf.dir/Platform/platform.c.obj
                0x08003e90                Platform_QSPI_Write
 .text.Platform_QSPI_Read
                0x08003e98        0x8 CMakeFiles/H7OS.elf.dir/Platform/platform.c.obj
                0x08003e98                Platform_QSPI_Read
 .text.Platform_QSPI_GetHandle
                0x08003ea0        0x8 CMakeFiles/H7OS.elf.dir/Platform/platform.c.obj
                0x08003ea0                Platform_QSPI_GetHandle
 .text.Platform_DFU_SetFlag
                0x08003ea8        0x8 CMakeFiles/H7OS.elf.dir/Platform/platform.c.obj
                0x08003ea8                Platform_DFU_SetFlag
 .text.Platform_DFU_Request
                0x08003eb0        0xa CMakeFiles/H7OS.elf.dir/Platform/platform.c.obj
                0x08003eb0                Platform_DFU_Request
 *fill*         0x08003eba        0x2 
 .text.configureTimerForRunTimeStats
                0x08003ebc       0x28 CMakeFiles/H7OS.elf.dir/Core/Src/freertos.c.obj
                0x08003ebc                configureTimerForRunTimeStats
 .text.getRunTimeCounterValue
                0x08003ee4        0xc CMakeFiles/H7OS.elf.dir/Core/Src/freertos.c.obj
                0x08003ee4                getRunTimeCounterValue
 .text.vApplicationIdleHook
                0x08003ef0        0x2 CMakeFiles/H7OS.elf.dir/Core/Src/freertos.c.obj
                0x08003ef0                vApplicationIdleHook
 *fill*         0x08003ef2        0x2 
 .text.vApplicationGetIdleTaskMemory
                0x08003ef4       0x18 CMakeFiles/H7OS.elf.dir/Core/Src/freertos.c.obj
                0x08003ef4                vApplicationGetIdleTaskMemory
 .text.MX_FREERTOS_Init
                0x08003f0c       0x3c CMakeFiles/H7OS.elf.dir/Core/Src/freertos.c.obj
                0x08003f0c                MX_FREERTOS_Init
 .text.main     0x08003f48       0xa8 CMakeFiles/H7OS.elf.dir/Core/Src/main.c.obj
                0x08003f48                main
 .text.HAL_TIM_PeriodElapsedCallback
                0x08003ff0       0x18 CMakeFiles/H7OS.elf.dir/Core/Src/main.c.obj
                0x08003ff0                HAL_TIM_PeriodElapsedCallback
 .text.Error_Handler
                0x08004008        0x4 CMakeFiles/H7OS.elf.dir/Core/Src/main.c.obj
                0x08004008                Error_Handler
 .text._getpid  0x0800400c        0x4 CMakeFiles/H7OS.elf.dir/Core/Src/syscalls.c.obj
                0x0800400c                _getpid
 .text._kill    0x08004010       0x10 CMakeFiles/H7OS.elf.dir/Core/Src/syscalls.c.obj
                0x08004010                _kill
 .text._exit    0x08004020        0xc CMakeFiles/H7OS.elf.dir/Core/Src/syscalls.c.obj
                0x08004020                _exit
 .text._read    0x0800402c       0x20 CMakeFiles/H7OS.elf.dir/Core/Src/syscalls.c.obj
                0x0800402c                _read
 .text._write   0x0800404c       0x1c CMakeFiles/H7OS.elf.dir/Core/Src/syscalls.c.obj
                0x0800404c                _write
 .text._close   0x08004068        0x6 CMakeFiles/H7OS.elf.dir/Core/Src/syscalls.c.obj
                0x08004068                _close
 .text._fstat   0x0800406e        0xa CMakeFiles/H7OS.elf.dir/Core/Src/syscalls.c.obj
                0x0800406e                _fstat
 .text._isatty  0x08004078        0x4 CMakeFiles/H7OS.elf.dir/Core/Src/syscalls.c.obj
                0x08004078                _isatty
 .text._lseek   0x0800407c        0x4 CMakeFiles/H7OS.elf.dir/Core/Src/syscalls.c.obj
                0x0800407c                _lseek
 .text._sbrk    0x08004080       0x48 CMakeFiles/H7OS.elf.dir/Core/Src/sysmem.c.obj
                0x08004080                _sbrk
 .text.memoryCopy
                0x080040c8       0x14 CMakeFiles/H7OS.elf.dir/Drivers/Kernel/src/memctl.c.obj
                0x080040c8                memoryCopy
 .text.memoryCompare
                0x080040dc       0x28 CMakeFiles/H7OS.elf.dir/Drivers/Kernel/src/memctl.c.obj
                0x080040dc                memoryCompare
 .text.flashSDRAM
                0x08004104       0x16 CMakeFiles/H7OS.elf.dir/Drivers/Kernel/src/memctl.c.obj
                0x08004104                flashSDRAM
 *fill*         0x0800411a        0x2 
 .text.MemControl_Init
                0x0800411c       0x34 CMakeFiles/H7OS.elf.dir/Drivers/Kernel/src/memctl.c.obj
                0x0800411c                MemControl_Init
 .text.kernel_alloc
                0x08004150       0x20 CMakeFiles/H7OS.elf.dir/Drivers/Kernel/src/memctl.c.obj
                0x08004150                kernel_alloc
 .text.kernel_free
                0x08004170       0x1c CMakeFiles/H7OS.elf.dir/Drivers/Kernel/src/memctl.c.obj
                0x08004170                kernel_free
 .text.block_size
                0x0800418c        0x8 CMakeFiles/H7OS.elf.dir/Drivers/Kernel/src/tlsf.c.obj
 .text.block_set_size
                0x08004194        0xc CMakeFiles/H7OS.elf.dir/Drivers/Kernel/src/tlsf.c.obj
 .text.block_is_last
                0x080041a0        0xe CMakeFiles/H7OS.elf.dir/Drivers/Kernel/src/tlsf.c.obj
 .text.block_is_free
                0x080041ae        0x8 CMakeFiles/H7OS.elf.dir/Drivers/Kernel/src/tlsf.c.obj
 .text.block_set_free
                0x080041b6        0xa CMakeFiles/H7OS.elf.dir/Drivers/Kernel/src/tlsf.c.obj
 .text.block_set_used
                0x080041c0        0xa CMakeFiles/H7OS.elf.dir/Drivers/Kernel/src/tlsf.c.obj
 .text.block_is_prev_free
                0x080041ca        0x8 CMakeFiles/H7OS.elf.dir/Drivers/Kernel/src/tlsf.c.obj
 .text.block_set_prev_free
                0x080041d2        0xa CMakeFiles/H7OS.elf.dir/Drivers/Kernel/src/tlsf.c.obj
 .text.block_set_prev_used
                0x080041dc        0xa CMakeFiles/H7OS.elf.dir/Drivers/Kernel/src/tlsf.c.obj
 .text.block_from_ptr
                0x080041e6        0x4 CMakeFiles/H7OS.elf.dir/Drivers/Kernel/src/tlsf.c.obj
 .text.block_to_ptr
                0x080041ea        0x4 CMakeFiles/H7OS.elf.dir/Drivers/Kernel/src/tlsf.c.obj
 .text.offset_to_block
                0x080041ee        0x4 CMakeFiles/H7OS.elf.dir/Drivers/Kernel/src/tlsf.c.obj
 .text.block_prev
                0x080041f2        0x4 CMakeFiles/H7OS.elf.dir/Drivers/Kernel/src/tlsf.c.obj
 .text.block_can_split
                0x080041f6       0x14 CMakeFiles/H7OS.elf.dir/Drivers/Kernel/src/tlsf.c.obj
 .text.control_construct
                0x0800420a       0x32 CMakeFiles/H7OS.elf.dir/Drivers/Kernel/src/tlsf.c.obj
 .text.block_next
                0x0800423c       0x40 CMakeFiles/H7OS.elf.dir/Drivers/Kernel/src/tlsf.c.obj
 .text.block_link_next
                0x0800427c        0xc CMakeFiles/H7OS.elf.dir/Drivers/Kernel/src/tlsf.c.obj
 .text.block_mark_as_free
                0x08004288       0x14 CMakeFiles/H7OS.elf.dir/Drivers/Kernel/src/tlsf.c.obj
 .text.block_mark_as_used
                0x0800429c       0x14 CMakeFiles/H7OS.elf.dir/Drivers/Kernel/src/tlsf.c.obj
 .text.align_down
                0x080042b0       0x28 CMakeFiles/H7OS.elf.dir/Drivers/Kernel/src/tlsf.c.obj
 .text.align_ptr
                0x080042d8       0x2c CMakeFiles/H7OS.elf.dir/Drivers/Kernel/src/tlsf.c.obj
 .text.insert_free_block
                0x08004304       0x9c CMakeFiles/H7OS.elf.dir/Drivers/Kernel/src/tlsf.c.obj
 .text.remove_free_block
                0x080043a0       0x80 CMakeFiles/H7OS.elf.dir/Drivers/Kernel/src/tlsf.c.obj
 .text.align_up
                0x08004420       0x2c CMakeFiles/H7OS.elf.dir/Drivers/Kernel/src/tlsf.c.obj
 .text.adjust_request_size
                0x0800444c       0x1c CMakeFiles/H7OS.elf.dir/Drivers/Kernel/src/tlsf.c.obj
 .text.block_split
                0x08004468       0xa4 CMakeFiles/H7OS.elf.dir/Drivers/Kernel/src/tlsf.c.obj
 .text.block_absorb
                0x0800450c       0x40 CMakeFiles/H7OS.elf.dir/Drivers/Kernel/src/tlsf.c.obj
 .text.tlsf_fls
                0x0800454c       0x12 CMakeFiles/H7OS.elf.dir/Drivers/Kernel/src/tlsf.c.obj
 .text.mapping_insert
                0x0800455e       0x2e CMakeFiles/H7OS.elf.dir/Drivers/Kernel/src/tlsf.c.obj
 .text.block_insert
                0x0800458c       0x26 CMakeFiles/H7OS.elf.dir/Drivers/Kernel/src/tlsf.c.obj
 *fill*         0x080045b2        0x2 
 .text.block_trim_free
                0x080045b4       0x58 CMakeFiles/H7OS.elf.dir/Drivers/Kernel/src/tlsf.c.obj
 .text.block_prepare_used
                0x0800460c       0x1c CMakeFiles/H7OS.elf.dir/Drivers/Kernel/src/tlsf.c.obj
 .text.block_remove
                0x08004628       0x26 CMakeFiles/H7OS.elf.dir/Drivers/Kernel/src/tlsf.c.obj
 *fill*         0x0800464e        0x2 
 .text.block_merge_prev
                0x08004650       0x60 CMakeFiles/H7OS.elf.dir/Drivers/Kernel/src/tlsf.c.obj
 .text.block_merge_next
                0x080046b0       0x60 CMakeFiles/H7OS.elf.dir/Drivers/Kernel/src/tlsf.c.obj
 .text.mapping_search
                0x08004710       0x26 CMakeFiles/H7OS.elf.dir/Drivers/Kernel/src/tlsf.c.obj
 .text.tlsf_ffs
                0x08004736       0x12 CMakeFiles/H7OS.elf.dir/Drivers/Kernel/src/tlsf.c.obj
 .text.search_suitable_block
                0x08004748       0x74 CMakeFiles/H7OS.elf.dir/Drivers/Kernel/src/tlsf.c.obj
 .text.block_locate_free
                0x080047bc       0x60 CMakeFiles/H7OS.elf.dir/Drivers/Kernel/src/tlsf.c.obj
 .text.tlsf_size
                0x0800481c        0x6 CMakeFiles/H7OS.elf.dir/Drivers/Kernel/src/tlsf.c.obj
                0x0800481c                tlsf_size
 .text.tlsf_pool_overhead
                0x08004822        0x4 CMakeFiles/H7OS.elf.dir/Drivers/Kernel/src/tlsf.c.obj
                0x08004822                tlsf_pool_overhead
 *fill*         0x08004826        0x2 
 .text.tlsf_add_pool
                0x08004828       0x78 CMakeFiles/H7OS.elf.dir/Drivers/Kernel/src/tlsf.c.obj
                0x08004828                tlsf_add_pool
 .text.tlsf_create
                0x080048a0       0x16 CMakeFiles/H7OS.elf.dir/Drivers/Kernel/src/tlsf.c.obj
                0x080048a0                tlsf_create
 .text.tlsf_create_with_pool
                0x080048b6       0x1e CMakeFiles/H7OS.elf.dir/Drivers/Kernel/src/tlsf.c.obj
                0x080048b6                tlsf_create_with_pool
 .text.tlsf_malloc
                0x080048d4       0x22 CMakeFiles/H7OS.elf.dir/Drivers/Kernel/src/tlsf.c.obj
                0x080048d4                tlsf_malloc
 *fill*         0x080048f6        0x2 
 .text.tlsf_free
                0x080048f8       0x50 CMakeFiles/H7OS.elf.dir/Drivers/Kernel/src/tlsf.c.obj
                0x080048f8                tlsf_free
 .text.mutex_status
                0x08004948       0x24 CMakeFiles/H7OS.elf.dir/Drivers/Kernel/src/u_thread.c.obj
                0x08004948                mutex_status
 .text.mutex_lock
                0x0800496c       0x78 CMakeFiles/H7OS.elf.dir/Drivers/Kernel/src/u_thread.c.obj
                0x0800496c                mutex_lock
 .text.mutex_unlock
                0x080049e4       0x56 CMakeFiles/H7OS.elf.dir/Drivers/Kernel/src/u_thread.c.obj
                0x080049e4                mutex_unlock
 *fill*         0x08004a3a        0x2 
 .text.mutex_init
                0x08004a3c       0x3c CMakeFiles/H7OS.elf.dir/Drivers/Kernel/src/u_thread.c.obj
                0x08004a3c                mutex_init
 .text.HAL_Init
                0x08004a78       0x5c CMakeFiles/H7OS.elf.dir/HAL/FK743M2-IIT6/Drivers/STM32H7xx_HAL_Driver/Src/stm32h7xx_hal.c.obj
                0x08004a78                HAL_Init
 .text.HAL_IncTick
                0x08004ad4       0x18 CMakeFiles/H7OS.elf.dir/HAL/FK743M2-IIT6/Drivers/STM32H7xx_HAL_Driver/Src/stm32h7xx_hal.c.obj
                0x08004ad4                HAL_IncTick
 .text.HAL_GetTick
                0x08004aec        0xc CMakeFiles/H7OS.elf.dir/HAL/FK743M2-IIT6/Drivers/STM32H7xx_HAL_Driver/Src/stm32h7xx_hal.c.obj
                0x08004aec                HAL_GetTick
 .text.HAL_Delay
                0x08004af8       0x28 CMakeFiles/H7OS.elf.dir/HAL/FK743M2-IIT6/Drivers/STM32H7xx_HAL_Driver/Src/stm32h7xx_hal.c.obj
                0x08004af8                HAL_Delay
 .text.HAL_GetREVID
                0x08004b20        0xc CMakeFiles/H7OS.elf.dir/HAL/FK743M2-IIT6/Drivers/STM32H7xx_HAL_Driver/Src/stm32h7xx_hal.c.obj
                0x08004b20                HAL_GetREVID
 .text.HAL_ADC_PollForConversion
                0x08004b2c      0x12c CMakeFiles/H7OS.elf.dir/HAL/FK743M2-IIT6/Drivers/STM32H7xx_HAL_Driver/Src/stm32h7xx_hal_adc.c.obj
                0x08004b2c                HAL_ADC_PollForConversion
 .text.HAL_ADC_GetValue
                0x08004c58        0x6 CMakeFiles/H7OS.elf.dir/HAL/FK743M2-IIT6/Drivers/STM32H7xx_HAL_Driver/Src/stm32h7xx_hal_adc.c.obj
                0x08004c58                HAL_ADC_GetValue
 *fill*         0x08004c5e        0x2 
 .text.HAL_ADC_ConfigChannel
                0x08004c60      0x4ec CMakeFiles/H7OS.elf.dir/HAL/FK743M2-IIT6/Drivers/STM32H7xx_HAL_Driver/Src/stm32h7xx_hal_adc.c.obj
                0x08004c60                HAL_ADC_ConfigChannel
 .text.ADC_ConversionStop
                0x0800514c       0xfc CMakeFiles/H7OS.elf.dir/HAL/FK743M2-IIT6/Drivers/STM32H7xx_HAL_Driver/Src/stm32h7xx_hal_adc.c.obj
                0x0800514c                ADC_ConversionStop
 .text.ADC_Enable
                0x08005248       0xd4 CMakeFiles/H7OS.elf.dir/HAL/FK743M2-IIT6/Drivers/STM32H7xx_HAL_Driver/Src/stm32h7xx_hal_adc.c.obj
                0x08005248                ADC_Enable
 .text.HAL_ADC_Start
                0x0800531c      0x110 CMakeFiles/H7OS.elf.dir/HAL/FK743M2-IIT6/Drivers/STM32H7xx_HAL_Driver/Src/stm32h7xx_hal_adc.c.obj
                0x0800531c                HAL_ADC_Start
 .text.ADC_Disable
                0x0800542c       0x94 CMakeFiles/H7OS.elf.dir/HAL/FK743M2-IIT6/Drivers/STM32H7xx_HAL_Driver/Src/stm32h7xx_hal_adc.c.obj
                0x0800542c                ADC_Disable
 .text.HAL_ADC_Stop
                0x080054c0       0x44 CMakeFiles/H7OS.elf.dir/HAL/FK743M2-IIT6/Drivers/STM32H7xx_HAL_Driver/Src/stm32h7xx_hal_adc.c.obj
                0x080054c0                HAL_ADC_Stop
 .text.ADC_ConfigureBoostMode
                0x08005504      0x164 CMakeFiles/H7OS.elf.dir/HAL/FK743M2-IIT6/Drivers/STM32H7xx_HAL_Driver/Src/stm32h7xx_hal_adc.c.obj
                0x08005504                ADC_ConfigureBoostMode
 .text.HAL_ADC_Init
                0x08005668      0x264 CMakeFiles/H7OS.elf.dir/HAL/FK743M2-IIT6/Drivers/STM32H7xx_HAL_Driver/Src/stm32h7xx_hal_adc.c.obj
                0x08005668                HAL_ADC_Init
 .text.HAL_ADCEx_Calibration_Start
                0x080058cc       0xa8 CMakeFiles/H7OS.elf.dir/HAL/FK743M2-IIT6/Drivers/STM32H7xx_HAL_Driver/Src/stm32h7xx_hal_adc_ex.c.obj
                0x080058cc                HAL_ADCEx_Calibration_Start
 .text.HAL_ADCEx_MultiModeConfigChannel
                0x08005974      0x164 CMakeFiles/H7OS.elf.dir/HAL/FK743M2-IIT6/Drivers/STM32H7xx_HAL_Driver/Src/stm32h7xx_hal_adc_ex.c.obj
                0x08005974                HAL_ADCEx_MultiModeConfigChannel
 .text.HAL_NVIC_SetPriorityGrouping
                0x08005ad8       0x24 CMakeFiles/H7OS.elf.dir/HAL/FK743M2-IIT6/Drivers/STM32H7xx_HAL_Driver/Src/stm32h7xx_hal_cortex.c.obj
                0x08005ad8                HAL_NVIC_SetPriorityGrouping
 .text.HAL_NVIC_SetPriority
                0x08005afc       0x6c CMakeFiles/H7OS.elf.dir/HAL/FK743M2-IIT6/Drivers/STM32H7xx_HAL_Driver/Src/stm32h7xx_hal_cortex.c.obj
                0x08005afc                HAL_NVIC_SetPriority
 .text.HAL_NVIC_EnableIRQ
                0x08005b68       0x1c CMakeFiles/H7OS.elf.dir/HAL/FK743M2-IIT6/Drivers/STM32H7xx_HAL_Driver/Src/stm32h7xx_hal_cortex.c.obj
                0x08005b68                HAL_NVIC_EnableIRQ
 .text.HAL_NVIC_DisableIRQ
                0x08005b84       0x24 CMakeFiles/H7OS.elf.dir/HAL/FK743M2-IIT6/Drivers/STM32H7xx_HAL_Driver/Src/stm32h7xx_hal_cortex.c.obj
                0x08005b84                HAL_NVIC_DisableIRQ
 .text.HAL_MPU_Disable
                0x08005ba8       0x1c CMakeFiles/H7OS.elf.dir/HAL/FK743M2-IIT6/Drivers/STM32H7xx_HAL_Driver/Src/stm32h7xx_hal_cortex.c.obj
                0x08005ba8                HAL_MPU_Disable
 .text.HAL_MPU_Enable
                0x08005bc4       0x20 CMakeFiles/H7OS.elf.dir/HAL/FK743M2-IIT6/Drivers/STM32H7xx_HAL_Driver/Src/stm32h7xx_hal_cortex.c.obj
                0x08005bc4                HAL_MPU_Enable
 .text.HAL_MPU_ConfigRegion
                0x08005be4       0x58 CMakeFiles/H7OS.elf.dir/HAL/FK743M2-IIT6/Drivers/STM32H7xx_HAL_Driver/Src/stm32h7xx_hal_cortex.c.obj
                0x08005be4                HAL_MPU_ConfigRegion
 .text.DMA_CalcBaseAndBitshift
                0x08005c3c       0xb4 CMakeFiles/H7OS.elf.dir/HAL/FK743M2-IIT6/Drivers/STM32H7xx_HAL_Driver/Src/stm32h7xx_hal_dma.c.obj
 .text.DMA_CheckFifoParam
                0x08005cf0       0x92 CMakeFiles/H7OS.elf.dir/HAL/FK743M2-IIT6/Drivers/STM32H7xx_HAL_Driver/Src/stm32h7xx_hal_dma.c.obj
 *fill*         0x08005d82        0x2 
 .text.DMA_CalcDMAMUXChannelBaseAndMask
                0x08005d84       0xb0 CMakeFiles/H7OS.elf.dir/HAL/FK743M2-IIT6/Drivers/STM32H7xx_HAL_Driver/Src/stm32h7xx_hal_dma.c.obj
 .text.DMA_CalcDMAMUXRequestGenBaseAndMask
                0x08005e34       0x7c CMakeFiles/H7OS.elf.dir/HAL/FK743M2-IIT6/Drivers/STM32H7xx_HAL_Driver/Src/stm32h7xx_hal_dma.c.obj
 .text.HAL_DMA_Init
                0x08005eb0      0x3a4 CMakeFiles/H7OS.elf.dir/HAL/FK743M2-IIT6/Drivers/STM32H7xx_HAL_Driver/Src/stm32h7xx_hal_dma.c.obj
                0x08005eb0                HAL_DMA_Init
 .text.HAL_DMA_Abort
                0x08006254      0x340 CMakeFiles/H7OS.elf.dir/HAL/FK743M2-IIT6/Drivers/STM32H7xx_HAL_Driver/Src/stm32h7xx_hal_dma.c.obj
                0x08006254                HAL_DMA_Abort
 .text.HAL_DMA_Abort_IT
                0x08006594      0x270 CMakeFiles/H7OS.elf.dir/HAL/FK743M2-IIT6/Drivers/STM32H7xx_HAL_Driver/Src/stm32h7xx_hal_dma.c.obj
                0x08006594                HAL_DMA_Abort_IT
 .text.HAL_DMA_IRQHandler
                0x08006804      0x738 CMakeFiles/H7OS.elf.dir/HAL/FK743M2-IIT6/Drivers/STM32H7xx_HAL_Driver/Src/stm32h7xx_hal_dma.c.obj
                0x08006804                HAL_DMA_IRQHandler
 .text.HAL_DMA2D_Init
                0x08006f3c       0x84 CMakeFiles/H7OS.elf.dir/HAL/FK743M2-IIT6/Drivers/STM32H7xx_HAL_Driver/Src/stm32h7xx_hal_dma2d.c.obj
                0x08006f3c                HAL_DMA2D_Init
 .text.HAL_DMA2D_ConfigLayer
                0x08006fc0      0x104 CMakeFiles/H7OS.elf.dir/HAL/FK743M2-IIT6/Drivers/STM32H7xx_HAL_Driver/Src/stm32h7xx_hal_dma2d.c.obj
                0x08006fc0                HAL_DMA2D_ConfigLayer
 .text.HAL_GPIO_Init
                0x080070c4      0x220 CMakeFiles/H7OS.elf.dir/HAL/FK743M2-IIT6/Drivers/STM32H7xx_HAL_Driver/Src/stm32h7xx_hal_gpio.c.obj
                0x080070c4                HAL_GPIO_Init
 .text.HAL_GPIO_ReadPin
                0x080072e4        0xe CMakeFiles/H7OS.elf.dir/HAL/FK743M2-IIT6/Drivers/STM32H7xx_HAL_Driver/Src/stm32h7xx_hal_gpio.c.obj
                0x080072e4                HAL_GPIO_ReadPin
 .text.HAL_GPIO_WritePin
                0x080072f2        0xc CMakeFiles/H7OS.elf.dir/HAL/FK743M2-IIT6/Drivers/STM32H7xx_HAL_Driver/Src/stm32h7xx_hal_gpio.c.obj
                0x080072f2                HAL_GPIO_WritePin
 .text.I2C_Flush_TXDR
                0x080072fe       0x22 CMakeFiles/H7OS.elf.dir/HAL/FK743M2-IIT6/Drivers/STM32H7xx_HAL_Driver/Src/stm32h7xx_hal_i2c.c.obj
 .text.I2C_TransferConfig
                0x08007320       0x3c CMakeFiles/H7OS.elf.dir/HAL/FK743M2-IIT6/Drivers/STM32H7xx_HAL_Driver/Src/stm32h7xx_hal_i2c.c.obj
 .text.I2C_IsErrorOccurred
                0x0800735c      0x118 CMakeFiles/H7OS.elf.dir/HAL/FK743M2-IIT6/Drivers/STM32H7xx_HAL_Driver/Src/stm32h7xx_hal_i2c.c.obj
 .text.I2C_WaitOnTXISFlagUntilTimeout
                0x08007474       0x60 CMakeFiles/H7OS.elf.dir/HAL/FK743M2-IIT6/Drivers/STM32H7xx_HAL_Driver/Src/stm32h7xx_hal_i2c.c.obj
 .text.I2C_WaitOnFlagUntilTimeout
                0x080074d4       0x7c CMakeFiles/H7OS.elf.dir/HAL/FK743M2-IIT6/Drivers/STM32H7xx_HAL_Driver/Src/stm32h7xx_hal_i2c.c.obj
 .text.I2C_WaitOnSTOPFlagUntilTimeout
                0x08007550       0x5e CMakeFiles/H7OS.elf.dir/HAL/FK743M2-IIT6/Drivers/STM32H7xx_HAL_Driver/Src/stm32h7xx_hal_i2c.c.obj
 .text.I2C_WaitOnRXNEFlagUntilTimeout
                0x080075ae       0xaa CMakeFiles/H7OS.elf.dir/HAL/FK743M2-IIT6/Drivers/STM32H7xx_HAL_Driver/Src/stm32h7xx_hal_i2c.c.obj
 .text.HAL_I2C_Init
                0x08007658       0xc8 CMakeFiles/H7OS.elf.dir/HAL/FK743M2-IIT6/Drivers/STM32H7xx_HAL_Driver/Src/stm32h7xx_hal_i2c.c.obj
                0x08007658                HAL_I2C_Init
 .text.HAL_I2C_Master_Transmit
                0x08007720      0x1a4 CMakeFiles/H7OS.elf.dir/HAL/FK743M2-IIT6/Drivers/STM32H7xx_HAL_Driver/Src/stm32h7xx_hal_i2c.c.obj
                0x08007720                HAL_I2C_Master_Transmit
 .text.HAL_I2C_Master_Receive
                0x080078c4      0x17c CMakeFiles/H7OS.elf.dir/HAL/FK743M2-IIT6/Drivers/STM32H7xx_HAL_Driver/Src/stm32h7xx_hal_i2c.c.obj
                0x080078c4                HAL_I2C_Master_Receive
 .text.HAL_I2CEx_ConfigAnalogFilter
                0x08007a40       0x5c CMakeFiles/H7OS.elf.dir/HAL/FK743M2-IIT6/Drivers/STM32H7xx_HAL_Driver/Src/stm32h7xx_hal_i2c_ex.c.obj
                0x08007a40                HAL_I2CEx_ConfigAnalogFilter
 .text.HAL_I2CEx_ConfigDigitalFilter
                0x08007a9c       0x58 CMakeFiles/H7OS.elf.dir/HAL/FK743M2-IIT6/Drivers/STM32H7xx_HAL_Driver/Src/stm32h7xx_hal_i2c_ex.c.obj
                0x08007a9c                HAL_I2CEx_ConfigDigitalFilter
 .text.JPEG_Bits_To_SizeCodes
                0x08007af4       0x80 CMakeFiles/H7OS.elf.dir/HAL/FK743M2-IIT6/Drivers/STM32H7xx_HAL_Driver/Src/stm32h7xx_hal_jpeg.c.obj
 .text.JPEG_ACHuff_BitsVals_To_SizeCodes
                0x08007b74       0x6c CMakeFiles/H7OS.elf.dir/HAL/FK743M2-IIT6/Drivers/STM32H7xx_HAL_Driver/Src/stm32h7xx_hal_jpeg.c.obj
 .text.JPEG_DCHuff_BitsVals_To_SizeCodes
                0x08007be0       0x5a CMakeFiles/H7OS.elf.dir/HAL/FK743M2-IIT6/Drivers/STM32H7xx_HAL_Driver/Src/stm32h7xx_hal_jpeg.c.obj
 .text.JPEG_Set_HuffDC_Mem
                0x08007c3a       0x9a CMakeFiles/H7OS.elf.dir/HAL/FK743M2-IIT6/Drivers/STM32H7xx_HAL_Driver/Src/stm32h7xx_hal_jpeg.c.obj
 .text.JPEG_Set_HuffAC_Mem
                0x08007cd4       0xb8 CMakeFiles/H7OS.elf.dir/HAL/FK743M2-IIT6/Drivers/STM32H7xx_HAL_Driver/Src/stm32h7xx_hal_jpeg.c.obj
 .text.JPEG_Set_Huff_DHTMem
                0x08007d8c      0x26c CMakeFiles/H7OS.elf.dir/HAL/FK743M2-IIT6/Drivers/STM32H7xx_HAL_Driver/Src/stm32h7xx_hal_jpeg.c.obj
 .text.JPEG_Set_HuffEnc_Mem
                0x08007ff8       0x68 CMakeFiles/H7OS.elf.dir/HAL/FK743M2-IIT6/Drivers/STM32H7xx_HAL_Driver/Src/stm32h7xx_hal_jpeg.c.obj
 .text.HAL_JPEG_Init
                0x08008060       0xa0 CMakeFiles/H7OS.elf.dir/HAL/FK743M2-IIT6/Drivers/STM32H7xx_HAL_Driver/Src/stm32h7xx_hal_jpeg.c.obj
                0x08008060                HAL_JPEG_Init
 .text.LTDC_SetConfig
                0x08008100      0x1b8 CMakeFiles/H7OS.elf.dir/HAL/FK743M2-IIT6/Drivers/STM32H7xx_HAL_Driver/Src/stm32h7xx_hal_ltdc.c.obj
 .text.HAL_LTDC_Init
                0x080082b8       0xf4 CMakeFiles/H7OS.elf.dir/HAL/FK743M2-IIT6/Drivers/STM32H7xx_HAL_Driver/Src/stm32h7xx_hal_ltdc.c.obj
                0x080082b8                HAL_LTDC_Init
 .text.HAL_LTDC_ConfigLayer
                0x080083ac       0x68 CMakeFiles/H7OS.elf.dir/HAL/FK743M2-IIT6/Drivers/STM32H7xx_HAL_Driver/Src/stm32h7xx_hal_ltdc.c.obj
                0x080083ac                HAL_LTDC_ConfigLayer
 .text.MDMA_Init
                0x08008414       0xb8 CMakeFiles/H7OS.elf.dir/HAL/FK743M2-IIT6/Drivers/STM32H7xx_HAL_Driver/Src/stm32h7xx_hal_mdma.c.obj
 .text.HAL_MDMA_Init
                0x080084cc       0x60 CMakeFiles/H7OS.elf.dir/HAL/FK743M2-IIT6/Drivers/STM32H7xx_HAL_Driver/Src/stm32h7xx_hal_mdma.c.obj
                0x080084cc                HAL_MDMA_Init
 .text.HAL_MDMA_ConfigPostRequestMask
                0x0800852c       0x66 CMakeFiles/H7OS.elf.dir/HAL/FK743M2-IIT6/Drivers/STM32H7xx_HAL_Driver/Src/stm32h7xx_hal_mdma.c.obj
                0x0800852c                HAL_MDMA_ConfigPostRequestMask
 .text.HAL_MDMA_Abort_IT
                0x08008592       0x2c CMakeFiles/H7OS.elf.dir/HAL/FK743M2-IIT6/Drivers/STM32H7xx_HAL_Driver/Src/stm32h7xx_hal_mdma.c.obj
                0x08008592                HAL_MDMA_Abort_IT
 *fill*         0x080085be        0x2 
 .text.HAL_MDMA_IRQHandler
                0x080085c0      0x1b4 CMakeFiles/H7OS.elf.dir/HAL/FK743M2-IIT6/Drivers/STM32H7xx_HAL_Driver/Src/stm32h7xx_hal_mdma.c.obj
                0x080085c0                HAL_MDMA_IRQHandler
 .text.PCD_WriteEmptyTxFifo
                0x08008774       0xd0 CMakeFiles/H7OS.elf.dir/HAL/FK743M2-IIT6/Drivers/STM32H7xx_HAL_Driver/Src/stm32h7xx_hal_pcd.c.obj
 .text.HAL_PCD_Init
                0x08008844      0x102 CMakeFiles/H7OS.elf.dir/HAL/FK743M2-IIT6/Drivers/STM32H7xx_HAL_Driver/Src/stm32h7xx_hal_pcd.c.obj
                0x08008844                HAL_PCD_Init
 .text.HAL_PCD_Start
                0x08008946       0x44 CMakeFiles/H7OS.elf.dir/HAL/FK743M2-IIT6/Drivers/STM32H7xx_HAL_Driver/Src/stm32h7xx_hal_pcd.c.obj
                0x08008946                HAL_PCD_Start
 *fill*         0x0800898a        0x2 
 .text.PCD_EP_OutXfrComplete_int
                0x0800898c      0x104 CMakeFiles/H7OS.elf.dir/HAL/FK743M2-IIT6/Drivers/STM32H7xx_HAL_Driver/Src/stm32h7xx_hal_pcd.c.obj
 .text.PCD_EP_OutSetupPacket_int
                0x08008a90       0x50 CMakeFiles/H7OS.elf.dir/HAL/FK743M2-IIT6/Drivers/STM32H7xx_HAL_Driver/Src/stm32h7xx_hal_pcd.c.obj
 .text.HAL_PCD_SetAddress
                0x08008ae0       0x26 CMakeFiles/H7OS.elf.dir/HAL/FK743M2-IIT6/Drivers/STM32H7xx_HAL_Driver/Src/stm32h7xx_hal_pcd.c.obj
                0x08008ae0                HAL_PCD_SetAddress
 .text.HAL_PCD_EP_Open
                0x08008b06       0x88 CMakeFiles/H7OS.elf.dir/HAL/FK743M2-IIT6/Drivers/STM32H7xx_HAL_Driver/Src/stm32h7xx_hal_pcd.c.obj
                0x08008b06                HAL_PCD_EP_Open
 .text.HAL_PCD_EP_Close
                0x08008b8e       0x70 CMakeFiles/H7OS.elf.dir/HAL/FK743M2-IIT6/Drivers/STM32H7xx_HAL_Driver/Src/stm32h7xx_hal_pcd.c.obj
                0x08008b8e                HAL_PCD_EP_Close
 .text.HAL_PCD_EP_Receive
                0x08008bfe       0x4a CMakeFiles/H7OS.elf.dir/HAL/FK743M2-IIT6/Drivers/STM32H7xx_HAL_Driver/Src/stm32h7xx_hal_pcd.c.obj
                0x08008bfe                HAL_PCD_EP_Receive
 .text.HAL_PCD_EP_GetRxCount
                0x08008c48       0x12 CMakeFiles/H7OS.elf.dir/HAL/FK743M2-IIT6/Drivers/STM32H7xx_HAL_Driver/Src/stm32h7xx_hal_pcd.c.obj
                0x08008c48                HAL_PCD_EP_GetRxCount
 .text.HAL_PCD_EP_Transmit
                0x08008c5a       0x4a CMakeFiles/H7OS.elf.dir/HAL/FK743M2-IIT6/Drivers/STM32H7xx_HAL_Driver/Src/stm32h7xx_hal_pcd.c.obj
                0x08008c5a                HAL_PCD_EP_Transmit
 .text.HAL_PCD_EP_SetStall
                0x08008ca4       0x86 CMakeFiles/H7OS.elf.dir/HAL/FK743M2-IIT6/Drivers/STM32H7xx_HAL_Driver/Src/stm32h7xx_hal_pcd.c.obj
                0x08008ca4                HAL_PCD_EP_SetStall
 .text.HAL_PCD_EP_ClrStall
                0x08008d2a       0x74 CMakeFiles/H7OS.elf.dir/HAL/FK743M2-IIT6/Drivers/STM32H7xx_HAL_Driver/Src/stm32h7xx_hal_pcd.c.obj
                0x08008d2a                HAL_PCD_EP_ClrStall
 .text.HAL_PCD_EP_Abort
                0x08008d9e       0x34 CMakeFiles/H7OS.elf.dir/HAL/FK743M2-IIT6/Drivers/STM32H7xx_HAL_Driver/Src/stm32h7xx_hal_pcd.c.obj
                0x08008d9e                HAL_PCD_EP_Abort
 .text.HAL_PCD_IRQHandler
                0x08008dd2      0x5fe CMakeFiles/H7OS.elf.dir/HAL/FK743M2-IIT6/Drivers/STM32H7xx_HAL_Driver/Src/stm32h7xx_hal_pcd.c.obj
                0x08008dd2                HAL_PCD_IRQHandler
 .text.HAL_PCDEx_SetTxFiFo
                0x080093d0       0x4c CMakeFiles/H7OS.elf.dir/HAL/FK743M2-IIT6/Drivers/STM32H7xx_HAL_Driver/Src/stm32h7xx_hal_pcd_ex.c.obj
                0x080093d0                HAL_PCDEx_SetTxFiFo
 .text.HAL_PCDEx_SetRxFiFo
                0x0800941c        0x8 CMakeFiles/H7OS.elf.dir/HAL/FK743M2-IIT6/Drivers/STM32H7xx_HAL_Driver/Src/stm32h7xx_hal_pcd_ex.c.obj
                0x0800941c                HAL_PCDEx_SetRxFiFo
 .text.HAL_PCDEx_ActivateLPM
                0x08009424       0x28 CMakeFiles/H7OS.elf.dir/HAL/FK743M2-IIT6/Drivers/STM32H7xx_HAL_Driver/Src/stm32h7xx_hal_pcd_ex.c.obj
                0x08009424                HAL_PCDEx_ActivateLPM
 .text.HAL_PCDEx_LPM_Callback
                0x0800944c        0x2 CMakeFiles/H7OS.elf.dir/HAL/FK743M2-IIT6/Drivers/STM32H7xx_HAL_Driver/Src/stm32h7xx_hal_pcd_ex.c.obj
                0x0800944c                HAL_PCDEx_LPM_Callback
 *fill*         0x0800944e        0x2 
 .text.HAL_PWR_EnableBkUpAccess
                0x08009450       0x10 CMakeFiles/H7OS.elf.dir/HAL/FK743M2-IIT6/Drivers/STM32H7xx_HAL_Driver/Src/stm32h7xx_hal_pwr.c.obj
                0x08009450                HAL_PWR_EnableBkUpAccess
 .text.HAL_PWREx_ConfigSupply
                0x08009460       0x54 CMakeFiles/H7OS.elf.dir/HAL/FK743M2-IIT6/Drivers/STM32H7xx_HAL_Driver/Src/stm32h7xx_hal_pwr_ex.c.obj
                0x08009460                HAL_PWREx_ConfigSupply
 .text.HAL_PWREx_EnableUSBVoltageDetector
                0x080094b4       0x10 CMakeFiles/H7OS.elf.dir/HAL/FK743M2-IIT6/Drivers/STM32H7xx_HAL_Driver/Src/stm32h7xx_hal_pwr_ex.c.obj
                0x080094b4                HAL_PWREx_EnableUSBVoltageDetector
 .text.QSPI_Config
                0x080094c4      0x1d6 CMakeFiles/H7OS.elf.dir/HAL/FK743M2-IIT6/Drivers/STM32H7xx_HAL_Driver/Src/stm32h7xx_hal_qspi.c.obj
 .text.QSPI_WaitFlagStateUntilTimeout
                0x0800969a       0x54 CMakeFiles/H7OS.elf.dir/HAL/FK743M2-IIT6/Drivers/STM32H7xx_HAL_Driver/Src/stm32h7xx_hal_qspi.c.obj
 .text.HAL_QSPI_Command
                0x080096ee       0x9e CMakeFiles/H7OS.elf.dir/HAL/FK743M2-IIT6/Drivers/STM32H7xx_HAL_Driver/Src/stm32h7xx_hal_qspi.c.obj
                0x080096ee                HAL_QSPI_Command
 .text.HAL_QSPI_Transmit
                0x0800978c       0xd2 CMakeFiles/H7OS.elf.dir/HAL/FK743M2-IIT6/Drivers/STM32H7xx_HAL_Driver/Src/stm32h7xx_hal_qspi.c.obj
                0x0800978c                HAL_QSPI_Transmit
 .text.HAL_QSPI_Receive
                0x0800985e       0xde CMakeFiles/H7OS.elf.dir/HAL/FK743M2-IIT6/Drivers/STM32H7xx_HAL_Driver/Src/stm32h7xx_hal_qspi.c.obj
                0x0800985e                HAL_QSPI_Receive
 .text.HAL_QSPI_AutoPolling
                0x0800993c       0xb6 CMakeFiles/H7OS.elf.dir/HAL/FK743M2-IIT6/Drivers/STM32H7xx_HAL_Driver/Src/stm32h7xx_hal_qspi.c.obj
                0x0800993c                HAL_QSPI_AutoPolling
 .text.HAL_QSPI_ErrorCallback
                0x080099f2        0x2 CMakeFiles/H7OS.elf.dir/HAL/FK743M2-IIT6/Drivers/STM32H7xx_HAL_Driver/Src/stm32h7xx_hal_qspi.c.obj
                0x080099f2                HAL_QSPI_ErrorCallback
 .text.QSPI_DMAAbortCplt
                0x080099f4       0x3c CMakeFiles/H7OS.elf.dir/HAL/FK743M2-IIT6/Drivers/STM32H7xx_HAL_Driver/Src/stm32h7xx_hal_qspi.c.obj
 .text.HAL_QSPI_AbortCpltCallback
                0x08009a30        0x2 CMakeFiles/H7OS.elf.dir/HAL/FK743M2-IIT6/Drivers/STM32H7xx_HAL_Driver/Src/stm32h7xx_hal_qspi.c.obj
                0x08009a30                HAL_QSPI_AbortCpltCallback
 .text.HAL_QSPI_CmdCpltCallback
                0x08009a32        0x2 CMakeFiles/H7OS.elf.dir/HAL/FK743M2-IIT6/Drivers/STM32H7xx_HAL_Driver/Src/stm32h7xx_hal_qspi.c.obj
                0x08009a32                HAL_QSPI_CmdCpltCallback
 .text.HAL_QSPI_TxCpltCallback
                0x08009a34        0x2 CMakeFiles/H7OS.elf.dir/HAL/FK743M2-IIT6/Drivers/STM32H7xx_HAL_Driver/Src/stm32h7xx_hal_qspi.c.obj
                0x08009a34                HAL_QSPI_TxCpltCallback
 .text.HAL_QSPI_FifoThresholdCallback
                0x08009a36        0x2 CMakeFiles/H7OS.elf.dir/HAL/FK743M2-IIT6/Drivers/STM32H7xx_HAL_Driver/Src/stm32h7xx_hal_qspi.c.obj
                0x08009a36                HAL_QSPI_FifoThresholdCallback
 .text.HAL_QSPI_StatusMatchCallback
                0x08009a38        0x2 CMakeFiles/H7OS.elf.dir/HAL/FK743M2-IIT6/Drivers/STM32H7xx_HAL_Driver/Src/stm32h7xx_hal_qspi.c.obj
                0x08009a38                HAL_QSPI_StatusMatchCallback
 .text.HAL_QSPI_TimeOutCallback
                0x08009a3a        0x2 CMakeFiles/H7OS.elf.dir/HAL/FK743M2-IIT6/Drivers/STM32H7xx_HAL_Driver/Src/stm32h7xx_hal_qspi.c.obj
                0x08009a3a                HAL_QSPI_TimeOutCallback
 .text.HAL_QSPI_IRQHandler
                0x08009a3c      0x240 CMakeFiles/H7OS.elf.dir/HAL/FK743M2-IIT6/Drivers/STM32H7xx_HAL_Driver/Src/stm32h7xx_hal_qspi.c.obj
                0x08009a3c                HAL_QSPI_IRQHandler
 .text.HAL_QSPI_SetTimeout
                0x08009c7c        0x4 CMakeFiles/H7OS.elf.dir/HAL/FK743M2-IIT6/Drivers/STM32H7xx_HAL_Driver/Src/stm32h7xx_hal_qspi.c.obj
                0x08009c7c                HAL_QSPI_SetTimeout
 .text.HAL_QSPI_Init
                0x08009c80       0xa8 CMakeFiles/H7OS.elf.dir/HAL/FK743M2-IIT6/Drivers/STM32H7xx_HAL_Driver/Src/stm32h7xx_hal_qspi.c.obj
                0x08009c80                HAL_QSPI_Init
 .text.HAL_RCC_OscConfig
                0x08009d28      0x6b4 CMakeFiles/H7OS.elf.dir/HAL/FK743M2-IIT6/Drivers/STM32H7xx_HAL_Driver/Src/stm32h7xx_hal_rcc.c.obj
                0x08009d28                HAL_RCC_OscConfig
 .text.HAL_RCC_GetSysClockFreq
                0x0800a3dc      0x1f4 CMakeFiles/H7OS.elf.dir/HAL/FK743M2-IIT6/Drivers/STM32H7xx_HAL_Driver/Src/stm32h7xx_hal_rcc.c.obj
                0x0800a3dc                HAL_RCC_GetSysClockFreq
 .text.HAL_RCC_ClockConfig
                0x0800a5d0      0x294 CMakeFiles/H7OS.elf.dir/HAL/FK743M2-IIT6/Drivers/STM32H7xx_HAL_Driver/Src/stm32h7xx_hal_rcc.c.obj
                0x0800a5d0                HAL_RCC_ClockConfig
 .text.HAL_RCC_GetHCLKFreq
                0x0800a864       0x44 CMakeFiles/H7OS.elf.dir/HAL/FK743M2-IIT6/Drivers/STM32H7xx_HAL_Driver/Src/stm32h7xx_hal_rcc.c.obj
                0x0800a864                HAL_RCC_GetHCLKFreq
 .text.HAL_RCC_GetPCLK1Freq
                0x0800a8a8       0x24 CMakeFiles/H7OS.elf.dir/HAL/FK743M2-IIT6/Drivers/STM32H7xx_HAL_Driver/Src/stm32h7xx_hal_rcc.c.obj
                0x0800a8a8                HAL_RCC_GetPCLK1Freq
 .text.HAL_RCC_GetPCLK2Freq
                0x0800a8cc       0x24 CMakeFiles/H7OS.elf.dir/HAL/FK743M2-IIT6/Drivers/STM32H7xx_HAL_Driver/Src/stm32h7xx_hal_rcc.c.obj
                0x0800a8cc                HAL_RCC_GetPCLK2Freq
 .text.HAL_RCC_GetClockConfig
                0x0800a8f0       0x54 CMakeFiles/H7OS.elf.dir/HAL/FK743M2-IIT6/Drivers/STM32H7xx_HAL_Driver/Src/stm32h7xx_hal_rcc.c.obj
                0x0800a8f0                HAL_RCC_GetClockConfig
 .text.RCCEx_PLL2_Config
                0x0800a944      0x10c CMakeFiles/H7OS.elf.dir/HAL/FK743M2-IIT6/Drivers/STM32H7xx_HAL_Driver/Src/stm32h7xx_hal_rcc_ex.c.obj
 .text.RCCEx_PLL3_Config
                0x0800aa50      0x10c CMakeFiles/H7OS.elf.dir/HAL/FK743M2-IIT6/Drivers/STM32H7xx_HAL_Driver/Src/stm32h7xx_hal_rcc_ex.c.obj
 .text.HAL_RCCEx_PeriphCLKConfig
                0x0800ab5c      0xa8c CMakeFiles/H7OS.elf.dir/HAL/FK743M2-IIT6/Drivers/STM32H7xx_HAL_Driver/Src/stm32h7xx_hal_rcc_ex.c.obj
                0x0800ab5c                HAL_RCCEx_PeriphCLKConfig
 .text.HAL_RCCEx_GetD3PCLK1Freq
                0x0800b5e8       0x24 CMakeFiles/H7OS.elf.dir/HAL/FK743M2-IIT6/Drivers/STM32H7xx_HAL_Driver/Src/stm32h7xx_hal_rcc_ex.c.obj
                0x0800b5e8                HAL_RCCEx_GetD3PCLK1Freq
 .text.HAL_RCCEx_GetPLL2ClockFreq
                0x0800b60c      0x1f8 CMakeFiles/H7OS.elf.dir/HAL/FK743M2-IIT6/Drivers/STM32H7xx_HAL_Driver/Src/stm32h7xx_hal_rcc_ex.c.obj
                0x0800b60c                HAL_RCCEx_GetPLL2ClockFreq
 .text.HAL_RCCEx_GetPLL3ClockFreq
                0x0800b804      0x1f8 CMakeFiles/H7OS.elf.dir/HAL/FK743M2-IIT6/Drivers/STM32H7xx_HAL_Driver/Src/stm32h7xx_hal_rcc_ex.c.obj
                0x0800b804                HAL_RCCEx_GetPLL3ClockFreq
 .text.HAL_RCCEx_GetPLL1ClockFreq
                0x0800b9fc      0x1f8 CMakeFiles/H7OS.elf.dir/HAL/FK743M2-IIT6/Drivers/STM32H7xx_HAL_Driver/Src/stm32h7xx_hal_rcc_ex.c.obj
                0x0800b9fc                HAL_RCCEx_GetPLL1ClockFreq
 .text.HAL_RCCEx_GetPeriphCLKFreq
                0x0800bbf4      0x6d0 CMakeFiles/H7OS.elf.dir/HAL/FK743M2-IIT6/Drivers/STM32H7xx_HAL_Driver/Src/stm32h7xx_hal_rcc_ex.c.obj
                0x0800bbf4                HAL_RCCEx_GetPeriphCLKFreq
 .text.HAL_RNG_Init
                0x0800c2c4       0x80 CMakeFiles/H7OS.elf.dir/HAL/FK743M2-IIT6/Drivers/STM32H7xx_HAL_Driver/Src/stm32h7xx_hal_rng.c.obj
                0x0800c2c4                HAL_RNG_Init
 .text.HAL_RTC_WaitForSynchro
                0x0800c344       0x34 CMakeFiles/H7OS.elf.dir/HAL/FK743M2-IIT6/Drivers/STM32H7xx_HAL_Driver/Src/stm32h7xx_hal_rtc.c.obj
                0x0800c344                HAL_RTC_WaitForSynchro
 .text.RTC_EnterInitMode
                0x0800c378       0x44 CMakeFiles/H7OS.elf.dir/HAL/FK743M2-IIT6/Drivers/STM32H7xx_HAL_Driver/Src/stm32h7xx_hal_rtc.c.obj
                0x0800c378                RTC_EnterInitMode
 .text.RTC_ExitInitMode
                0x0800c3bc       0x50 CMakeFiles/H7OS.elf.dir/HAL/FK743M2-IIT6/Drivers/STM32H7xx_HAL_Driver/Src/stm32h7xx_hal_rtc.c.obj
                0x0800c3bc                RTC_ExitInitMode
 .text.HAL_RTC_Init
                0x0800c40c       0xa4 CMakeFiles/H7OS.elf.dir/HAL/FK743M2-IIT6/Drivers/STM32H7xx_HAL_Driver/Src/stm32h7xx_hal_rtc.c.obj
                0x0800c40c                HAL_RTC_Init
 .text.HAL_RTCEx_BKUPWrite
                0x0800c4b0        0xa CMakeFiles/H7OS.elf.dir/HAL/FK743M2-IIT6/Drivers/STM32H7xx_HAL_Driver/Src/stm32h7xx_hal_rtc_ex.c.obj
                0x0800c4b0                HAL_RTCEx_BKUPWrite
 .text.HAL_RTCEx_BKUPRead
                0x0800c4ba        0xa CMakeFiles/H7OS.elf.dir/HAL/FK743M2-IIT6/Drivers/STM32H7xx_HAL_Driver/Src/stm32h7xx_hal_rtc_ex.c.obj
                0x0800c4ba                HAL_RTCEx_BKUPRead
 .text.SD_PowerON
                0x0800c4c4       0xc4 CMakeFiles/H7OS.elf.dir/HAL/FK743M2-IIT6/Drivers/STM32H7xx_HAL_Driver/Src/stm32h7xx_hal_sd.c.obj
 .text.SD_Read_IT
                0x0800c588       0x3c CMakeFiles/H7OS.elf.dir/HAL/FK743M2-IIT6/Drivers/STM32H7xx_HAL_Driver/Src/stm32h7xx_hal_sd.c.obj
 .text.SD_Write_IT
                0x0800c5c4       0x4c CMakeFiles/H7OS.elf.dir/HAL/FK743M2-IIT6/Drivers/STM32H7xx_HAL_Driver/Src/stm32h7xx_hal_sd.c.obj
 .text.SD_SendSDStatus
                0x0800c610      0x108 CMakeFiles/H7OS.elf.dir/HAL/FK743M2-IIT6/Drivers/STM32H7xx_HAL_Driver/Src/stm32h7xx_hal_sd.c.obj
 .text.SD_FindSCR
                0x0800c718      0x108 CMakeFiles/H7OS.elf.dir/HAL/FK743M2-IIT6/Drivers/STM32H7xx_HAL_Driver/Src/stm32h7xx_hal_sd.c.obj
 .text.SD_WideBus_Enable
                0x0800c820       0x4e CMakeFiles/H7OS.elf.dir/HAL/FK743M2-IIT6/Drivers/STM32H7xx_HAL_Driver/Src/stm32h7xx_hal_sd.c.obj
 .text.SD_WideBus_Disable
                0x0800c86e       0x4e CMakeFiles/H7OS.elf.dir/HAL/FK743M2-IIT6/Drivers/STM32H7xx_HAL_Driver/Src/stm32h7xx_hal_sd.c.obj
 .text.SD_SendStatus
                0x0800c8bc       0x2c CMakeFiles/H7OS.elf.dir/HAL/FK743M2-IIT6/Drivers/STM32H7xx_HAL_Driver/Src/stm32h7xx_hal_sd.c.obj
 .text.HAL_SD_ReadBlocks_DMA
                0x0800c8e8       0xe0 CMakeFiles/H7OS.elf.dir/HAL/FK743M2-IIT6/Drivers/STM32H7xx_HAL_Driver/Src/stm32h7xx_hal_sd.c.obj
                0x0800c8e8                HAL_SD_ReadBlocks_DMA
 .text.HAL_SD_WriteBlocks_DMA
                0x0800c9c8       0xe0 CMakeFiles/H7OS.elf.dir/HAL/FK743M2-IIT6/Drivers/STM32H7xx_HAL_Driver/Src/stm32h7xx_hal_sd.c.obj
                0x0800c9c8                HAL_SD_WriteBlocks_DMA
 .text.HAL_SD_ErrorCallback
                0x0800caa8        0x2 CMakeFiles/H7OS.elf.dir/HAL/FK743M2-IIT6/Drivers/STM32H7xx_HAL_Driver/Src/stm32h7xx_hal_sd.c.obj
                0x0800caa8                HAL_SD_ErrorCallback
 *fill*         0x0800caaa        0x2 
 .text.HAL_SD_GetCardCSD
                0x0800caac      0x1b8 CMakeFiles/H7OS.elf.dir/HAL/FK743M2-IIT6/Drivers/STM32H7xx_HAL_Driver/Src/stm32h7xx_hal_sd.c.obj
                0x0800caac                HAL_SD_GetCardCSD
 .text.SD_InitCard
                0x0800cc64       0xfc CMakeFiles/H7OS.elf.dir/HAL/FK743M2-IIT6/Drivers/STM32H7xx_HAL_Driver/Src/stm32h7xx_hal_sd.c.obj
 .text.HAL_SD_InitCard
                0x0800cd60       0xcc CMakeFiles/H7OS.elf.dir/HAL/FK743M2-IIT6/Drivers/STM32H7xx_HAL_Driver/Src/stm32h7xx_hal_sd.c.obj
                0x0800cd60                HAL_SD_InitCard
 .text.HAL_SD_GetCardStatus
                0x0800ce2c       0xd0 CMakeFiles/H7OS.elf.dir/HAL/FK743M2-IIT6/Drivers/STM32H7xx_HAL_Driver/Src/stm32h7xx_hal_sd.c.obj
                0x0800ce2c                HAL_SD_GetCardStatus
 .text.HAL_SD_GetCardInfo
                0x0800cefc       0x24 CMakeFiles/H7OS.elf.dir/HAL/FK743M2-IIT6/Drivers/STM32H7xx_HAL_Driver/Src/stm32h7xx_hal_sd.c.obj
                0x0800cefc                HAL_SD_GetCardInfo
 .text.HAL_SD_ConfigWideBusOperation
                0x0800cf20      0x158 CMakeFiles/H7OS.elf.dir/HAL/FK743M2-IIT6/Drivers/STM32H7xx_HAL_Driver/Src/stm32h7xx_hal_sd.c.obj
                0x0800cf20                HAL_SD_ConfigWideBusOperation
 .text.HAL_SD_GetCardState
                0x0800d078       0x22 CMakeFiles/H7OS.elf.dir/HAL/FK743M2-IIT6/Drivers/STM32H7xx_HAL_Driver/Src/stm32h7xx_hal_sd.c.obj
                0x0800d078                HAL_SD_GetCardState
 .text.HAL_SD_Init
                0x0800d09a       0xba CMakeFiles/H7OS.elf.dir/HAL/FK743M2-IIT6/Drivers/STM32H7xx_HAL_Driver/Src/stm32h7xx_hal_sd.c.obj
                0x0800d09a                HAL_SD_Init
 .text.HAL_SDEx_Read_DMADoubleBuf0CpltCallback
                0x0800d154        0x2 CMakeFiles/H7OS.elf.dir/HAL/FK743M2-IIT6/Drivers/STM32H7xx_HAL_Driver/Src/stm32h7xx_hal_sd.c.obj
                0x0800d154                HAL_SDEx_Read_DMADoubleBuf0CpltCallback
 .text.HAL_SDEx_Read_DMADoubleBuf1CpltCallback
                0x0800d156        0x2 CMakeFiles/H7OS.elf.dir/HAL/FK743M2-IIT6/Drivers/STM32H7xx_HAL_Driver/Src/stm32h7xx_hal_sd.c.obj
                0x0800d156                HAL_SDEx_Read_DMADoubleBuf1CpltCallback
 .text.HAL_SDEx_Write_DMADoubleBuf0CpltCallback
                0x0800d158        0x2 CMakeFiles/H7OS.elf.dir/HAL/FK743M2-IIT6/Drivers/STM32H7xx_HAL_Driver/Src/stm32h7xx_hal_sd.c.obj
                0x0800d158                HAL_SDEx_Write_DMADoubleBuf0CpltCallback
 .text.HAL_SDEx_Write_DMADoubleBuf1CpltCallback
                0x0800d15a        0x2 CMakeFiles/H7OS.elf.dir/HAL/FK743M2-IIT6/Drivers/STM32H7xx_HAL_Driver/Src/stm32h7xx_hal_sd.c.obj
                0x0800d15a                HAL_SDEx_Write_DMADoubleBuf1CpltCallback
 .text.HAL_SD_IRQHandler
                0x0800d15c      0x22c CMakeFiles/H7OS.elf.dir/HAL/FK743M2-IIT6/Drivers/STM32H7xx_HAL_Driver/Src/stm32h7xx_hal_sd.c.obj
                0x0800d15c                HAL_SD_IRQHandler
 .text.HAL_SDRAM_Init
                0x0800d388       0x50 CMakeFiles/H7OS.elf.dir/HAL/FK743M2-IIT6/Drivers/STM32H7xx_HAL_Driver/Src/stm32h7xx_hal_sdram.c.obj
                0x0800d388                HAL_SDRAM_Init
 .text.HAL_SDRAM_SendCommand
                0x0800d3d8       0x42 CMakeFiles/H7OS.elf.dir/HAL/FK743M2-IIT6/Drivers/STM32H7xx_HAL_Driver/Src/stm32h7xx_hal_sdram.c.obj
                0x0800d3d8                HAL_SDRAM_SendCommand
 .text.HAL_SDRAM_ProgramRefreshRate
                0x0800d41a       0x32 CMakeFiles/H7OS.elf.dir/HAL/FK743M2-IIT6/Drivers/STM32H7xx_HAL_Driver/Src/stm32h7xx_hal_sdram.c.obj
                0x0800d41a                HAL_SDRAM_ProgramRefreshRate
 .text.HAL_SDRAM_GetState
                0x0800d44c        0x6 CMakeFiles/H7OS.elf.dir/HAL/FK743M2-IIT6/Drivers/STM32H7xx_HAL_Driver/Src/stm32h7xx_hal_sdram.c.obj
                0x0800d44c                HAL_SDRAM_GetState
 *fill*         0x0800d452        0x2 
 .text.TIM_OC1_SetConfig
                0x0800d454       0xa8 CMakeFiles/H7OS.elf.dir/HAL/FK743M2-IIT6/Drivers/STM32H7xx_HAL_Driver/Src/stm32h7xx_hal_tim.c.obj
 .text.TIM_OC3_SetConfig
                0x0800d4fc       0x94 CMakeFiles/H7OS.elf.dir/HAL/FK743M2-IIT6/Drivers/STM32H7xx_HAL_Driver/Src/stm32h7xx_hal_tim.c.obj
 .text.TIM_OC4_SetConfig
                0x0800d590       0x74 CMakeFiles/H7OS.elf.dir/HAL/FK743M2-IIT6/Drivers/STM32H7xx_HAL_Driver/Src/stm32h7xx_hal_tim.c.obj
 .text.TIM_OC5_SetConfig
                0x0800d604       0x74 CMakeFiles/H7OS.elf.dir/HAL/FK743M2-IIT6/Drivers/STM32H7xx_HAL_Driver/Src/stm32h7xx_hal_tim.c.obj