Archive member included to satisfy reference by file (symbol)

e:/program files (x86)/gnu arm embedded toolchain/10 2021.10/bin/../lib/gcc/arm-none-eabi/10.3.1/thumb/v7e-m+fp/hard\libgcc.a(_arm_muldf3.o)
                              CMakeFiles/H7OS.elf.dir/Drivers/Kernel/src/u_stdio.c.obj (__aeabi_dmul)
e:/program files (x86)/gnu arm embedded toolchain/10 2021.10/bin/../lib/gcc/arm-none-eabi/10.3.1/thumb/v7e-m+fp/hard\libgcc.a(_arm_addsubdf3.o)
                              CMakeFiles/H7OS.elf.dir/Drivers/Kernel/src/u_stdio.c.obj (__aeabi_dsub)
e:/program files (x86)/gnu arm embedded toolchain/10 2021.10/bin/../lib/gcc/arm-none-eabi/10.3.1/thumb/v7e-m+fp/hard\libgcc.a(_arm_muldivdf3.o)
                              CMakeFiles/H7OS.elf.dir/RAMFS/init.d/CPU/cpu.c.obj (__aeabi_ddiv)
e:/program files (x86)/gnu arm embedded toolchain/10 2021.10/bin/../lib/gcc/arm-none-eabi/10.3.1/thumb/v7e-m+fp/hard\libgcc.a(_arm_cmpdf2.o)
                              CMakeFiles/H7OS.elf.dir/Drivers/Kernel/src/u_stdio.c.obj (__aeabi_dcmplt)
e:/program files (x86)/gnu arm embedded toolchain/10 2021.10/bin/../lib/gcc/arm-none-eabi/10.3.1/thumb/v7e-m+fp/hard\libgcc.a(_arm_fixdfsi.o)
                              CMakeFiles/H7OS.elf.dir/Drivers/Kernel/src/u_stdio.c.obj (__aeabi_d2iz)
e:/program files (x86)/gnu arm embedded toolchain/10 2021.10/bin/../lib/gcc/arm-none-eabi/10.3.1/thumb/v7e-m+fp/hard\libgcc.a(_arm_truncdfsf2.o)
                              CMakeFiles/H7OS.elf.dir/RAMFS/init.d/CPU/cpu.c.obj (__aeabi_d2f)
e:/program files (x86)/gnu arm embedded toolchain/10 2021.10/bin/../lib/gcc/arm-none-eabi/10.3.1/thumb/v7e-m+fp/hard\libgcc.a(_aeabi_ldivmod.o)
                              CMakeFiles/H7OS.elf.dir/Drivers/Kernel/src/u_stdio.c.obj (__aeabi_ldivmod)
e:/program files (x86)/gnu arm embedded toolchain/10 2021.10/bin/../lib/gcc/arm-none-eabi/10.3.1/thumb/v7e-m+fp/hard\libgcc.a(_aeabi_uldivmod.o)
                              CMakeFiles/H7OS.elf.dir/Drivers/STM32H7xx_HAL_Driver/Src/stm32h7xx_hal_uart.c.obj (__aeabi_uldivmod)
e:/program files (x86)/gnu arm embedded toolchain/10 2021.10/bin/../lib/gcc/arm-none-eabi/10.3.1/thumb/v7e-m+fp/hard\libgcc.a(_fixdfdi.o)
                              CMakeFiles/H7OS.elf.dir/Drivers/Kernel/src/u_stdio.c.obj (__aeabi_d2lz)
e:/program files (x86)/gnu arm embedded toolchain/10 2021.10/bin/../lib/gcc/arm-none-eabi/10.3.1/thumb/v7e-m+fp/hard\libgcc.a(_fixunsdfdi.o)
                              e:/program files (x86)/gnu arm embedded toolchain/10 2021.10/bin/../lib/gcc/arm-none-eabi/10.3.1/thumb/v7e-m+fp/hard\libgcc.a(_fixdfdi.o) (__aeabi_d2ulz)
e:/program files (x86)/gnu arm embedded toolchain/10 2021.10/bin/../lib/gcc/arm-none-eabi/10.3.1/thumb/v7e-m+fp/hard\libgcc.a(_udivmoddi4.o)
                              e:/program files (x86)/gnu arm embedded toolchain/10 2021.10/bin/../lib/gcc/arm-none-eabi/10.3.1/thumb/v7e-m+fp/hard\libgcc.a(_aeabi_ldivmod.o) (__udivmoddi4)
e:/program files (x86)/gnu arm embedded toolchain/10 2021.10/bin/../lib/gcc/arm-none-eabi/10.3.1/thumb/v7e-m+fp/hard\libgcc.a(_dvmd_tls.o)
                              e:/program files (x86)/gnu arm embedded toolchain/10 2021.10/bin/../lib/gcc/arm-none-eabi/10.3.1/thumb/v7e-m+fp/hard\libgcc.a(_aeabi_ldivmod.o) (__aeabi_ldiv0)
e:/program files (x86)/gnu arm embedded toolchain/10 2021.10/bin/../lib/gcc/arm-none-eabi/10.3.1/thumb/v7e-m+fp/hard\libgcc.a(_arm_fixunsdfsi.o)
                              e:/program files (x86)/gnu arm embedded toolchain/10 2021.10/bin/../lib/gcc/arm-none-eabi/10.3.1/thumb/v7e-m+fp/hard\libgcc.a(_fixunsdfdi.o) (__aeabi_d2uiz)
e:/program files (x86)/gnu arm embedded toolchain/10 2021.10/bin/../lib/gcc/arm-none-eabi/10.3.1/../../../../arm-none-eabi/lib/thumb/v7e-m+fp/hard\libg.a(lib_a-assert.o)
                              CMakeFiles/H7OS.elf.dir/Drivers/Kernel/src/tlsf.c.obj (__assert_func)
e:/program files (x86)/gnu arm embedded toolchain/10 2021.10/bin/../lib/gcc/arm-none-eabi/10.3.1/../../../../arm-none-eabi/lib/thumb/v7e-m+fp/hard\libg.a(lib_a-errno.o)
                              CMakeFiles/H7OS.elf.dir/Core/Src/syscalls.c.obj (__errno)
e:/program files (x86)/gnu arm embedded toolchain/10 2021.10/bin/../lib/gcc/arm-none-eabi/10.3.1/../../../../arm-none-eabi/lib/thumb/v7e-m+fp/hard\libg.a(lib_a-exit.o)
                              e:/program files (x86)/gnu arm embedded toolchain/10 2021.10/bin/../lib/gcc/arm-none-eabi/10.3.1/../../../../arm-none-eabi/lib/thumb/v7e-m+fp/hard/crt0.o (exit)
e:/program files (x86)/gnu arm embedded toolchain/10 2021.10/bin/../lib/gcc/arm-none-eabi/10.3.1/../../../../arm-none-eabi/lib/thumb/v7e-m+fp/hard\libg.a(lib_a-fiprintf.o)
                              e:/program files (x86)/gnu arm embedded toolchain/10 2021.10/bin/../lib/gcc/arm-none-eabi/10.3.1/../../../../arm-none-eabi/lib/thumb/v7e-m+fp/hard\libg.a(lib_a-assert.o) (fiprintf)
[...]
Memory Configuration

Name             Origin             Length             Attributes
FLASH            0x08000000         0x00200000         xr
DTCMRAM          0x20000000         0x00020000         xrw
RAM_D1           0x24000000         0x00080000         xrw
RAM_D2           0x30000000         0x00048000         xrw
RAM_D3           0x38000000         0x00010000         xrw
ITCMRAM          0x00000000         0x00010000         xrw
*default*        0x00000000         0xffffffff

Linker script and memory map

LOAD e:/program files (x86)/gnu arm embedded toolchain/10 2021.10/bin/../lib/gcc/arm-none-eabi/10.3.1/thumb/v7e-m+fp/hard/crti.o
LOAD e:/program files (x86)/gnu arm embedded toolchain/10 2021.10/bin/../lib/gcc/arm-none-eabi/10.3.1/thumb/v7e-m+fp/hard/crtbegin.o
LOAD e:/program files (x86)/gnu arm embedded toolchain/10 2021.10/bin/../lib/gcc/arm-none-eabi/10.3.1/../../../../arm-none-eabi/lib/thumb/v7e-m+fp/hard/crt0.o
LOAD CMakeFiles/H7OS.elf.dir/Applications/src/test.c.obj
LOAD CMakeFiles/H7OS.elf.dir/Applications/src/xShellTask.c.obj
LOAD CMakeFiles/H7OS.elf.dir/Applications/src/xTaskInit.c.obj
LOAD CMakeFiles/H7OS.elf.dir/Applications/src/xTaskManager.c.obj
LOAD CMakeFiles/H7OS.elf.dir/Command/Register.c.obj
LOAD CMakeFiles/H7OS.elf.dir/Command/cd/cd_main.c.obj
LOAD CMakeFiles/H7OS.elf.dir/Command/echo/echo_main.c.obj
LOAD CMakeFiles/H7OS.elf.dir/Command/help/help_main.c.obj
LOAD CMakeFiles/H7OS.elf.dir/Command/info/info_main.c.obj
LOAD CMakeFiles/H7OS.elf.dir/Command/ls/ls_main.c.obj
LOAD CMakeFiles/H7OS.elf.dir/Command/tree/tree_main.c.obj
LOAD CMakeFiles/H7OS.elf.dir/Core/Src/adc.c.obj
LOAD CMakeFiles/H7OS.elf.dir/Core/Src/dma.c.obj
LOAD CMakeFiles/H7OS.elf.dir/Core/Src/dma2d.c.obj
LOAD CMakeFiles/H7OS.elf.dir/Core/Src/fmc.c.obj
LOAD CMakeFiles/H7OS.elf.dir/Core/Src/freertos.c.obj
LOAD CMakeFiles/H7OS.elf.dir/Core/Src/gpio.c.obj
LOAD CMakeFiles/H7OS.elf.dir/Core/Src/jpeg.c.obj
LOAD CMakeFiles/H7OS.elf.dir/Core/Src/main.c.obj
LOAD CMakeFiles/H7OS.elf.dir/Core/Src/mdma.c.obj
LOAD CMakeFiles/H7OS.elf.dir/Core/Src/quadspi.c.obj
LOAD CMakeFiles/H7OS.elf.dir/Core/Src/rng.c.obj
LOAD CMakeFiles/H7OS.elf.dir/Core/Src/rtc.c.obj
LOAD CMakeFiles/H7OS.elf.dir/Core/Src/sdmmc.c.obj
LOAD CMakeFiles/H7OS.elf.dir/Core/Src/stm32h7xx_hal_msp.c.obj
LOAD CMakeFiles/H7OS.elf.dir/Core/Src/stm32h7xx_hal_timebase_tim.c.obj
LOAD CMakeFiles/H7OS.elf.dir/Core/Src/stm32h7xx_it.c.obj
LOAD CMakeFiles/H7OS.elf.dir/Core/Src/syscalls.c.obj
LOAD CMakeFiles/H7OS.elf.dir/Core/Src/sysmem.c.obj
LOAD CMakeFiles/H7OS.elf.dir/Core/Src/system_stm32h7xx.c.obj
LOAD CMakeFiles/H7OS.elf.dir/Core/Src/usart.c.obj
LOAD CMakeFiles/H7OS.elf.dir/Core/Startup/startup_stm32h743iitx.s.obj
LOAD CMakeFiles/H7OS.elf.dir/Drivers/Kernel/src/memctl.c.obj
LOAD CMakeFiles/H7OS.elf.dir/Drivers/Kernel/src/timer.c.obj
LOAD CMakeFiles/H7OS.elf.dir/Drivers/Kernel/src/tlsf.c.obj
LOAD CMakeFiles/H7OS.elf.dir/Drivers/Kernel/src/u_stdio.c.obj
LOAD CMakeFiles/H7OS.elf.dir/Drivers/Kernel/src/u_thread.c.obj
LOAD CMakeFiles/H7OS.elf.dir/Drivers/STM32H7xx_HAL_Driver/Src/stm32h7xx_hal.c.obj
LOAD CMakeFiles/H7OS.elf.dir/Drivers/STM32H7xx_HAL_Driver/Src/stm32h7xx_hal_adc.c.obj
LOAD CMakeFiles/H7OS.elf.dir/Drivers/STM32H7xx_HAL_Driver/Src/stm32h7xx_hal_adc_ex.c.obj
LOAD CMakeFiles/H7OS.elf.dir/Drivers/STM32H7xx_HAL_Driver/Src/stm32h7xx_hal_cortex.c.obj
LOAD CMakeFiles/H7OS.elf.dir/Drivers/STM32H7xx_HAL_Driver/Src/stm32h7xx_hal_dma.c.obj
LOAD CMakeFiles/H7OS.elf.dir/Drivers/STM32H7xx_HAL_Driver/Src/stm32h7xx_hal_dma2d.c.obj
LOAD CMakeFiles/H7OS.elf.dir/Drivers/STM32H7xx_HAL_Driver/Src/stm32h7xx_hal_dma_ex.c.obj
LOAD CMakeFiles/H7OS.elf.dir/Drivers/STM32H7xx_HAL_Driver/Src/stm32h7xx_hal_exti.c.obj
LOAD CMakeFiles/H7OS.elf.dir/Drivers/STM32H7xx_HAL_Driver/Src/stm32h7xx_hal_flash.c.obj
LOAD CMakeFiles/H7OS.elf.dir/Drivers/STM32H7xx_HAL_Driver/Src/stm32h7xx_hal_flash_ex.c.obj
LOAD CMakeFiles/H7OS.elf.dir/Drivers/STM32H7xx_HAL_Driver/Src/stm32h7xx_hal_gpio.c.obj
LOAD CMakeFiles/H7OS.elf.dir/Drivers/STM32H7xx_HAL_Driver/Src/stm32h7xx_hal_hsem.c.obj
LOAD CMakeFiles/H7OS.elf.dir/Drivers/STM32H7xx_HAL_Driver/Src/stm32h7xx_hal_i2c.c.obj
LOAD CMakeFiles/H7OS.elf.dir/Drivers/STM32H7xx_HAL_Driver/Src/stm32h7xx_hal_i2c_ex.c.obj
LOAD CMakeFiles/H7OS.elf.dir/Drivers/STM32H7xx_HAL_Driver/Src/stm32h7xx_hal_jpeg.c.obj
LOAD CMakeFiles/H7OS.elf.dir/Drivers/STM32H7xx_HAL_Driver/Src/stm32h7xx_hal_mdma.c.obj
LOAD CMakeFiles/H7OS.elf.dir/Drivers/STM32H7xx_HAL_Driver/Src/stm32h7xx_hal_pwr.c.obj
LOAD CMakeFiles/H7OS.elf.dir/Drivers/STM32H7xx_HAL_Driver/Src/stm32h7xx_hal_pwr_ex.c.obj
LOAD CMakeFiles/H7OS.elf.dir/Drivers/STM32H7xx_HAL_Driver/Src/stm32h7xx_hal_qspi.c.obj
LOAD CMakeFiles/H7OS.elf.dir/Drivers/STM32H7xx_HAL_Driver/Src/stm32h7xx_hal_rcc.c.obj
LOAD CMakeFiles/H7OS.elf.dir/Drivers/STM32H7xx_HAL_Driver/Src/stm32h7xx_hal_rcc_ex.c.obj
LOAD CMakeFiles/H7OS.elf.dir/Drivers/STM32H7xx_HAL_Driver/Src/stm32h7xx_hal_rng.c.obj
LOAD CMakeFiles/H7OS.elf.dir/Drivers/STM32H7xx_HAL_Driver/Src/stm32h7xx_hal_rng_ex.c.obj
LOAD CMakeFiles/H7OS.elf.dir/Drivers/STM32H7xx_HAL_Driver/Src/stm32h7xx_hal_rtc.c.obj
LOAD CMakeFiles/H7OS.elf.dir/Drivers/STM32H7xx_HAL_Driver/Src/stm32h7xx_hal_rtc_ex.c.obj
LOAD CMakeFiles/H7OS.elf.dir/Drivers/STM32H7xx_HAL_Driver/Src/stm32h7xx_hal_sd.c.obj
LOAD CMakeFiles/H7OS.elf.dir/Drivers/STM32H7xx_HAL_Driver/Src/stm32h7xx_hal_sd_ex.c.obj
LOAD CMakeFiles/H7OS.elf.dir/Drivers/STM32H7xx_HAL_Driver/Src/stm32h7xx_hal_sdram.c.obj
LOAD CMakeFiles/H7OS.elf.dir/Drivers/STM32H7xx_HAL_Driver/Src/stm32h7xx_hal_tim.c.obj
LOAD CMakeFiles/H7OS.elf.dir/Drivers/STM32H7xx_HAL_Driver/Src/stm32h7xx_hal_tim_ex.c.obj
LOAD CMakeFiles/H7OS.elf.dir/Drivers/STM32H7xx_HAL_Driver/Src/stm32h7xx_hal_uart.c.obj
LOAD CMakeFiles/H7OS.elf.dir/Drivers/STM32H7xx_HAL_Driver/Src/stm32h7xx_hal_uart_ex.c.obj
LOAD CMakeFiles/H7OS.elf.dir/Drivers/STM32H7xx_HAL_Driver/Src/stm32h7xx_ll_delayblock.c.obj
LOAD CMakeFiles/H7OS.elf.dir/Drivers/STM32H7xx_HAL_Driver/Src/stm32h7xx_ll_fmc.c.obj
LOAD CMakeFiles/H7OS.elf.dir/Drivers/STM32H7xx_HAL_Driver/Src/stm32h7xx_ll_sdmmc.c.obj
LOAD CMakeFiles/H7OS.elf.dir/FATFS/App/fatfs.c.obj
LOAD CMakeFiles/H7OS.elf.dir/FATFS/Target/bsp_driver_sd.c.obj
LOAD CMakeFiles/H7OS.elf.dir/FATFS/Target/fatfs_platform.c.obj
LOAD CMakeFiles/H7OS.elf.dir/FATFS/Target/sd_diskio.c.obj
LOAD CMakeFiles/H7OS.elf.dir/Middlewares/Third_Party/FatFs/src/diskio.c.obj
LOAD CMakeFiles/H7OS.elf.dir/Middlewares/Third_Party/FatFs/src/ff.c.obj
LOAD CMakeFiles/H7OS.elf.dir/Middlewares/Third_Party/FatFs/src/ff_gen_drv.c.obj
LOAD CMakeFiles/H7OS.elf.dir/Middlewares/Third_Party/FatFs/src/option/syscall.c.obj
LOAD CMakeFiles/H7OS.elf.dir/Middlewares/Third_Party/FreeRTOS/Source/CMSIS_RTOS/cmsis_os.c.obj
LOAD CMakeFiles/H7OS.elf.dir/Middlewares/Third_Party/FreeRTOS/Source/croutine.c.obj
LOAD CMakeFiles/H7OS.elf.dir/Middlewares/Third_Party/FreeRTOS/Source/event_groups.c.obj
LOAD CMakeFiles/H7OS.elf.dir/Middlewares/Third_Party/FreeRTOS/Source/list.c.obj
LOAD CMakeFiles/H7OS.elf.dir/Middlewares/Third_Party/FreeRTOS/Source/portable/GCC/ARM_CM4F/port.c.obj
LOAD CMakeFiles/H7OS.elf.dir/Middlewares/Third_Party/FreeRTOS/Source/portable/MemMang/heap_4.c.obj
LOAD CMakeFiles/H7OS.elf.dir/Middlewares/Third_Party/FreeRTOS/Source/queue.c.obj
LOAD CMakeFiles/H7OS.elf.dir/Middlewares/Third_Party/FreeRTOS/Source/stream_buffer.c.obj
LOAD CMakeFiles/H7OS.elf.dir/Middlewares/Third_Party/FreeRTOS/Source/tasks.c.obj
LOAD CMakeFiles/H7OS.elf.dir/Middlewares/Third_Party/FreeRTOS/Source/timers.c.obj
LOAD CMakeFiles/H7OS.elf.dir/RAMFS/init.d/CPU/cpu.c.obj
LOAD CMakeFiles/H7OS.elf.dir/RAMFS/init.d/DrT/DrT.c.obj
LOAD CMakeFiles/H7OS.elf.dir/Utilities/JPEG/jpeg_utils.c.obj
START GROUP
LOAD e:/program files (x86)/gnu arm embedded toolchain/10 2021.10/bin/../lib/gcc/arm-none-eabi/10.3.1/thumb/v7e-m+fp/hard\libgcc.a
LOAD e:/program files (x86)/gnu arm embedded toolchain/10 2021.10/bin/../lib/gcc/arm-none-eabi/10.3.1/../../../../arm-none-eabi/lib/thumb/v7e-m+fp/hard\libg.a
LOAD e:/program files (x86)/gnu arm embedded toolchain/10 2021.10/bin/../lib/gcc/arm-none-eabi/10.3.1/../../../../arm-none-eabi/lib/thumb/v7e-m+fp/hard\libc.a
END GROUP
LOAD e:/program files (x86)/gnu arm embedded toolchain/10 2021.10/bin/../lib/gcc/arm-none-eabi/10.3.1/thumb/v7e-m+fp/hard/crtend.o
LOAD e:/program files (x86)/gnu arm embedded toolchain/10 2021.10/bin/../lib/gcc/arm-none-eabi/10.3.1/thumb/v7e-m+fp/hard/crtn.o
                0x24080000                _estack = (ORIGIN (RAM_D1) + LENGTH (RAM_D1))
                0x00001000                _Min_Heap_Size = 0x1000
                0x00002000                _Min_Stack_Size = 0x2000

.isr_vector     0x08000000      0x298
                0x08000000                . = ALIGN (0x4)
 *(.isr_vector)
 .isr_vector    0x08000000      0x298 CMakeFiles/H7OS.elf.dir/Core/Startup/startup_stm32h743iitx.s.obj
                0x08000000                g_pfnVectors
                0x08000298                . = ALIGN (0x4)

.text           0x080002a0    0x11628
                0x080002a0                . = ALIGN (0x4)
 *(.text)
 .text          0x080002a0       0x40 e:/program files (x86)/gnu arm embedded toolchain/10 2021.10/bin/../lib/gcc/arm-none-eabi/10.3.1/thumb/v7e-m+fp/hard/crtbegin.o
 .text          0x080002e0      0x378 e:/program files (x86)/gnu arm embedded toolchain/10 2021.10/bin/../lib/gcc/arm-none-eabi/10.3.1/thumb/v7e-m+fp/hard\libgcc.a(_arm_addsubdf3.o)
                0x080002e0                __aeabi_drsub
                0x080002e8                __aeabi_dsub
                0x080002e8                __subdf3
                0x080002ec                __aeabi_dadd
                0x080002ec                __adddf3
                0x08000564                __floatunsidf
                0x08000564                __aeabi_ui2d
                0x08000584                __floatsidf
                0x08000584                __aeabi_i2d
                0x080005a8                __aeabi_f2d
                0x080005a8                __extendsfdf2
                0x080005ec                __floatundidf
                0x080005ec                __aeabi_ul2d
                0x080005fc                __floatdidf
                0x080005fc                __aeabi_l2d
 .text          0x08000658      0x424 e:/program files (x86)/gnu arm embedded toolchain/10 2021.10/bin/../lib/gcc/arm-none-eabi/10.3.1/thumb/v7e-m+fp/hard\libgcc.a(_arm_muldivdf3.o)
                0x08000658                __aeabi_dmul
                0x08000658                __muldf3
                0x080008ac                __divdf3
                0x080008ac                __aeabi_ddiv
 .text          0x08000a7c      0x110 e:/program files (x86)/gnu arm embedded toolchain/10 2021.10/bin/../lib/gcc/arm-none-eabi/10.3.1/thumb/v7e-m+fp/hard\libgcc.a(_arm_cmpdf2.o)
                0x08000a7c                __gtdf2
                0x08000a7c                __gedf2
                0x08000a84                __ltdf2
                0x08000a84                __ledf2
                0x08000a8c                __nedf2
                0x08000a8c                __eqdf2
                0x08000a8c                __cmpdf2
                0x08000b08                __aeabi_cdrcmple
                0x08000b18                __aeabi_cdcmpeq
                0x08000b18                __aeabi_cdcmple
                0x08000b28                __aeabi_dcmpeq
                0x08000b3c                __aeabi_dcmplt
                0x08000b50                __aeabi_dcmple
                0x08000b64                __aeabi_dcmpge
                0x08000b78                __aeabi_dcmpgt
 .text          0x08000b8c       0x50 e:/program files (x86)/gnu arm embedded toolchain/10 2021.10/bin/../lib/gcc/arm-none-eabi/10.3.1/thumb/v7e-m+fp/hard\libgcc.a(_arm_fixdfsi.o)
                0x08000b8c                __aeabi_d2iz
                0x08000b8c                __fixdfsi
 .text          0x08000bdc       0xa0 e:/program files (x86)/gnu arm embedded toolchain/10 2021.10/bin/../lib/gcc/arm-none-eabi/10.3.1/thumb/v7e-m+fp/hard\libgcc.a(_aeabi_ldivmod.o)
                0x08000bdc                __aeabi_ldivmod
 .text          0x08000c7c       0x30 e:/program files (x86)/gnu arm embedded toolchain/10 2021.10/bin/../lib/gcc/arm-none-eabi/10.3.1/thumb/v7e-m+fp/hard\libgcc.a(_aeabi_uldivmod.o)
                0x08000c7c                __aeabi_uldivmod
 .text          0x08000cac       0x30 e:/program files (x86)/gnu arm embedded toolchain/10 2021.10/bin/../lib/gcc/arm-none-eabi/10.3.1/thumb/v7e-m+fp/hard\libgcc.a(_fixdfdi.o)
                0x08000cac                __fixdfdi
                0x08000cac                __aeabi_d2lz
 .text          0x08000cdc       0x3c e:/program files (x86)/gnu arm embedded toolchain/10 2021.10/bin/../lib/gcc/arm-none-eabi/10.3.1/thumb/v7e-m+fp/hard\libgcc.a(_fixunsdfdi.o)
                0x08000cdc                __fixunsdfdi
                0x08000cdc                __aeabi_d2ulz
 .text          0x08000d18      0x2d0 e:/program files (x86)/gnu arm embedded toolchain/10 2021.10/bin/../lib/gcc/arm-none-eabi/10.3.1/thumb/v7e-m+fp/hard\libgcc.a(_udivmoddi4.o)
                0x08000d18                __udivmoddi4
 .text          0x08000fe8        0x4 e:/program files (x86)/gnu arm embedded toolchain/10 2021.10/bin/../lib/gcc/arm-none-eabi/10.3.1/thumb/v7e-m+fp/hard\libgcc.a(_dvmd_tls.o)
                0x08000fe8                __aeabi_idiv0
                0x08000fe8                __aeabi_ldiv0
 .text          0x08000fec       0x40 e:/program files (x86)/gnu arm embedded toolchain/10 2021.10/bin/../lib/gcc/arm-none-eabi/10.3.1/thumb/v7e-m+fp/hard\libgcc.a(_arm_fixunsdfsi.o)
                0x08000fec                __aeabi_d2uiz
                0x08000fec                __fixunsdfsi
 .text          0x0800102c      0x134 e:/program files (x86)/gnu arm embedded toolchain/10 2021.10/bin/../lib/gcc/arm-none-eabi/10.3.1/../../../../arm-none-eabi/lib/thumb/v7e-m+fp/hard\libg.a(lib_a-memcpy.o)
                0x0800102c                memcpy
 .text          0x08001160       0xa0 e:/program files (x86)/gnu arm embedded toolchain/10 2021.10/bin/../lib/gcc/arm-none-eabi/10.3.1/../../../../arm-none-eabi/lib/thumb/v7e-m+fp/hard\libg.a(lib_a-memchr.o)
                0x08001160                memchr
 *(.text*)
 .text.ShellTask
                0x08001200       0x14 CMakeFiles/H7OS.elf.dir/Applications/src/xShellTask.c.obj
                0x08001200                ShellTask
 .text.taskGlobalInit
                0x08001214       0x7c CMakeFiles/H7OS.elf.dir/Applications/src/xTaskInit.c.obj
                0x08001214                taskGlobalInit
 .text.QueueInit
                0x08001290       0x68 CMakeFiles/H7OS.elf.dir/Applications/src/xTaskInit.c.obj
                0x08001290                QueueInit
 .text.RAMFS_TASK_Create
                0x080012f8       0x4c CMakeFiles/H7OS.elf.dir/Applications/src/xTaskManager.c.obj
                0x080012f8                RAMFS_TASK_Create
 .text.TaskManager
                0x08001344       0x70 CMakeFiles/H7OS.elf.dir/Applications/src/xTaskManager.c.obj
                0x08001344                TaskManager
 .text.ThreadInit
                0x080013b4       0x84 CMakeFiles/H7OS.elf.dir/Applications/src/xTaskManager.c.obj
                0x080013b4                ThreadInit
 .text.register_main
                0x08001438       0x90 CMakeFiles/H7OS.elf.dir/Command/Register.c.obj
                0x08001438                register_main
 .text.cd_main  0x080014c8       0x38 CMakeFiles/H7OS.elf.dir/Command/cd/cd_main.c.obj
                0x080014c8                cd_main
 .text.echo_main
                0x08001500       0x44 CMakeFiles/H7OS.elf.dir/Command/echo/echo_main.c.obj
                0x08001500                echo_main
 .text.help_main
                0x08001544       0x28 CMakeFiles/H7OS.elf.dir/Command/help/help_main.c.obj
                0x08001544                help_main
 .text.info_main
                0x0800156c      0x148 CMakeFiles/H7OS.elf.dir/Command/info/info_main.c.obj
                0x0800156c                info_main
 .text.ls_main  0x080016b4       0x40 CMakeFiles/H7OS.elf.dir/Command/ls/ls_main.c.obj
                0x080016b4                ls_main
 .text.MX_ADC3_Init
                0x080016f4       0x88 CMakeFiles/H7OS.elf.dir/Core/Src/adc.c.obj
                0x080016f4                MX_ADC3_Init
 .text.HAL_ADC_MspInit
                0x0800177c       0x74 CMakeFiles/H7OS.elf.dir/Core/Src/adc.c.obj
                0x0800177c                HAL_ADC_MspInit
 .text.MX_DMA_Init
                0x080017f0       0x38 CMakeFiles/H7OS.elf.dir/Core/Src/dma.c.obj
                0x080017f0                MX_DMA_Init
 .text.MX_DMA2D_Init
                0x08001828       0x48 CMakeFiles/H7OS.elf.dir/Core/Src/dma2d.c.obj
                0x08001828                MX_DMA2D_Init
 .text.HAL_DMA2D_MspInit
                0x08001870       0x34 CMakeFiles/H7OS.elf.dir/Core/Src/dma2d.c.obj
                0x08001870                HAL_DMA2D_MspInit
 .text.HAL_FMC_MspInit
                0x080018a4       0xf0 CMakeFiles/H7OS.elf.dir/Core/Src/fmc.c.obj
 .text.SDRAM_Initialization_Sequence
                0x08001994       0x8a CMakeFiles/H7OS.elf.dir/Core/Src/fmc.c.obj
                0x08001994                SDRAM_Initialization_Sequence
 *fill*         0x08001a1e        0x2 
 .text.MX_FMC_Init
                0x08001a20       0x80 CMakeFiles/H7OS.elf.dir/Core/Src/fmc.c.obj
                0x08001a20                MX_FMC_Init
 .text.HAL_SDRAM_MspInit
                0x08001aa0        0x8 CMakeFiles/H7OS.elf.dir/Core/Src/fmc.c.obj
                0x08001aa0                HAL_SDRAM_MspInit
 .text.configureTimerForRunTimeStats
                0x08001aa8        0x2 CMakeFiles/H7OS.elf.dir/Core/Src/freertos.c.obj
                0x08001aa8                configureTimerForRunTimeStats
 .text.getRunTimeCounterValue
                0x08001aaa        0x4 CMakeFiles/H7OS.elf.dir/Core/Src/freertos.c.obj
                0x08001aaa                getRunTimeCounterValue
 .text.vApplicationIdleHook
                0x08001aae        0x2 CMakeFiles/H7OS.elf.dir/Core/Src/freertos.c.obj
                0x08001aae                vApplicationIdleHook
 .text.vApplicationGetIdleTaskMemory
                0x08001ab0       0x18 CMakeFiles/H7OS.elf.dir/Core/Src/freertos.c.obj
                0x08001ab0                vApplicationGetIdleTaskMemory
 .text.MX_FREERTOS_Init
                0x08001ac8       0x10 CMakeFiles/H7OS.elf.dir/Core/Src/freertos.c.obj
                0x08001ac8                MX_FREERTOS_Init
 .text.MX_GPIO_Init
                0x08001ad8      0x110 CMakeFiles/H7OS.elf.dir/Core/Src/gpio.c.obj
                0x08001ad8                MX_GPIO_Init
 .text.MX_JPEG_Init
                0x08001be8       0x20 CMakeFiles/H7OS.elf.dir/Core/Src/jpeg.c.obj
                0x08001be8                MX_JPEG_Init
 .text.HAL_JPEG_MspInit
                0x08001c08       0x34 CMakeFiles/H7OS.elf.dir/Core/Src/jpeg.c.obj
                0x08001c08                HAL_JPEG_MspInit
 .text.MPU_Config
                0x08001c3c       0x70 CMakeFiles/H7OS.elf.dir/Core/Src/main.c.obj
 .text.HAL_TIM_PeriodElapsedCallback
                0x08001cac       0x18 CMakeFiles/H7OS.elf.dir/Core/Src/main.c.obj
                0x08001cac                HAL_TIM_PeriodElapsedCallback
 .text.Error_Handler
                0x08001cc4        0x4 CMakeFiles/H7OS.elf.dir/Core/Src/main.c.obj
                0x08001cc4                Error_Handler
 .text.SystemClock_Config
                0x08001cc8      0x12c CMakeFiles/H7OS.elf.dir/Core/Src/main.c.obj
                0x08001cc8                SystemClock_Config
 .text.main     0x08001df4       0xe0 CMakeFiles/H7OS.elf.dir/Core/Src/main.c.obj
                0x08001df4                main
 .text.MX_MDMA_Init
                0x08001ed4       0x90 CMakeFiles/H7OS.elf.dir/Core/Src/mdma.c.obj
                0x08001ed4                MX_MDMA_Init
 .text.MX_QUADSPI_Init
                0x08001f64       0x38 CMakeFiles/H7OS.elf.dir/Core/Src/quadspi.c.obj
                0x08001f64                MX_QUADSPI_Init
 .text.HAL_QSPI_MspInit
                0x08001f9c      0x190 CMakeFiles/H7OS.elf.dir/Core/Src/quadspi.c.obj
                0x08001f9c                HAL_QSPI_MspInit
 .text.QSPI_W25Qxx_AutoPollingMemReady
                0x0800212c       0x58 CMakeFiles/H7OS.elf.dir/Core/Src/quadspi.c.obj
                0x0800212c                QSPI_W25Qxx_AutoPollingMemReady
 .text.QSPI_W25Qxx_ReadID
                0x08002184       0x74 CMakeFiles/H7OS.elf.dir/Core/Src/quadspi.c.obj
                0x08002184                QSPI_W25Qxx_ReadID
 .text.QSPI_W25Qxx_WriteEnable
                0x080021f8       0x78 CMakeFiles/H7OS.elf.dir/Core/Src/quadspi.c.obj
                0x080021f8                QSPI_W25Qxx_WriteEnable
 .text.QSPI_W25Qxx_BlockErase_32K
                0x08002270       0x60 CMakeFiles/H7OS.elf.dir/Core/Src/quadspi.c.obj
                0x08002270                QSPI_W25Qxx_BlockErase_32K
 .text.HAL_QSPI_RxCpltCallback
                0x080022d0        0xc CMakeFiles/H7OS.elf.dir/Core/Src/quadspi.c.obj
                0x080022d0                HAL_QSPI_RxCpltCallback
 .text.MX_RNG_Init
                0x080022dc       0x24 CMakeFiles/H7OS.elf.dir/Core/Src/rng.c.obj
                0x080022dc                MX_RNG_Init
 .text.HAL_RNG_MspInit
                0x08002300       0x58 CMakeFiles/H7OS.elf.dir/Core/Src/rng.c.obj
                0x08002300                HAL_RNG_MspInit
 .text.MX_RTC_Init
                0x08002358       0x34 CMakeFiles/H7OS.elf.dir/Core/Src/rtc.c.obj
                0x08002358                MX_RTC_Init
 .text.HAL_RTC_MspInit
                0x0800238c       0x50 CMakeFiles/H7OS.elf.dir/Core/Src/rtc.c.obj
                0x0800238c                HAL_RTC_MspInit
 .text.MX_SDMMC1_SD_Init
                0x080023dc       0x24 CMakeFiles/H7OS.elf.dir/Core/Src/sdmmc.c.obj
                0x080023dc                MX_SDMMC1_SD_Init
 .text.HAL_SD_MspInit
                0x08002400       0xe0 CMakeFiles/H7OS.elf.dir/Core/Src/sdmmc.c.obj
                0x08002400                HAL_SD_MspInit
 .text.HAL_MspInit
                0x080024e0       0x34 CMakeFiles/H7OS.elf.dir/Core/Src/stm32h7xx_hal_msp.c.obj
                0x080024e0                HAL_MspInit
 .text.HAL_InitTick
                0x08002514       0x90 CMakeFiles/H7OS.elf.dir/Core/Src/stm32h7xx_hal_timebase_tim.c.obj
                0x08002514                HAL_InitTick
 .text.NMI_Handler
                0x080025a4        0x2 CMakeFiles/H7OS.elf.dir/Core/Src/stm32h7xx_it.c.obj
                0x080025a4                NMI_Handler
 .text.HardFault_Handler
                0x080025a6        0x2 CMakeFiles/H7OS.elf.dir/Core/Src/stm32h7xx_it.c.obj
                0x080025a6                HardFault_Handler
 .text.MemManage_Handler
                0x080025a8        0x2 CMakeFiles/H7OS.elf.dir/Core/Src/stm32h7xx_it.c.obj
                0x080025a8                MemManage_Handler
 .text.BusFault_Handler
                0x080025aa        0x2 CMakeFiles/H7OS.elf.dir/Core/Src/stm32h7xx_it.c.obj
                0x080025aa                BusFault_Handler
 .text.UsageFault_Handler
                0x080025ac        0x2 CMakeFiles/H7OS.elf.dir/Core/Src/stm32h7xx_it.c.obj
                0x080025ac                UsageFault_Handler
 .text.DebugMon_Handler
                0x080025ae        0x2 CMakeFiles/H7OS.elf.dir/Core/Src/stm32h7xx_it.c.obj
                0x080025ae                DebugMon_Handler
 .text.DMA1_Stream0_IRQHandler
                0x080025b0       0x10 CMakeFiles/H7OS.elf.dir/Core/Src/stm32h7xx_it.c.obj
                0x080025b0                DMA1_Stream0_IRQHandler
 .text.TIM1_UP_IRQHandler
                0x080025c0       0x10 CMakeFiles/H7OS.elf.dir/Core/Src/stm32h7xx_it.c.obj
                0x080025c0                TIM1_UP_IRQHandler
 .text.SDMMC1_IRQHandler
                0x080025d0       0x10 CMakeFiles/H7OS.elf.dir/Core/Src/stm32h7xx_it.c.obj
                0x080025d0                SDMMC1_IRQHandler
 .text.QUADSPI_IRQHandler
                0x080025e0       0x10 CMakeFiles/H7OS.elf.dir/Core/Src/stm32h7xx_it.c.obj
                0x080025e0                QUADSPI_IRQHandler
 .text.MDMA_IRQHandler
                0x080025f0       0x18 CMakeFiles/H7OS.elf.dir/Core/Src/stm32h7xx_it.c.obj
                0x080025f0                MDMA_IRQHandler
 .text._getpid  0x08002608        0x4 CMakeFiles/H7OS.elf.dir/Core/Src/syscalls.c.obj
                0x08002608                _getpid
 .text._kill    0x0800260c       0x10 CMakeFiles/H7OS.elf.dir/Core/Src/syscalls.c.obj
                0x0800260c                _kill
 .text._exit    0x0800261c        0xc CMakeFiles/H7OS.elf.dir/Core/Src/syscalls.c.obj
                0x0800261c                _exit
 .text._read    0x08002628       0x20 CMakeFiles/H7OS.elf.dir/Core/Src/syscalls.c.obj
                0x08002628                _read
 .text._write   0x08002648       0x1c CMakeFiles/H7OS.elf.dir/Core/Src/syscalls.c.obj
                0x08002648                _write
 .text._close   0x08002664        0x6 CMakeFiles/H7OS.elf.dir/Core/Src/syscalls.c.obj
                0x08002664                _close
 .text._fstat   0x0800266a        0xa CMakeFiles/H7OS.elf.dir/Core/Src/syscalls.c.obj
                0x0800266a                _fstat
 .text._isatty  0x08002674        0x4 CMakeFiles/H7OS.elf.dir/Core/Src/syscalls.c.obj
                0x08002674                _isatty
 .text._lseek   0x08002678        0x4 CMakeFiles/H7OS.elf.dir/Core/Src/syscalls.c.obj
                0x08002678                _lseek
 .text._sbrk    0x0800267c       0x48 CMakeFiles/H7OS.elf.dir/Core/Src/sysmem.c.obj
                0x0800267c                _sbrk
 .text.SystemInit
                0x080026c4       0xcc CMakeFiles/H7OS.elf.dir/Core/Src/system_stm32h7xx.c.obj
                0x080026c4                SystemInit
 .text.MX_USART1_UART_Init
                0x08002790       0x68 CMakeFiles/H7OS.elf.dir/Core/Src/usart.c.obj
                0x08002790                MX_USART1_UART_Init
 .text.HAL_UART_MspInit
                0x080027f8       0xd4 CMakeFiles/H7OS.elf.dir/Core/Src/usart.c.obj
                0x080027f8                HAL_UART_MspInit
 .text.Reset_Handler
                0x080028cc       0x50 CMakeFiles/H7OS.elf.dir/Core/Startup/startup_stm32h743iitx.s.obj
                0x080028cc                Reset_Handler
 .text.Default_Handler
                0x0800291c        0x2 CMakeFiles/H7OS.elf.dir/Core/Startup/startup_stm32h743iitx.s.obj
                0x0800291c                RTC_Alarm_IRQHandler
                0x0800291c                EXTI2_IRQHandler
                0x0800291c                TIM8_CC_IRQHandler
                0x0800291c                HRTIM1_Master_IRQHandler
                0x0800291c                UART8_IRQHandler
                0x0800291c                SPI4_IRQHandler
                0x0800291c                TIM1_CC_IRQHandler
                0x0800291c                BDMA_Channel6_IRQHandler
                0x0800291c                DMA2_Stream5_IRQHandler
                0x0800291c                HRTIM1_FLT_IRQHandler
                0x0800291c                JPEG_IRQHandler
                0x0800291c                DMA1_Stream5_IRQHandler
                0x0800291c                BDMA_Channel1_IRQHandler
                0x0800291c                HRTIM1_TIMD_IRQHandler
                0x0800291c                TAMP_STAMP_IRQHandler
                0x0800291c                EXTI3_IRQHandler
                0x0800291c                LPTIM4_IRQHandler
                0x0800291c                TIM8_TRG_COM_TIM14_IRQHandler
                0x0800291c                LPTIM2_IRQHandler
                0x0800291c                DFSDM1_FLT1_IRQHandler
                0x0800291c                DMAMUX2_OVR_IRQHandler
                0x0800291c                TIM8_UP_TIM13_IRQHandler
                0x0800291c                I2C3_ER_IRQHandler
                0x0800291c                DFSDM1_FLT2_IRQHandler
                0x0800291c                LPTIM3_IRQHandler
                0x0800291c                HSEM1_IRQHandler
                0x0800291c                EXTI0_IRQHandler
                0x0800291c                I2C2_EV_IRQHandler
                0x0800291c                DMA1_Stream2_IRQHandler
                0x0800291c                FPU_IRQHandler
                0x0800291c                OTG_HS_WKUP_IRQHandler
                0x0800291c                FDCAN1_IT1_IRQHandler
                0x0800291c                LTDC_ER_IRQHandler
                0x0800291c                DMA2_Stream2_IRQHandler
                0x0800291c                HRTIM1_TIME_IRQHandler
                0x0800291c                SPI1_IRQHandler
                0x0800291c                TIM6_DAC_IRQHandler
                0x0800291c                DCMI_IRQHandler
                0x0800291c                HRTIM1_TIMC_IRQHandler
                0x0800291c                DMA2_Stream3_IRQHandler
                0x0800291c                SAI2_IRQHandler
                0x0800291c                DFSDM1_FLT3_IRQHandler
                0x0800291c                USART6_IRQHandler
                0x0800291c                TIM17_IRQHandler
                0x0800291c                USART3_IRQHandler
                0x0800291c                BDMA_Channel7_IRQHandler
                0x0800291c                LPTIM5_IRQHandler
                0x0800291c                UART5_IRQHandler
                0x0800291c                ADC3_IRQHandler
                0x0800291c                DMA2_Stream0_IRQHandler
                0x0800291c                TIM4_IRQHandler
                0x0800291c                BDMA_Channel2_IRQHandler
                0x0800291c                I2C1_EV_IRQHandler
                0x0800291c                DMA1_Stream6_IRQHandler
                0x0800291c                DMAMUX1_OVR_IRQHandler
                0x0800291c                DMA1_Stream1_IRQHandler
                0x0800291c                TIM16_IRQHandler
                0x0800291c                UART4_IRQHandler
                0x0800291c                BDMA_Channel5_IRQHandler
                0x0800291c                TIM3_IRQHandler
                0x0800291c                RCC_IRQHandler
                0x0800291c                TIM8_BRK_TIM12_IRQHandler
                0x0800291c                TIM1_TRG_COM_IRQHandler
                0x0800291c                Default_Handler
                0x0800291c                ECC_IRQHandler
                0x0800291c                CEC_IRQHandler
                0x0800291c                EXTI15_10_IRQHandler
                0x0800291c                BDMA_Channel0_IRQHandler
                0x0800291c                ADC_IRQHandler
                0x0800291c                DMA1_Stream7_IRQHandler
                0x0800291c                HRTIM1_TIMA_IRQHandler
                0x0800291c                SPI5_IRQHandler
                0x0800291c                TIM7_IRQHandler
                0x0800291c                TIM5_IRQHandler
                0x0800291c                DMA2_Stream7_IRQHandler
                0x0800291c                TIM15_IRQHandler
                0x0800291c                PVD_AVD_IRQHandler
                0x0800291c                I2C3_EV_IRQHandler
                0x0800291c                EXTI9_5_IRQHandler
                0x0800291c                RTC_WKUP_IRQHandler
                0x0800291c                LTDC_IRQHandler
                0x0800291c                SAI3_IRQHandler
                0x0800291c                ETH_WKUP_IRQHandler
                0x0800291c                SPDIF_RX_IRQHandler
                0x0800291c                SPI2_IRQHandler
                0x0800291c                OTG_HS_EP1_IN_IRQHandler
                0x0800291c                CRS_IRQHandler
                0x0800291c                EXTI4_IRQHandler
                0x0800291c                RNG_IRQHandler
                0x0800291c                HRTIM1_TIMB_IRQHandler
                0x0800291c                FDCAN2_IT1_IRQHandler
                0x0800291c                ETH_IRQHandler
                0x0800291c                BDMA_Channel4_IRQHandler
                0x0800291c                OTG_HS_EP1_OUT_IRQHandler
                0x0800291c                WWDG_IRQHandler
                0x0800291c                SPI6_IRQHandler
                0x0800291c                MDIOS_IRQHandler
                0x0800291c                I2C4_EV_IRQHandler
                0x0800291c                FDCAN2_IT0_IRQHandler
                0x0800291c                LPUART1_IRQHandler
                0x0800291c                FDCAN1_IT0_IRQHandler
                0x0800291c                TIM2_IRQHandler
                0x0800291c                OTG_FS_WKUP_IRQHandler
                0x0800291c                OTG_HS_IRQHandler
                0x0800291c                DMA2D_IRQHandler
                0x0800291c                TIM1_BRK_IRQHandler
                0x0800291c                EXTI1_IRQHandler
                0x0800291c                SDMMC2_IRQHandler
                0x0800291c                OTG_FS_EP1_OUT_IRQHandler
                0x0800291c                BDMA_Channel3_IRQHandler
                0x0800291c                UART7_IRQHandler
                0x0800291c                MDIOS_WKUP_IRQHandler
                0x0800291c                USART2_IRQHandler
                0x0800291c                DFSDM1_FLT0_IRQHandler
                0x0800291c                SAI4_IRQHandler
                0x0800291c                I2C2_ER_IRQHandler
                0x0800291c                DMA2_Stream1_IRQHandler
                0x0800291c                FLASH_IRQHandler
                0x0800291c                DMA2_Stream4_IRQHandler
                0x0800291c                USART1_IRQHandler
                0x0800291c                OTG_FS_IRQHandler
                0x0800291c                SPI3_IRQHandler
                0x0800291c                WAKEUP_PIN_IRQHandler
                0x0800291c                DMA1_Stream4_IRQHandler
                0x0800291c                OTG_FS_EP1_IN_IRQHandler
                0x0800291c                I2C1_ER_IRQHandler
                0x0800291c                FMC_IRQHandler
                0x0800291c                FDCAN_CAL_IRQHandler
                0x0800291c                SWPMI1_IRQHandler
                0x0800291c                COMP1_IRQHandler
                0x0800291c                LPTIM1_IRQHandler
                0x0800291c                I2C4_ER_IRQHandler
                0x0800291c                DMA2_Stream6_IRQHandler
                0x0800291c                SAI1_IRQHandler
                0x0800291c                DMA1_Stream3_IRQHandler
 .text.memoryCopy
                0x0800291e       0x14 CMakeFiles/H7OS.elf.dir/Drivers/Kernel/src/memctl.c.obj
                0x0800291e                memoryCopy
 .text.memorySet
                0x08002932        0xe CMakeFiles/H7OS.elf.dir/Drivers/Kernel/src/memctl.c.obj
                0x08002932                memorySet
 .text.flashSDRAM
                0x08002940       0x16 CMakeFiles/H7OS.elf.dir/Drivers/Kernel/src/memctl.c.obj
                0x08002940                flashSDRAM
 *fill*         0x08002956        0x2 
 .text.MemControl_Init
                0x08002958       0x34 CMakeFiles/H7OS.elf.dir/Drivers/Kernel/src/memctl.c.obj
                0x08002958                MemControl_Init
 .text.kernel_alloc
                0x0800298c       0x14 CMakeFiles/H7OS.elf.dir/Drivers/Kernel/src/memctl.c.obj
                0x0800298c                kernel_alloc
 .text.block_size
                0x080029a0        0x8 CMakeFiles/H7OS.elf.dir/Drivers/Kernel/src/tlsf.c.obj
 .text.block_set_size
                0x080029a8        0xc CMakeFiles/H7OS.elf.dir/Drivers/Kernel/src/tlsf.c.obj
 .text.block_is_last
                0x080029b4        0xe CMakeFiles/H7OS.elf.dir/Drivers/Kernel/src/tlsf.c.obj
 .text.block_is_free
                0x080029c2        0x8 CMakeFiles/H7OS.elf.dir/Drivers/Kernel/src/tlsf.c.obj
 .text.block_set_free
                0x080029ca        0xa CMakeFiles/H7OS.elf.dir/Drivers/Kernel/src/tlsf.c.obj
 .text.block_set_used
                0x080029d4        0xa CMakeFiles/H7OS.elf.dir/Drivers/Kernel/src/tlsf.c.obj
 .text.block_set_prev_free
                0x080029de        0xa CMakeFiles/H7OS.elf.dir/Drivers/Kernel/src/tlsf.c.obj
 .text.block_set_prev_used
                0x080029e8        0xa CMakeFiles/H7OS.elf.dir/Drivers/Kernel/src/tlsf.c.obj
 .text.block_to_ptr
                0x080029f2        0x4 CMakeFiles/H7OS.elf.dir/Drivers/Kernel/src/tlsf.c.obj
 .text.offset_to_block
                0x080029f6        0x4 CMakeFiles/H7OS.elf.dir/Drivers/Kernel/src/tlsf.c.obj
 .text.block_can_split
                0x080029fa       0x14 CMakeFiles/H7OS.elf.dir/Drivers/Kernel/src/tlsf.c.obj
 .text.control_construct
                0x08002a0e       0x32 CMakeFiles/H7OS.elf.dir/Drivers/Kernel/src/tlsf.c.obj
 .text.block_next
                0x08002a40       0x40 CMakeFiles/H7OS.elf.dir/Drivers/Kernel/src/tlsf.c.obj
 .text.block_link_next
                0x08002a80        0xc CMakeFiles/H7OS.elf.dir/Drivers/Kernel/src/tlsf.c.obj
 .text.block_mark_as_free
                0x08002a8c       0x14 CMakeFiles/H7OS.elf.dir/Drivers/Kernel/src/tlsf.c.obj
 .text.block_mark_as_used
                0x08002aa0       0x14 CMakeFiles/H7OS.elf.dir/Drivers/Kernel/src/tlsf.c.obj
 .text.align_down
                0x08002ab4       0x28 CMakeFiles/H7OS.elf.dir/Drivers/Kernel/src/tlsf.c.obj
 .text.align_ptr
                0x08002adc       0x2c CMakeFiles/H7OS.elf.dir/Drivers/Kernel/src/tlsf.c.obj
 .text.insert_free_block
                0x08002b08       0x9c CMakeFiles/H7OS.elf.dir/Drivers/Kernel/src/tlsf.c.obj
 .text.remove_free_block
                0x08002ba4       0x80 CMakeFiles/H7OS.elf.dir/Drivers/Kernel/src/tlsf.c.obj
 .text.align_up
                0x08002c24       0x2c CMakeFiles/H7OS.elf.dir/Drivers/Kernel/src/tlsf.c.obj
 .text.adjust_request_size
                0x08002c50       0x1c CMakeFiles/H7OS.elf.dir/Drivers/Kernel/src/tlsf.c.obj
 .text.block_split
                0x08002c6c       0xa4 CMakeFiles/H7OS.elf.dir/Drivers/Kernel/src/tlsf.c.obj
 .text.tlsf_fls
                0x08002d10       0x12 CMakeFiles/H7OS.elf.dir/Drivers/Kernel/src/tlsf.c.obj
 .text.mapping_insert
                0x08002d22       0x2e CMakeFiles/H7OS.elf.dir/Drivers/Kernel/src/tlsf.c.obj
 .text.block_insert
                0x08002d50       0x26 CMakeFiles/H7OS.elf.dir/Drivers/Kernel/src/tlsf.c.obj
 *fill*         0x08002d76        0x2 
 .text.block_trim_free
                0x08002d78       0x58 CMakeFiles/H7OS.elf.dir/Drivers/Kernel/src/tlsf.c.obj
 .text.block_prepare_used
                0x08002dd0       0x1c CMakeFiles/H7OS.elf.dir/Drivers/Kernel/src/tlsf.c.obj
 .text.mapping_search
                0x08002dec       0x26 CMakeFiles/H7OS.elf.dir/Drivers/Kernel/src/tlsf.c.obj
 .text.tlsf_ffs
                0x08002e12       0x12 CMakeFiles/H7OS.elf.dir/Drivers/Kernel/src/tlsf.c.obj
 .text.search_suitable_block
                0x08002e24       0x74 CMakeFiles/H7OS.elf.dir/Drivers/Kernel/src/tlsf.c.obj
 .text.block_locate_free
                0x08002e98       0x60 CMakeFiles/H7OS.elf.dir/Drivers/Kernel/src/tlsf.c.obj
 .text.tlsf_size
                0x08002ef8        0x6 CMakeFiles/H7OS.elf.dir/Drivers/Kernel/src/tlsf.c.obj
                0x08002ef8                tlsf_size
 .text.tlsf_pool_overhead
                0x08002efe        0x4 CMakeFiles/H7OS.elf.dir/Drivers/Kernel/src/tlsf.c.obj
                0x08002efe                tlsf_pool_overhead
 *fill*         0x08002f02        0x2 
 .text.tlsf_add_pool
                0x08002f04       0x78 CMakeFiles/H7OS.elf.dir/Drivers/Kernel/src/tlsf.c.obj
                0x08002f04                tlsf_add_pool
 .text.tlsf_create
                0x08002f7c       0x16 CMakeFiles/H7OS.elf.dir/Drivers/Kernel/src/tlsf.c.obj
                0x08002f7c                tlsf_create
 .text.tlsf_create_with_pool
                0x08002f92       0x1e CMakeFiles/H7OS.elf.dir/Drivers/Kernel/src/tlsf.c.obj
                0x08002f92                tlsf_create_with_pool
 .text.tlsf_malloc
                0x08002fb0       0x22 CMakeFiles/H7OS.elf.dir/Drivers/Kernel/src/tlsf.c.obj
                0x08002fb0                tlsf_malloc
 *fill*         0x08002fd2        0x2 
 .text.put_char
                0x08002fd4       0x24 CMakeFiles/H7OS.elf.dir/Drivers/Kernel/src/u_stdio.c.obj
                0x08002fd4                put_char
 .text.put_s    0x08002ff8       0x14 CMakeFiles/H7OS.elf.dir/Drivers/Kernel/src/u_stdio.c.obj
                0x08002ff8                put_s
 .text.put_num  0x0800300c       0x64 CMakeFiles/H7OS.elf.dir/Drivers/Kernel/src/u_stdio.c.obj
                0x0800300c                put_num
 .text.put_double
                0x08003070      0x178 CMakeFiles/H7OS.elf.dir/Drivers/Kernel/src/u_stdio.c.obj
                0x08003070                put_double
 .text.put_address_num
                0x080031e8       0x4c CMakeFiles/H7OS.elf.dir/Drivers/Kernel/src/u_stdio.c.obj
                0x080031e8                put_address_num
 .text.put_address
                0x08003234       0x1c CMakeFiles/H7OS.elf.dir/Drivers/Kernel/src/u_stdio.c.obj
                0x08003234                put_address
 .text.put_huge_num
                0x08003250       0x4c CMakeFiles/H7OS.elf.dir/Drivers/Kernel/src/u_stdio.c.obj
                0x08003250                put_huge_num
 .text.v_printf
                0x0800329c       0xea CMakeFiles/H7OS.elf.dir/Drivers/Kernel/src/u_stdio.c.obj
 .text.u_print  0x08003386       0x18 CMakeFiles/H7OS.elf.dir/Drivers/Kernel/src/u_stdio.c.obj
                0x08003386                u_print
 .text.strlen   0x0800339e       0x12 CMakeFiles/H7OS.elf.dir/Drivers/Kernel/src/u_stdio.c.obj
                0x0800339e                strlen
 .text.strtok   0x080033b0       0x3c CMakeFiles/H7OS.elf.dir/Drivers/Kernel/src/u_stdio.c.obj
                0x080033b0                strtok
 .text.strcopy  0x080033ec       0x12 CMakeFiles/H7OS.elf.dir/Drivers/Kernel/src/u_stdio.c.obj
                0x080033ec                strcopy
 .text.strconcat
                0x080033fe       0x1c CMakeFiles/H7OS.elf.dir/Drivers/Kernel/src/u_stdio.c.obj
                0x080033fe                strconcat
 .text.strcmp   0x0800341a       0x28 CMakeFiles/H7OS.elf.dir/Drivers/Kernel/src/u_stdio.c.obj
                0x0800341a                strcmp
 .text.mutex_status
                0x08003442       0x24 CMakeFiles/H7OS.elf.dir/Drivers/Kernel/src/u_thread.c.obj
                0x08003442                mutex_status
 .text.mutex_lock
                0x08003466       0x78 CMakeFiles/H7OS.elf.dir/Drivers/Kernel/src/u_thread.c.obj
                0x08003466                mutex_lock
 .text.mutex_unlock
                0x080034de       0x56 CMakeFiles/H7OS.elf.dir/Drivers/Kernel/src/u_thread.c.obj
                0x080034de                mutex_unlock
 .text.mutex_init
                0x08003534       0x3c CMakeFiles/H7OS.elf.dir/Drivers/Kernel/src/u_thread.c.obj
                0x08003534                mutex_init
 .text.HAL_Init
                0x08003570       0x5c CMakeFiles/H7OS.elf.dir/Drivers/STM32H7xx_HAL_Driver/Src/stm32h7xx_hal.c.obj
                0x08003570                HAL_Init
 .text.HAL_IncTick
                0x080035cc       0x18 CMakeFiles/H7OS.elf.dir/Drivers/STM32H7xx_HAL_Driver/Src/stm32h7xx_hal.c.obj
                0x080035cc                HAL_IncTick
 .text.HAL_GetTick
                0x080035e4        0xc CMakeFiles/H7OS.elf.dir/Drivers/STM32H7xx_HAL_Driver/Src/stm32h7xx_hal.c.obj
                0x080035e4                HAL_GetTick
 .text.HAL_Delay
                0x080035f0       0x28 CMakeFiles/H7OS.elf.dir/Drivers/STM32H7xx_HAL_Driver/Src/stm32h7xx_hal.c.obj
                0x080035f0                HAL_Delay
 .text.HAL_GetREVID
                0x08003618        0xc CMakeFiles/H7OS.elf.dir/Drivers/STM32H7xx_HAL_Driver/Src/stm32h7xx_hal.c.obj
                0x08003618                HAL_GetREVID
 .text.HAL_ADC_ConfigChannel
                0x08003624      0x4ec CMakeFiles/H7OS.elf.dir/Drivers/STM32H7xx_HAL_Driver/Src/stm32h7xx_hal_adc.c.obj
                0x08003624                HAL_ADC_ConfigChannel
 .text.ADC_Enable
                0x08003b10       0xd4 CMakeFiles/H7OS.elf.dir/Drivers/STM32H7xx_HAL_Driver/Src/stm32h7xx_hal_adc.c.obj
                0x08003b10                ADC_Enable
 .text.HAL_ADC_Start
                0x08003be4      0x110 CMakeFiles/H7OS.elf.dir/Drivers/STM32H7xx_HAL_Driver/Src/stm32h7xx_hal_adc.c.obj
                0x08003be4                HAL_ADC_Start
 .text.ADC_Disable
                0x08003cf4       0x94 CMakeFiles/H7OS.elf.dir/Drivers/STM32H7xx_HAL_Driver/Src/stm32h7xx_hal_adc.c.obj
                0x08003cf4                ADC_Disable
 .text.ADC_ConfigureBoostMode
                0x08003d88      0x164 CMakeFiles/H7OS.elf.dir/Drivers/STM32H7xx_HAL_Driver/Src/stm32h7xx_hal_adc.c.obj
                0x08003d88                ADC_ConfigureBoostMode
 .text.HAL_ADC_Init
                0x08003eec      0x264 CMakeFiles/H7OS.elf.dir/Drivers/STM32H7xx_HAL_Driver/Src/stm32h7xx_hal_adc.c.obj
                0x08003eec                HAL_ADC_Init
 .text.HAL_ADCEx_Calibration_Start
                0x08004150       0xa8 CMakeFiles/H7OS.elf.dir/Drivers/STM32H7xx_HAL_Driver/Src/stm32h7xx_hal_adc_ex.c.obj
                0x08004150                HAL_ADCEx_Calibration_Start
 .text.HAL_NVIC_SetPriorityGrouping
                0x080041f8       0x24 CMakeFiles/H7OS.elf.dir/Drivers/STM32H7xx_HAL_Driver/Src/stm32h7xx_hal_cortex.c.obj
                0x080041f8                HAL_NVIC_SetPriorityGrouping
 .text.HAL_NVIC_SetPriority
                0x0800421c       0x6c CMakeFiles/H7OS.elf.dir/Drivers/STM32H7xx_HAL_Driver/Src/stm32h7xx_hal_cortex.c.obj
                0x0800421c                HAL_NVIC_SetPriority
 .text.HAL_NVIC_EnableIRQ
                0x08004288       0x1c CMakeFiles/H7OS.elf.dir/Drivers/STM32H7xx_HAL_Driver/Src/stm32h7xx_hal_cortex.c.obj
                0x08004288                HAL_NVIC_EnableIRQ
 .text.HAL_MPU_Disable
                0x080042a4       0x1c CMakeFiles/H7OS.elf.dir/Drivers/STM32H7xx_HAL_Driver/Src/stm32h7xx_hal_cortex.c.obj
                0x080042a4                HAL_MPU_Disable
 .text.HAL_MPU_Enable
                0x080042c0       0x20 CMakeFiles/H7OS.elf.dir/Drivers/STM32H7xx_HAL_Driver/Src/stm32h7xx_hal_cortex.c.obj
                0x080042c0                HAL_MPU_Enable
 .text.HAL_MPU_ConfigRegion
                0x080042e0       0x58 CMakeFiles/H7OS.elf.dir/Drivers/STM32H7xx_HAL_Driver/Src/stm32h7xx_hal_cortex.c.obj
                0x080042e0                HAL_MPU_ConfigRegion
 .text.DMA_CalcBaseAndBitshift
                0x08004338       0xb4 CMakeFiles/H7OS.elf.dir/Drivers/STM32H7xx_HAL_Driver/Src/stm32h7xx_hal_dma.c.obj
 .text.DMA_CheckFifoParam
                0x080043ec       0x92 CMakeFiles/H7OS.elf.dir/Drivers/STM32H7xx_HAL_Driver/Src/stm32h7xx_hal_dma.c.obj
 *fill*         0x0800447e        0x2 
 .text.DMA_CalcDMAMUXChannelBaseAndMask
                0x08004480       0xb0 CMakeFiles/H7OS.elf.dir/Drivers/STM32H7xx_HAL_Driver/Src/stm32h7xx_hal_dma.c.obj
 .text.DMA_CalcDMAMUXRequestGenBaseAndMask
                0x08004530       0x7c CMakeFiles/H7OS.elf.dir/Drivers/STM32H7xx_HAL_Driver/Src/stm32h7xx_hal_dma.c.obj
 .text.HAL_DMA_Init
                0x080045ac      0x3a4 CMakeFiles/H7OS.elf.dir/Drivers/STM32H7xx_HAL_Driver/Src/stm32h7xx_hal_dma.c.obj
                0x080045ac                HAL_DMA_Init
 .text.HAL_DMA_IRQHandler
                0x08004950      0x738 CMakeFiles/H7OS.elf.dir/Drivers/STM32H7xx_HAL_Driver/Src/stm32h7xx_hal_dma.c.obj
                0x08004950                HAL_DMA_IRQHandler
 .text.HAL_DMA2D_Init
                0x08005088       0x84 CMakeFiles/H7OS.elf.dir/Drivers/STM32H7xx_HAL_Driver/Src/stm32h7xx_hal_dma2d.c.obj
                0x08005088                HAL_DMA2D_Init
 .text.HAL_DMA2D_ConfigLayer
                0x0800510c      0x104 CMakeFiles/H7OS.elf.dir/Drivers/STM32H7xx_HAL_Driver/Src/stm32h7xx_hal_dma2d.c.obj
                0x0800510c                HAL_DMA2D_ConfigLayer
 .text.HAL_GPIO_Init
                0x08005210      0x220 CMakeFiles/H7OS.elf.dir/Drivers/STM32H7xx_HAL_Driver/Src/stm32h7xx_hal_gpio.c.obj
                0x08005210                HAL_GPIO_Init
 .text.HAL_GPIO_ReadPin
                0x08005430        0xe CMakeFiles/H7OS.elf.dir/Drivers/STM32H7xx_HAL_Driver/Src/stm32h7xx_hal_gpio.c.obj
                0x08005430                HAL_GPIO_ReadPin
 .text.HAL_GPIO_WritePin
                0x0800543e        0xc CMakeFiles/H7OS.elf.dir/Drivers/STM32H7xx_HAL_Driver/Src/stm32h7xx_hal_gpio.c.obj
                0x0800543e                HAL_GPIO_WritePin
 .text.JPEG_Bits_To_SizeCodes
                0x0800544a       0x80 CMakeFiles/H7OS.elf.dir/Drivers/STM32H7xx_HAL_Driver/Src/stm32h7xx_hal_jpeg.c.obj
 .text.JPEG_ACHuff_BitsVals_To_SizeCodes
                0x080054ca       0x6c CMakeFiles/H7OS.elf.dir/Drivers/STM32H7xx_HAL_Driver/Src/stm32h7xx_hal_jpeg.c.obj
 .text.JPEG_DCHuff_BitsVals_To_SizeCodes
                0x08005536       0x5a CMakeFiles/H7OS.elf.dir/Drivers/STM32H7xx_HAL_Driver/Src/stm32h7xx_hal_jpeg.c.obj
 .text.JPEG_Set_HuffDC_Mem
                0x08005590       0x9a CMakeFiles/H7OS.elf.dir/Drivers/STM32H7xx_HAL_Driver/Src/stm32h7xx_hal_jpeg.c.obj
 *fill*         0x0800562a        0x2 
 .text.JPEG_Set_HuffAC_Mem
                0x0800562c       0xb8 CMakeFiles/H7OS.elf.dir/Drivers/STM32H7xx_HAL_Driver/Src/stm32h7xx_hal_jpeg.c.obj
 .text.JPEG_Set_Huff_DHTMem
                0x080056e4      0x26c CMakeFiles/H7OS.elf.dir/Drivers/STM32H7xx_HAL_Driver/Src/stm32h7xx_hal_jpeg.c.obj
 .text.JPEG_Set_HuffEnc_Mem
                0x08005950       0x68 CMakeFiles/H7OS.elf.dir/Drivers/STM32H7xx_HAL_Driver/Src/stm32h7xx_hal_jpeg.c.obj
 .text.HAL_JPEG_Init
                0x080059b8       0xa0 CMakeFiles/H7OS.elf.dir/Drivers/STM32H7xx_HAL_Driver/Src/stm32h7xx_hal_jpeg.c.obj
                0x080059b8                HAL_JPEG_Init
 .text.MDMA_Init
                0x08005a58       0xb8 CMakeFiles/H7OS.elf.dir/Drivers/STM32H7xx_HAL_Driver/Src/stm32h7xx_hal_mdma.c.obj
 .text.HAL_MDMA_Init
                0x08005b10       0x60 CMakeFiles/H7OS.elf.dir/Drivers/STM32H7xx_HAL_Driver/Src/stm32h7xx_hal_mdma.c.obj
                0x08005b10                HAL_MDMA_Init
 .text.HAL_MDMA_ConfigPostRequestMask
                0x08005b70       0x66 CMakeFiles/H7OS.elf.dir/Drivers/STM32H7xx_HAL_Driver/Src/stm32h7xx_hal_mdma.c.obj
                0x08005b70                HAL_MDMA_ConfigPostRequestMask
 .text.HAL_MDMA_Abort_IT
                0x08005bd6       0x2c CMakeFiles/H7OS.elf.dir/Drivers/STM32H7xx_HAL_Driver/Src/stm32h7xx_hal_mdma.c.obj
                0x08005bd6                HAL_MDMA_Abort_IT
 *fill*         0x08005c02        0x2 
 .text.HAL_MDMA_IRQHandler
                0x08005c04      0x1b4 CMakeFiles/H7OS.elf.dir/Drivers/STM32H7xx_HAL_Driver/Src/stm32h7xx_hal_mdma.c.obj
                0x08005c04                HAL_MDMA_IRQHandler
 .text.HAL_PWR_EnableBkUpAccess
                0x08005db8       0x10 CMakeFiles/H7OS.elf.dir/Drivers/STM32H7xx_HAL_Driver/Src/stm32h7xx_hal_pwr.c.obj
                0x08005db8                HAL_PWR_EnableBkUpAccess
 .text.HAL_PWREx_ConfigSupply
                0x08005dc8       0x54 CMakeFiles/H7OS.elf.dir/Drivers/STM32H7xx_HAL_Driver/Src/stm32h7xx_hal_pwr_ex.c.obj
                0x08005dc8                HAL_PWREx_ConfigSupply
 .text.QSPI_Config
                0x08005e1c      0x1d6 CMakeFiles/H7OS.elf.dir/Drivers/STM32H7xx_HAL_Driver/Src/stm32h7xx_hal_qspi.c.obj
 .text.QSPI_WaitFlagStateUntilTimeout
                0x08005ff2       0x54 CMakeFiles/H7OS.elf.dir/Drivers/STM32H7xx_HAL_Driver/Src/stm32h7xx_hal_qspi.c.obj
 .text.HAL_QSPI_Command
                0x08006046       0x9e CMakeFiles/H7OS.elf.dir/Drivers/STM32H7xx_HAL_Driver/Src/stm32h7xx_hal_qspi.c.obj
                0x08006046                HAL_QSPI_Command
 .text.HAL_QSPI_Receive
                0x080060e4       0xde CMakeFiles/H7OS.elf.dir/Drivers/STM32H7xx_HAL_Driver/Src/stm32h7xx_hal_qspi.c.obj
                0x080060e4                HAL_QSPI_Receive
 .text.HAL_QSPI_AutoPolling
                0x080061c2       0xb6 CMakeFiles/H7OS.elf.dir/Drivers/STM32H7xx_HAL_Driver/Src/stm32h7xx_hal_qspi.c.obj
                0x080061c2                HAL_QSPI_AutoPolling
 .text.HAL_QSPI_ErrorCallback
                0x08006278        0x2 CMakeFiles/H7OS.elf.dir/Drivers/STM32H7xx_HAL_Driver/Src/stm32h7xx_hal_qspi.c.obj
                0x08006278                HAL_QSPI_ErrorCallback
 .text.QSPI_DMAAbortCplt
                0x0800627a       0x3c CMakeFiles/H7OS.elf.dir/Drivers/STM32H7xx_HAL_Driver/Src/stm32h7xx_hal_qspi.c.obj
 .text.HAL_QSPI_AbortCpltCallback
                0x080062b6        0x2 CMakeFiles/H7OS.elf.dir/Drivers/STM32H7xx_HAL_Driver/Src/stm32h7xx_hal_qspi.c.obj
                0x080062b6                HAL_QSPI_AbortCpltCallback
 .text.HAL_QSPI_CmdCpltCallback
                0x080062b8        0x2 CMakeFiles/H7OS.elf.dir/Drivers/STM32H7xx_HAL_Driver/Src/stm32h7xx_hal_qspi.c.obj
                0x080062b8                HAL_QSPI_CmdCpltCallback
 .text.HAL_QSPI_TxCpltCallback
                0x080062ba        0x2 CMakeFiles/H7OS.elf.dir/Drivers/STM32H7xx_HAL_Driver/Src/stm32h7xx_hal_qspi.c.obj
                0x080062ba                HAL_QSPI_TxCpltCallback
 .text.HAL_QSPI_FifoThresholdCallback
                0x080062bc        0x2 CMakeFiles/H7OS.elf.dir/Drivers/STM32H7xx_HAL_Driver/Src/stm32h7xx_hal_qspi.c.obj
                0x080062bc                HAL_QSPI_FifoThresholdCallback
 .text.HAL_QSPI_StatusMatchCallback
                0x080062be        0x2 CMakeFiles/H7OS.elf.dir/Drivers/STM32H7xx_HAL_Driver/Src/stm32h7xx_hal_qspi.c.obj
                0x080062be                HAL_QSPI_StatusMatchCallback
 .text.HAL_QSPI_TimeOutCallback
                0x080062c0        0x2 CMakeFiles/H7OS.elf.dir/Drivers/STM32H7xx_HAL_Driver/Src/stm32h7xx_hal_qspi.c.obj
                0x080062c0                HAL_QSPI_TimeOutCallback
 *fill*         0x080062c2        0x2 
 .text.HAL_QSPI_IRQHandler
                0x080062c4      0x240 CMakeFiles/H7OS.elf.dir/Drivers/STM32H7xx_HAL_Driver/Src/stm32h7xx_hal_qspi.c.obj
                0x080062c4                HAL_QSPI_IRQHandler
 .text.HAL_QSPI_SetTimeout
                0x08006504        0x4 CMakeFiles/H7OS.elf.dir/Drivers/STM32H7xx_HAL_Driver/Src/stm32h7xx_hal_qspi.c.obj
                0x08006504                HAL_QSPI_SetTimeout
 .text.HAL_QSPI_Init
                0x08006508       0xa8 CMakeFiles/H7OS.elf.dir/Drivers/STM32H7xx_HAL_Driver/Src/stm32h7xx_hal_qspi.c.obj
                0x08006508                HAL_QSPI_Init
 .text.HAL_RCC_OscConfig
                0x080065b0      0x6b4 CMakeFiles/H7OS.elf.dir/Drivers/STM32H7xx_HAL_Driver/Src/stm32h7xx_hal_rcc.c.obj
                0x080065b0                HAL_RCC_OscConfig
 .text.HAL_RCC_GetSysClockFreq
                0x08006c64      0x1f4 CMakeFiles/H7OS.elf.dir/Drivers/STM32H7xx_HAL_Driver/Src/stm32h7xx_hal_rcc.c.obj
                0x08006c64                HAL_RCC_GetSysClockFreq
 .text.HAL_RCC_ClockConfig
                0x08006e58      0x294 CMakeFiles/H7OS.elf.dir/Drivers/STM32H7xx_HAL_Driver/Src/stm32h7xx_hal_rcc.c.obj
                0x08006e58                HAL_RCC_ClockConfig
 .text.HAL_RCC_GetHCLKFreq
                0x080070ec       0x44 CMakeFiles/H7OS.elf.dir/Drivers/STM32H7xx_HAL_Driver/Src/stm32h7xx_hal_rcc.c.obj
                0x080070ec                HAL_RCC_GetHCLKFreq
 .text.HAL_RCC_GetPCLK1Freq
                0x08007130       0x24 CMakeFiles/H7OS.elf.dir/Drivers/STM32H7xx_HAL_Driver/Src/stm32h7xx_hal_rcc.c.obj
                0x08007130                HAL_RCC_GetPCLK1Freq
 .text.HAL_RCC_GetPCLK2Freq
                0x08007154       0x24 CMakeFiles/H7OS.elf.dir/Drivers/STM32H7xx_HAL_Driver/Src/stm32h7xx_hal_rcc.c.obj
                0x08007154                HAL_RCC_GetPCLK2Freq
 .text.HAL_RCC_GetClockConfig
                0x08007178       0x54 CMakeFiles/H7OS.elf.dir/Drivers/STM32H7xx_HAL_Driver/Src/stm32h7xx_hal_rcc.c.obj
                0x08007178                HAL_RCC_GetClockConfig
 .text.RCCEx_PLL2_Config
                0x080071cc      0x10c CMakeFiles/H7OS.elf.dir/Drivers/STM32H7xx_HAL_Driver/Src/stm32h7xx_hal_rcc_ex.c.obj
 .text.RCCEx_PLL3_Config
                0x080072d8      0x10c CMakeFiles/H7OS.elf.dir/Drivers/STM32H7xx_HAL_Driver/Src/stm32h7xx_hal_rcc_ex.c.obj
 .text.HAL_RCCEx_PeriphCLKConfig
                0x080073e4      0xa8c CMakeFiles/H7OS.elf.dir/Drivers/STM32H7xx_HAL_Driver/Src/stm32h7xx_hal_rcc_ex.c.obj
                0x080073e4                HAL_RCCEx_PeriphCLKConfig
 .text.HAL_RCCEx_GetD3PCLK1Freq
                0x08007e70       0x24 CMakeFiles/H7OS.elf.dir/Drivers/STM32H7xx_HAL_Driver/Src/stm32h7xx_hal_rcc_ex.c.obj
                0x08007e70                HAL_RCCEx_GetD3PCLK1Freq
 .text.HAL_RCCEx_GetPLL2ClockFreq
                0x08007e94      0x1f8 CMakeFiles/H7OS.elf.dir/Drivers/STM32H7xx_HAL_Driver/Src/stm32h7xx_hal_rcc_ex.c.obj
                0x08007e94                HAL_RCCEx_GetPLL2ClockFreq
 .text.HAL_RCCEx_GetPLL3ClockFreq
                0x0800808c      0x1f8 CMakeFiles/H7OS.elf.dir/Drivers/STM32H7xx_HAL_Driver/Src/stm32h7xx_hal_rcc_ex.c.obj
                0x0800808c                HAL_RCCEx_GetPLL3ClockFreq
 .text.HAL_RCCEx_GetPLL1ClockFreq
                0x08008284      0x1f8 CMakeFiles/H7OS.elf.dir/Drivers/STM32H7xx_HAL_Driver/Src/stm32h7xx_hal_rcc_ex.c.obj
                0x08008284                HAL_RCCEx_GetPLL1ClockFreq
 .text.HAL_RCCEx_GetPeriphCLKFreq
                0x0800847c      0x6d0 CMakeFiles/H7OS.elf.dir/Drivers/STM32H7xx_HAL_Driver/Src/stm32h7xx_hal_rcc_ex.c.obj
                0x0800847c                HAL_RCCEx_GetPeriphCLKFreq
 .text.HAL_RNG_Init
                0x08008b4c       0x80 CMakeFiles/H7OS.elf.dir/Drivers/STM32H7xx_HAL_Driver/Src/stm32h7xx_hal_rng.c.obj
                0x08008b4c                HAL_RNG_Init
 .text.HAL_RTC_WaitForSynchro
                0x08008bcc       0x34 CMakeFiles/H7OS.elf.dir/Drivers/STM32H7xx_HAL_Driver/Src/stm32h7xx_hal_rtc.c.obj
                0x08008bcc                HAL_RTC_WaitForSynchro
 .text.RTC_EnterInitMode
                0x08008c00       0x44 CMakeFiles/H7OS.elf.dir/Drivers/STM32H7xx_HAL_Driver/Src/stm32h7xx_hal_rtc.c.obj
                0x08008c00                RTC_EnterInitMode
 .text.RTC_ExitInitMode
                0x08008c44       0x50 CMakeFiles/H7OS.elf.dir/Drivers/STM32H7xx_HAL_Driver/Src/stm32h7xx_hal_rtc.c.obj
                0x08008c44                RTC_ExitInitMode
 .text.HAL_RTC_Init
                0x08008c94       0xa4 CMakeFiles/H7OS.elf.dir/Drivers/STM32H7xx_HAL_Driver/Src/stm32h7xx_hal_rtc.c.obj
                0x08008c94                HAL_RTC_Init
 .text.SD_PowerON
                0x08008d38       0xc4 CMakeFiles/H7OS.elf.dir/Drivers/STM32H7xx_HAL_Driver/Src/stm32h7xx_hal_sd.c.obj
 .text.SD_Read_IT
                0x08008dfc       0x3c CMakeFiles/H7OS.elf.dir/Drivers/STM32H7xx_HAL_Driver/Src/stm32h7xx_hal_sd.c.obj
 .text.SD_Write_IT
                0x08008e38       0x4c CMakeFiles/H7OS.elf.dir/Drivers/STM32H7xx_HAL_Driver/Src/stm32h7xx_hal_sd.c.obj
 .text.SD_SendSDStatus
                0x08008e84      0x108 CMakeFiles/H7OS.elf.dir/Drivers/STM32H7xx_HAL_Driver/Src/stm32h7xx_hal_sd.c.obj
 .text.SD_FindSCR
                0x08008f8c      0x108 CMakeFiles/H7OS.elf.dir/Drivers/STM32H7xx_HAL_Driver/Src/stm32h7xx_hal_sd.c.obj
 .text.SD_WideBus_Enable
                0x08009094       0x4e CMakeFiles/H7OS.elf.dir/Drivers/STM32H7xx_HAL_Driver/Src/stm32h7xx_hal_sd.c.obj
 .text.SD_WideBus_Disable
                0x080090e2       0x4e CMakeFiles/H7OS.elf.dir/Drivers/STM32H7xx_HAL_Driver/Src/stm32h7xx_hal_sd.c.obj
 .text.SD_SendStatus
                0x08009130       0x2c CMakeFiles/H7OS.elf.dir/Drivers/STM32H7xx_HAL_Driver/Src/stm32h7xx_hal_sd.c.obj
 .text.HAL_SD_ReadBlocks_DMA
                0x0800915c       0xe0 CMakeFiles/H7OS.elf.dir/Drivers/STM32H7xx_HAL_Driver/Src/stm32h7xx_hal_sd.c.obj
                0x0800915c                HAL_SD_ReadBlocks_DMA
 .text.HAL_SD_WriteBlocks_DMA
                0x0800923c       0xe0 CMakeFiles/H7OS.elf.dir/Drivers/STM32H7xx_HAL_Driver/Src/stm32h7xx_hal_sd.c.obj
                0x0800923c                HAL_SD_WriteBlocks_DMA
 .text.HAL_SD_ErrorCallback
                0x0800931c        0x2 CMakeFiles/H7OS.elf.dir/Drivers/STM32H7xx_HAL_Driver/Src/stm32h7xx_hal_sd.c.obj
                0x0800931c                HAL_SD_ErrorCallback
 .text.HAL_SD_GetCardCID
                0x0800931e       0x52 CMakeFiles/H7OS.elf.dir/Drivers/STM32H7xx_HAL_Driver/Src/stm32h7xx_hal_sd.c.obj
                0x0800931e                HAL_SD_GetCardCID
 .text.HAL_SD_GetCardCSD
                0x08009370      0x1b8 CMakeFiles/H7OS.elf.dir/Drivers/STM32H7xx_HAL_Driver/Src/stm32h7xx_hal_sd.c.obj
                0x08009370                HAL_SD_GetCardCSD
 .text.SD_InitCard
                0x08009528       0xfc CMakeFiles/H7OS.elf.dir/Drivers/STM32H7xx_HAL_Driver/Src/stm32h7xx_hal_sd.c.obj
 .text.HAL_SD_InitCard
                0x08009624       0xcc CMakeFiles/H7OS.elf.dir/Drivers/STM32H7xx_HAL_Driver/Src/stm32h7xx_hal_sd.c.obj
                0x08009624                HAL_SD_InitCard
 .text.HAL_SD_GetCardStatus
                0x080096f0       0xd0 CMakeFiles/H7OS.elf.dir/Drivers/STM32H7xx_HAL_Driver/Src/stm32h7xx_hal_sd.c.obj
                0x080096f0                HAL_SD_GetCardStatus
 .text.HAL_SD_GetCardInfo
                0x080097c0       0x24 CMakeFiles/H7OS.elf.dir/Drivers/STM32H7xx_HAL_Driver/Src/stm32h7xx_hal_sd.c.obj
                0x080097c0                HAL_SD_GetCardInfo
 .text.HAL_SD_ConfigWideBusOperation
                0x080097e4      0x158 CMakeFiles/H7OS.elf.dir/Drivers/STM32H7xx_HAL_Driver/Src/stm32h7xx_hal_sd.c.obj
                0x080097e4                HAL_SD_ConfigWideBusOperation
 .text.HAL_SD_GetCardState
                0x0800993c       0x22 CMakeFiles/H7OS.elf.dir/Drivers/STM32H7xx_HAL_Driver/Src/stm32h7xx_hal_sd.c.obj
                0x0800993c                HAL_SD_GetCardState
 .text.HAL_SD_Init
                0x0800995e       0xba CMakeFiles/H7OS.elf.dir/Drivers/STM32H7xx_HAL_Driver/Src/stm32h7xx_hal_sd.c.obj
                0x0800995e                HAL_SD_Init
 .text.HAL_SDEx_Read_DMADoubleBuf0CpltCallback
                0x08009a18        0x2 CMakeFiles/H7OS.elf.dir/Drivers/STM32H7xx_HAL_Driver/Src/stm32h7xx_hal_sd.c.obj
                0x08009a18                HAL_SDEx_Read_DMADoubleBuf0CpltCallback
 .text.HAL_SDEx_Read_DMADoubleBuf1CpltCallback
                0x08009a1a        0x2 CMakeFiles/H7OS.elf.dir/Drivers/STM32H7xx_HAL_Driver/Src/stm32h7xx_hal_sd.c.obj
                0x08009a1a                HAL_SDEx_Read_DMADoubleBuf1CpltCallback
 .text.HAL_SDEx_Write_DMADoubleBuf0CpltCallback
                0x08009a1c        0x2 CMakeFiles/H7OS.elf.dir/Drivers/STM32H7xx_HAL_Driver/Src/stm32h7xx_hal_sd.c.obj
                0x08009a1c                HAL_SDEx_Write_DMADoubleBuf0CpltCallback
 .text.HAL_SDEx_Write_DMADoubleBuf1CpltCallback
                0x08009a1e        0x2 CMakeFiles/H7OS.elf.dir/Drivers/STM32H7xx_HAL_Driver/Src/stm32h7xx_hal_sd.c.obj
                0x08009a1e                HAL_SDEx_Write_DMADoubleBuf1CpltCallback
 .text.HAL_SD_IRQHandler
                0x08009a20      0x22c CMakeFiles/H7OS.elf.dir/Drivers/STM32H7xx_HAL_Driver/Src/stm32h7xx_hal_sd.c.obj
                0x08009a20                HAL_SD_IRQHandler
 .text.HAL_SDRAM_Init
                0x08009c4c       0x50 CMakeFiles/H7OS.elf.dir/Drivers/STM32H7xx_HAL_Driver/Src/stm32h7xx_hal_sdram.c.obj
                0x08009c4c                HAL_SDRAM_Init
 .text.HAL_SDRAM_SendCommand
                0x08009c9c       0x42 CMakeFiles/H7OS.elf.dir/Drivers/STM32H7xx_HAL_Driver/Src/stm32h7xx_hal_sdram.c.obj
                0x08009c9c                HAL_SDRAM_SendCommand
 .text.HAL_SDRAM_ProgramRefreshRate
                0x08009cde       0x32 CMakeFiles/H7OS.elf.dir/Drivers/STM32H7xx_HAL_Driver/Src/stm32h7xx_hal_sdram.c.obj
                0x08009cde                HAL_SDRAM_ProgramRefreshRate
 .text.HAL_SDRAM_GetState
                0x08009d10        0x6 CMakeFiles/H7OS.elf.dir/Drivers/STM32H7xx_HAL_Driver/Src/stm32h7xx_hal_sdram.c.obj
                0x08009d10                HAL_SDRAM_GetState
 .text.HAL_TIM_Base_MspInit
                0x08009d16        0x2 CMakeFiles/H7OS.elf.dir/Drivers/STM32H7xx_HAL_Driver/Src/stm32h7xx_hal_tim.c.obj
                0x08009d16                HAL_TIM_Base_MspInit
 .text.HAL_TIM_Base_Start_IT
                0x08009d18       0x90 CMakeFiles/H7OS.elf.dir/Drivers/STM32H7xx_HAL_Driver/Src/stm32h7xx_hal_tim.c.obj
                0x08009d18                HAL_TIM_Base_Start_IT
 .text.HAL_TIM_OC_DelayElapsedCallback
                0x08009da8        0x2 CMakeFiles/H7OS.elf.dir/Drivers/STM32H7xx_HAL_Driver/Src/stm32h7xx_hal_tim.c.obj
                0x08009da8                HAL_TIM_OC_DelayElapsedCallback
 .text.HAL_TIM_IC_CaptureCallback
                0x08009daa        0x2 CMakeFiles/H7OS.elf.dir/Drivers/STM32H7xx_HAL_Driver/Src/stm32h7xx_hal_tim.c.obj
                0x08009daa                HAL_TIM_IC_CaptureCallback
 .text.HAL_TIM_PWM_PulseFinishedCallback
                0x08009dac        0x2 CMakeFiles/H7OS.elf.dir/Drivers/STM32H7xx_HAL_Driver/Src/stm32h7xx_hal_tim.c.obj
                0x08009dac                HAL_TIM_PWM_PulseFinishedCallback
 .text.HAL_TIM_TriggerCallback
                0x08009dae        0x2 CMakeFiles/H7OS.elf.dir/Drivers/STM32H7xx_HAL_Driver/Src/stm32h7xx_hal_tim.c.obj
                0x08009dae                HAL_TIM_TriggerCallback
 .text.HAL_TIM_IRQHandler
                0x08009db0      0x17a CMakeFiles/H7OS.elf.dir/Drivers/STM32H7xx_HAL_Driver/Src/stm32h7xx_hal_tim.c.obj
                0x08009db0                HAL_TIM_IRQHandler
 *fill*         0x08009f2a        0x2 
 .text.TIM_Base_SetConfig
                0x08009f2c      0x114 CMakeFiles/H7OS.elf.dir/Drivers/STM32H7xx_HAL_Driver/Src/stm32h7xx_hal_tim.c.obj
                0x08009f2c                TIM_Base_SetConfig
 .text.HAL_TIM_Base_Init
                0x0800a040       0x60 CMakeFiles/H7OS.elf.dir/Drivers/STM32H7xx_HAL_Driver/Src/stm32h7xx_hal_tim.c.obj
                0x0800a040                HAL_TIM_Base_Init
 .text.HAL_TIMEx_CommutCallback
                0x0800a0a0        0x2 CMakeFiles/H7OS.elf.dir/Drivers/STM32H7xx_HAL_Driver/Src/stm32h7xx_hal_tim_ex.c.obj
                0x0800a0a0                HAL_TIMEx_CommutCallback
 .text.HAL_TIMEx_BreakCallback
                0x0800a0a2        0x2 CMakeFiles/H7OS.elf.dir/Drivers/STM32H7xx_HAL_Driver/Src/stm32h7xx_hal_tim_ex.c.obj
                0x0800a0a2                HAL_TIMEx_BreakCallback
 .text.HAL_TIMEx_Break2Callback
                0x0800a0a4        0x2 CMakeFiles/H7OS.elf.dir/Drivers/STM32H7xx_HAL_Driver/Src/stm32h7xx_hal_tim_ex.c.obj
                0x0800a0a4                HAL_TIMEx_Break2Callback
 *fill*         0x0800a0a6        0x2 
 .text.UART_EndRxTransfer
                0x0800a0a8       0x58 CMakeFiles/H7OS.elf.dir/Drivers/STM32H7xx_HAL_Driver/Src/stm32h7xx_hal_uart.c.obj
 .text.UART_SetConfig
                0x0800a100      0x5f4 CMakeFiles/H7OS.elf.dir/Drivers/STM32H7xx_HAL_Driver/Src/stm32h7xx_hal_uart.c.obj
                0x0800a100                UART_SetConfig
 .text.UART_AdvFeatureConfig
                0x0800a6f4       0xca CMakeFiles/H7OS.elf.dir/Drivers/STM32H7xx_HAL_Driver/Src/stm32h7xx_hal_uart.c.obj
                0x0800a6f4                UART_AdvFeatureConfig
 .text.UART_WaitOnFlagUntilTimeout
                0x0800a7be       0xaa CMakeFiles/H7OS.elf.dir/Drivers/STM32H7xx_HAL_Driver/Src/stm32h7xx_hal_uart.c.obj
                0x0800a7be                UART_WaitOnFlagUntilTimeout
 .text.HAL_UART_Transmit
                0x0800a868       0xd0 CMakeFiles/H7OS.elf.dir/Drivers/STM32H7xx_HAL_Driver/Src/stm32h7xx_hal_uart.c.obj
                0x0800a868                HAL_UART_Transmit
 .text.UART_CheckIdleState
                0x0800a938       0xca CMakeFiles/H7OS.elf.dir/Drivers/STM32H7xx_HAL_Driver/Src/stm32h7xx_hal_uart.c.obj
                0x0800a938                UART_CheckIdleState
 .text.HAL_UART_Init
                0x0800aa02       0x66 CMakeFiles/H7OS.elf.dir/Drivers/STM32H7xx_HAL_Driver/Src/stm32h7xx_hal_uart.c.obj
                0x0800aa02                HAL_UART_Init
 .text.UARTEx_SetNbDataToProcess
                0x0800aa68       0x4c CMakeFiles/H7OS.elf.dir/Drivers/STM32H7xx_HAL_Driver/Src/stm32h7xx_hal_uart_ex.c.obj
 .text.HAL_UARTEx_DisableFifoMode
                0x0800aab4       0x3e CMakeFiles/H7OS.elf.dir/Drivers/STM32H7xx_HAL_Driver/Src/stm32h7xx_hal_uart_ex.c.obj
                0x0800aab4                HAL_UARTEx_DisableFifoMode
 .text.HAL_UARTEx_SetTxFifoThreshold
                0x0800aaf2       0x4a CMakeFiles/H7OS.elf.dir/Drivers/STM32H7xx_HAL_Driver/Src/stm32h7xx_hal_uart_ex.c.obj
                0x0800aaf2                HAL_UARTEx_SetTxFifoThreshold
 .text.HAL_UARTEx_SetRxFifoThreshold
                0x0800ab3c       0x4a CMakeFiles/H7OS.elf.dir/Drivers/STM32H7xx_HAL_Driver/Src/stm32h7xx_hal_uart_ex.c.obj
                0x0800ab3c                HAL_UARTEx_SetRxFifoThreshold
 *fill*         0x0800ab86        0x2 
 .text.FMC_SDRAM_Init
                0x0800ab88       0x74 CMakeFiles/H7OS.elf.dir/Drivers/STM32H7xx_HAL_Driver/Src/stm32h7xx_ll_fmc.c.obj
                0x0800ab88                FMC_SDRAM_Init
 .text.FMC_SDRAM_Timing_Init
                0x0800abfc       0xa8 CMakeFiles/H7OS.elf.dir/Drivers/STM32H7xx_HAL_Driver/Src/stm32h7xx_ll_fmc.c.obj
                0x0800abfc                FMC_SDRAM_Timing_Init
 .text.FMC_SDRAM_SendCommand
                0x0800aca4       0x30 CMakeFiles/H7OS.elf.dir/Drivers/STM32H7xx_HAL_Driver/Src/stm32h7xx_ll_fmc.c.obj
                0x0800aca4                FMC_SDRAM_SendCommand
 .text.FMC_SDRAM_ProgramRefreshRate
                0x0800acd4       0x14 CMakeFiles/H7OS.elf.dir/Drivers/STM32H7xx_HAL_Driver/Src/stm32h7xx_ll_fmc.c.obj
                0x0800acd4                FMC_SDRAM_ProgramRefreshRate
 .text.SDMMC_GetCmdError
                0x0800ace8       0x3c CMakeFiles/H7OS.elf.dir/Drivers/STM32H7xx_HAL_Driver/Src/stm32h7xx_ll_sdmmc.c.obj
 .text.SDMMC_Init
                0x0800ad24       0x30 CMakeFiles/H7OS.elf.dir/Drivers/STM32H7xx_HAL_Driver/Src/stm32h7xx_ll_sdmmc.c.obj
                0x0800ad24                SDMMC_Init
 .text.SDMMC_ReadFIFO
                0x0800ad54        0x6 CMakeFiles/H7OS.elf.dir/Drivers/STM32H7xx_HAL_Driver/Src/stm32h7xx_ll_sdmmc.c.obj
                0x0800ad54                SDMMC_ReadFIFO
 .text.SDMMC_WriteFIFO
                0x0800ad5a        0xa CMakeFiles/H7OS.elf.dir/Drivers/STM32H7xx_HAL_Driver/Src/stm32h7xx_ll_sdmmc.c.obj
                0x0800ad5a                SDMMC_WriteFIFO
 .text.SDMMC_PowerState_ON
                0x0800ad64        0xc CMakeFiles/H7OS.elf.dir/Drivers/STM32H7xx_HAL_Driver/Src/stm32h7xx_ll_sdmmc.c.obj
                0x0800ad64                SDMMC_PowerState_ON
 .text.SDMMC_GetPowerState
                0x0800ad70        0x8 CMakeFiles/H7OS.elf.dir/Drivers/STM32H7xx_HAL_Driver/Src/stm32h7xx_ll_sdmmc.c.obj
                0x0800ad70                SDMMC_GetPowerState
 .text.SDMMC_SendCommand
                0x0800ad78       0x24 CMakeFiles/H7OS.elf.dir/Drivers/STM32H7xx_HAL_Driver/Src/stm32h7xx_ll_sdmmc.c.obj
                0x0800ad78                SDMMC_SendCommand
 .text.SDMMC_GetCommandResponse
                0x0800ad9c        0x6 CMakeFiles/H7OS.elf.dir/Drivers/STM32H7xx_HAL_Driver/Src/stm32h7xx_ll_sdmmc.c.obj
                0x0800ad9c                SDMMC_GetCommandResponse
 .text.SDMMC_GetResponse
                0x0800ada2        0x6 CMakeFiles/H7OS.elf.dir/Drivers/STM32H7xx_HAL_Driver/Src/stm32h7xx_ll_sdmmc.c.obj
                0x0800ada2                SDMMC_GetResponse
 .text.SDMMC_ConfigData
                0x0800ada8       0x24 CMakeFiles/H7OS.elf.dir/Drivers/STM32H7xx_HAL_Driver/Src/stm32h7xx_ll_sdmmc.c.obj
                0x0800ada8                SDMMC_ConfigData
 .text.SDMMC_CmdGoIdleState
                0x0800adcc       0x26 CMakeFiles/H7OS.elf.dir/Drivers/STM32H7xx_HAL_Driver/Src/stm32h7xx_ll_sdmmc.c.obj
                0x0800adcc                SDMMC_CmdGoIdleState
 *fill*         0x0800adf2        0x2 
 .text.SDMMC_GetCmdResp1
                0x0800adf4      0x160 CMakeFiles/H7OS.elf.dir/Drivers/STM32H7xx_HAL_Driver/Src/stm32h7xx_ll_sdmmc.c.obj
                0x0800adf4                SDMMC_GetCmdResp1
 .text.SDMMC_CmdBlockLength
                0x0800af54       0x32 CMakeFiles/H7OS.elf.dir/Drivers/STM32H7xx_HAL_Driver/Src/stm32h7xx_ll_sdmmc.c.obj
                0x0800af54                SDMMC_CmdBlockLength
 .text.SDMMC_CmdReadSingleBlock
                0x0800af86       0x32 CMakeFiles/H7OS.elf.dir/Drivers/STM32H7xx_HAL_Driver/Src/stm32h7xx_ll_sdmmc.c.obj
                0x0800af86                SDMMC_CmdReadSingleBlock
 .text.SDMMC_CmdReadMultiBlock
                0x0800afb8       0x32 CMakeFiles/H7OS.elf.dir/Drivers/STM32H7xx_HAL_Driver/Src/stm32h7xx_ll_sdmmc.c.obj
                0x0800afb8                SDMMC_CmdReadMultiBlock
 .text.SDMMC_CmdWriteSingleBlock
                0x0800afea       0x32 CMakeFiles/H7OS.elf.dir/Drivers/STM32H7xx_HAL_Driver/Src/stm32h7xx_ll_sdmmc.c.obj
                0x0800afea                SDMMC_CmdWriteSingleBlock
 .text.SDMMC_CmdWriteMultiBlock
                0x0800b01c       0x32 CMakeFiles/H7OS.elf.dir/Drivers/STM32H7xx_HAL_Driver/Src/stm32h7xx_ll_sdmmc.c.obj
                0x0800b01c                SDMMC_CmdWriteMultiBlock
 *fill*         0x0800b04e        0x2 
 .text.SDMMC_CmdStopTransfer
                0x0800b050       0x58 CMakeFiles/H7OS.elf.dir/Drivers/STM32H7xx_HAL_Driver/Src/stm32h7xx_ll_sdmmc.c.obj
                0x0800b050                SDMMC_CmdStopTransfer
 .text.SDMMC_CmdSelDesel
                0x0800b0a8       0x32 CMakeFiles/H7OS.elf.dir/Drivers/STM32H7xx_HAL_Driver/Src/stm32h7xx_ll_sdmmc.c.obj
                0x0800b0a8                SDMMC_CmdSelDesel
 .text.SDMMC_CmdAppCommand
                0x0800b0da       0x32 CMakeFiles/H7OS.elf.dir/Drivers/STM32H7xx_HAL_Driver/Src/stm32h7xx_ll_sdmmc.c.obj
                0x0800b0da                SDMMC_CmdAppCommand
 .text.SDMMC_CmdBusWidth
                0x0800b10c       0x32 CMakeFiles/H7OS.elf.dir/Drivers/STM32H7xx_HAL_Driver/Src/stm32h7xx_ll_sdmmc.c.obj
                0x0800b10c                SDMMC_CmdBusWidth
 .text.SDMMC_CmdSendSCR
                0x0800b13e       0x32 CMakeFiles/H7OS.elf.dir/Drivers/STM32H7xx_HAL_Driver/Src/stm32h7xx_ll_sdmmc.c.obj
                0x0800b13e                SDMMC_CmdSendSCR
 .text.SDMMC_CmdSendStatus
                0x0800b170       0x32 CMakeFiles/H7OS.elf.dir/Drivers/STM32H7xx_HAL_Driver/Src/stm32h7xx_ll_sdmmc.c.obj
                0x0800b170                SDMMC_CmdSendStatus
 .text.SDMMC_CmdStatusRegister
                0x0800b1a2       0x32 CMakeFiles/H7OS.elf.dir/Drivers/STM32H7xx_HAL_Driver/Src/stm32h7xx_ll_sdmmc.c.obj
                0x0800b1a2                SDMMC_CmdStatusRegister
 .text.SDMMC_GetCmdResp2
                0x0800b1d4       0x60 CMakeFiles/H7OS.elf.dir/Drivers/STM32H7xx_HAL_Driver/Src/stm32h7xx_ll_sdmmc.c.obj
                0x0800b1d4                SDMMC_GetCmdResp2
 .text.SDMMC_CmdSendCID
                0x0800b234       0x2c CMakeFiles/H7OS.elf.dir/Drivers/STM32H7xx_HAL_Driver/Src/stm32h7xx_ll_sdmmc.c.obj
                0x0800b234                SDMMC_CmdSendCID
 .text.SDMMC_CmdSendCSD
                0x0800b260       0x2c CMakeFiles/H7OS.elf.dir/Drivers/STM32H7xx_HAL_Driver/Src/stm32h7xx_ll_sdmmc.c.obj
                0x0800b260                SDMMC_CmdSendCSD
 .text.SDMMC_GetCmdResp3
                0x0800b28c       0x50 CMakeFiles/H7OS.elf.dir/Drivers/STM32H7xx_HAL_Driver/Src/stm32h7xx_ll_sdmmc.c.obj
                0x0800b28c                SDMMC_GetCmdResp3
 .text.SDMMC_CmdAppOperCommand
                0x0800b2dc       0x2c CMakeFiles/H7OS.elf.dir/Drivers/STM32H7xx_HAL_Driver/Src/stm32h7xx_ll_sdmmc.c.obj
                0x0800b2dc                SDMMC_CmdAppOperCommand
 .text.SDMMC_GetCmdResp6
                0x0800b308       0xa4 CMakeFiles/H7OS.elf.dir/Drivers/STM32H7xx_HAL_Driver/Src/stm32h7xx_ll_sdmmc.c.obj
                0x0800b308                SDMMC_GetCmdResp6
 .text.SDMMC_CmdSetRelAdd
                0x0800b3ac       0x32 CMakeFiles/H7OS.elf.dir/Drivers/STM32H7xx_HAL_Driver/Src/stm32h7xx_ll_sdmmc.c.obj
                0x0800b3ac                SDMMC_CmdSetRelAdd
 *fill*         0x0800b3de        0x2 
 .text.SDMMC_GetCmdResp7
                0x0800b3e0       0x64 CMakeFiles/H7OS.elf.dir/Drivers/STM32H7xx_HAL_Driver/Src/stm32h7xx_ll_sdmmc.c.obj
                0x0800b3e0                SDMMC_GetCmdResp7
 .text.SDMMC_CmdOperCond
                0x0800b444       0x30 CMakeFiles/H7OS.elf.dir/Drivers/STM32H7xx_HAL_Driver/Src/stm32h7xx_ll_sdmmc.c.obj
                0x0800b444                SDMMC_CmdOperCond
 .text.MX_FATFS_Init
                0x0800b474       0x1c CMakeFiles/H7OS.elf.dir/FATFS/App/fatfs.c.obj
                0x0800b474                MX_FATFS_Init
 .text.get_fattime
                0x0800b490        0x4 CMakeFiles/H7OS.elf.dir/FATFS/App/fatfs.c.obj
                0x0800b490                get_fattime
 .text.BSP_SD_ReadBlocks_DMA
                0x0800b494       0x18 CMakeFiles/H7OS.elf.dir/FATFS/Target/bsp_driver_sd.c.obj
                0x0800b494                BSP_SD_ReadBlocks_DMA
 .text.BSP_SD_WriteBlocks_DMA
                0x0800b4ac       0x18 CMakeFiles/H7OS.elf.dir/FATFS/Target/bsp_driver_sd.c.obj
                0x0800b4ac                BSP_SD_WriteBlocks_DMA
 .text.BSP_SD_GetCardState
                0x0800b4c4       0x14 CMakeFiles/H7OS.elf.dir/FATFS/Target/bsp_driver_sd.c.obj
                0x0800b4c4                BSP_SD_GetCardState
 .text.BSP_SD_GetCardInfo
                0x0800b4d8       0x10 CMakeFiles/H7OS.elf.dir/FATFS/Target/bsp_driver_sd.c.obj
                0x0800b4d8                BSP_SD_GetCardInfo
 .text.HAL_SD_TxCpltCallback
                0x0800b4e8        0x8 CMakeFiles/H7OS.elf.dir/FATFS/Target/bsp_driver_sd.c.obj
                0x0800b4e8                HAL_SD_TxCpltCallback
 .text.HAL_SD_RxCpltCallback
                0x0800b4f0        0x8 CMakeFiles/H7OS.elf.dir/FATFS/Target/bsp_driver_sd.c.obj
                0x0800b4f0                HAL_SD_RxCpltCallback
 .text.BSP_SD_IsDetected
                0x0800b4f8       0x20 CMakeFiles/H7OS.elf.dir/FATFS/Target/bsp_driver_sd.c.obj
                0x0800b4f8                BSP_SD_IsDetected
 .text.BSP_SD_Init
                0x0800b518       0x34 CMakeFiles/H7OS.elf.dir/FATFS/Target/bsp_driver_sd.c.obj
                0x0800b518                BSP_SD_Init
 .text.BSP_PlatformIsDetected
                0x0800b54c       0x18 CMakeFiles/H7OS.elf.dir/FATFS/Target/fatfs_platform.c.obj
                0x0800b54c                BSP_PlatformIsDetected
 .text.SD_CheckStatus
                0x0800b564       0x24 CMakeFiles/H7OS.elf.dir/FATFS/Target/sd_diskio.c.obj
 .text.SD_initialize
                0x0800b588       0x74 CMakeFiles/H7OS.elf.dir/FATFS/Target/sd_diskio.c.obj
                0x0800b588                SD_initialize
 .text.SD_status
                0x0800b5fc        0x8 CMakeFiles/H7OS.elf.dir/FATFS/Target/sd_diskio.c.obj
                0x0800b5fc                SD_status
 .text.SD_CheckStatusWithTimeout
                0x0800b604       0x26 CMakeFiles/H7OS.elf.dir/FATFS/Target/sd_diskio.c.obj
 *fill*         0x0800b62a        0x2 
 .text.SD_read  0x0800b62c      0x164 CMakeFiles/H7OS.elf.dir/FATFS/Target/sd_diskio.c.obj
                0x0800b62c                SD_read
 .text.SD_write
                0x0800b790      0x164 CMakeFiles/H7OS.elf.dir/FATFS/Target/sd_diskio.c.obj
                0x0800b790                SD_write
 .text.SD_ioctl
                0x0800b8f4       0x58 CMakeFiles/H7OS.elf.dir/FATFS/Target/sd_diskio.c.obj
                0x0800b8f4                SD_ioctl
 .text.BSP_SD_WriteCpltCallback
                0x0800b94c       0x14 CMakeFiles/H7OS.elf.dir/FATFS/Target/sd_diskio.c.obj
                0x0800b94c                BSP_SD_WriteCpltCallback
 .text.BSP_SD_ReadCpltCallback
                0x0800b960       0x14 CMakeFiles/H7OS.elf.dir/FATFS/Target/sd_diskio.c.obj
                0x0800b960                BSP_SD_ReadCpltCallback
 .text.disk_status
                0x0800b974       0x18 CMakeFiles/H7OS.elf.dir/Middlewares/Third_Party/FatFs/src/diskio.c.obj
                0x0800b974                disk_status
 .text.disk_initialize
                0x0800b98c       0x2c CMakeFiles/H7OS.elf.dir/Middlewares/Third_Party/FatFs/src/diskio.c.obj
                0x0800b98c                disk_initialize
 .text.disk_read
                0x0800b9b8       0x18 CMakeFiles/H7OS.elf.dir/Middlewares/Third_Party/FatFs/src/diskio.c.obj
                0x0800b9b8                disk_read
 .text.disk_write
                0x0800b9d0       0x18 CMakeFiles/H7OS.elf.dir/Middlewares/Third_Party/FatFs/src/diskio.c.obj
                0x0800b9d0                disk_write
 .text.disk_ioctl
                0x0800b9e8       0x18 CMakeFiles/H7OS.elf.dir/Middlewares/Third_Party/FatFs/src/diskio.c.obj
                0x0800b9e8                disk_ioctl
 .text.ld_word  0x0800ba00        0xa CMakeFiles/H7OS.elf.dir/Middlewares/Third_Party/FatFs/src/ff.c.obj
 .text.ld_dword
                0x0800ba0a       0x16 CMakeFiles/H7OS.elf.dir/Middlewares/Third_Party/FatFs/src/ff.c.obj
 .text.st_word  0x0800ba20        0x8 CMakeFiles/H7OS.elf.dir/Middlewares/Third_Party/FatFs/src/ff.c.obj
 .text.st_dword
                0x0800ba28       0x14 CMakeFiles/H7OS.elf.dir/Middlewares/Third_Party/FatFs/src/ff.c.obj
 .text.mem_cpy  0x0800ba3c       0x14 CMakeFiles/H7OS.elf.dir/Middlewares/Third_Party/FatFs/src/ff.c.obj
 .text.mem_set  0x0800ba50        0xa CMakeFiles/H7OS.elf.dir/Middlewares/Third_Party/FatFs/src/ff.c.obj
 .text.get_ldnumber
                0x0800ba5a       0x4a CMakeFiles/H7OS.elf.dir/Middlewares/Third_Party/FatFs/src/ff.c.obj
 .text.lock_fs  0x0800baa4       0x14 CMakeFiles/H7OS.elf.dir/Middlewares/Third_Party/FatFs/src/ff.c.obj
 .text.sync_window
                0x0800bab8       0x54 CMakeFiles/H7OS.elf.dir/Middlewares/Third_Party/FatFs/src/ff.c.obj
 .text.move_window
                0x0800bb0c       0x36 CMakeFiles/H7OS.elf.dir/Middlewares/Third_Party/FatFs/src/ff.c.obj
 *fill*         0x0800bb42        0x2 
 .text.check_fs
                0x0800bb44       0x78 CMakeFiles/H7OS.elf.dir/Middlewares/Third_Party/FatFs/src/ff.c.obj
 .text.find_volume
                0x0800bbbc      0x358 CMakeFiles/H7OS.elf.dir/Middlewares/Third_Party/FatFs/src/ff.c.obj
 .text.unlock_fs
                0x0800bf14       0x24 CMakeFiles/H7OS.elf.dir/Middlewares/Third_Party/FatFs/src/ff.c.obj
 .text.f_mount  0x0800bf38       0x84 CMakeFiles/H7OS.elf.dir/Middlewares/Third_Party/FatFs/src/ff.c.obj
                0x0800bf38                f_mount
 .text.f_mkfs   0x0800bfbc      0x68c CMakeFiles/H7OS.elf.dir/Middlewares/Third_Party/FatFs/src/ff.c.obj
                0x0800bfbc                f_mkfs
 .text.FATFS_LinkDriverEx
                0x0800c648       0x54 CMakeFiles/H7OS.elf.dir/Middlewares/Third_Party/FatFs/src/ff_gen_drv.c.obj
                0x0800c648                FATFS_LinkDriverEx
 .text.FATFS_LinkDriver
                0x0800c69c        0xa CMakeFiles/H7OS.elf.dir/Middlewares/Third_Party/FatFs/src/ff_gen_drv.c.obj
                0x0800c69c                FATFS_LinkDriver
 .text.ff_cre_syncobj
                0x0800c6a6       0x20 CMakeFiles/H7OS.elf.dir/Middlewares/Third_Party/FatFs/src/option/syscall.c.obj
                0x0800c6a6                ff_cre_syncobj
 .text.ff_del_syncobj
                0x0800c6c6        0xa CMakeFiles/H7OS.elf.dir/Middlewares/Third_Party/FatFs/src/option/syscall.c.obj
                0x0800c6c6                ff_del_syncobj
 .text.ff_req_grant
                0x0800c6d0       0x14 CMakeFiles/H7OS.elf.dir/Middlewares/Third_Party/FatFs/src/option/syscall.c.obj
                0x0800c6d0                ff_req_grant
 .text.ff_rel_grant
                0x0800c6e4        0x8 CMakeFiles/H7OS.elf.dir/Middlewares/Third_Party/FatFs/src/option/syscall.c.obj
                0x0800c6e4                ff_rel_grant
 .text.makeFreeRtosPriority
                0x0800c6ec        0xc CMakeFiles/H7OS.elf.dir/Middlewares/Third_Party/FreeRTOS/Source/CMSIS_RTOS/cmsis_os.c.obj
 .text.inHandlerMode
                0x0800c6f8        0xc CMakeFiles/H7OS.elf.dir/Middlewares/Third_Party/FreeRTOS/Source/CMSIS_RTOS/cmsis_os.c.obj
 .text.osKernelStart
                0x0800c704        0xa CMakeFiles/H7OS.elf.dir/Middlewares/Third_Party/FreeRTOS/Source/CMSIS_RTOS/cmsis_os.c.obj
                0x0800c704                osKernelStart
 .text.osKernelRunning
                0x0800c70e       0x12 CMakeFiles/H7OS.elf.dir/Middlewares/Third_Party/FreeRTOS/Source/CMSIS_RTOS/cmsis_os.c.obj
                0x0800c70e                osKernelRunning
 .text.osKernelSysTick
                0x0800c720       0x14 CMakeFiles/H7OS.elf.dir/Middlewares/Third_Party/FreeRTOS/Source/CMSIS_RTOS/cmsis_os.c.obj
                0x0800c720                osKernelSysTick
 .text.osThreadCreate
                0x0800c734       0x6a CMakeFiles/H7OS.elf.dir/Middlewares/Third_Party/FreeRTOS/Source/CMSIS_RTOS/cmsis_os.c.obj
                0x0800c734                osThreadCreate
 .text.osDelay  0x0800c79e        0xe CMakeFiles/H7OS.elf.dir/Middlewares/Third_Party/FreeRTOS/Source/CMSIS_RTOS/cmsis_os.c.obj
                0x0800c79e                osDelay
 .text.osSemaphoreCreate
                0x0800c7ac       0x48 CMakeFiles/H7OS.elf.dir/Middlewares/Third_Party/FreeRTOS/Source/CMSIS_RTOS/cmsis_os.c.obj
                0x0800c7ac                osSemaphoreCreate
 .text.osSemaphoreWait
                0x0800c7f4       0x5e CMakeFiles/H7OS.elf.dir/Middlewares/Third_Party/FreeRTOS/Source/CMSIS_RTOS/cmsis_os.c.obj
                0x0800c7f4                osSemaphoreWait
 .text.osSemaphoreRelease
                0x0800c852       0x5a CMakeFiles/H7OS.elf.dir/Middlewares/Third_Party/FreeRTOS/Source/CMSIS_RTOS/cmsis_os.c.obj
                0x0800c852                osSemaphoreRelease
 .text.osSemaphoreDelete
                0x0800c8ac       0x18 CMakeFiles/H7OS.elf.dir/Middlewares/Third_Party/FreeRTOS/Source/CMSIS_RTOS/cmsis_os.c.obj
                0x0800c8ac                osSemaphoreDelete
 .text.osMessageCreate
                0x0800c8c4       0x2a CMakeFiles/H7OS.elf.dir/Middlewares/Third_Party/FreeRTOS/Source/CMSIS_RTOS/cmsis_os.c.obj
                0x0800c8c4                osMessageCreate
 .text.osMessagePut
                0x0800c8ee       0x66 CMakeFiles/H7OS.elf.dir/Middlewares/Third_Party/FreeRTOS/Source/CMSIS_RTOS/cmsis_os.c.obj
                0x0800c8ee                osMessagePut
 .text.osMessageGet
                0x0800c954       0x88 CMakeFiles/H7OS.elf.dir/Middlewares/Third_Party/FreeRTOS/Source/CMSIS_RTOS/cmsis_os.c.obj
                0x0800c954                osMessageGet
 .text.vListInitialise
                0x0800c9dc       0x16 CMakeFiles/H7OS.elf.dir/Middlewares/Third_Party/FreeRTOS/Source/list.c.obj
                0x0800c9dc                vListInitialise
 .text.vListInitialiseItem
                0x0800c9f2        0x6 CMakeFiles/H7OS.elf.dir/Middlewares/Third_Party/FreeRTOS/Source/list.c.obj
                0x0800c9f2                vListInitialiseItem
 .text.vListInsertEnd
                0x0800c9f8       0x16 CMakeFiles/H7OS.elf.dir/Middlewares/Third_Party/FreeRTOS/Source/list.c.obj
                0x0800c9f8                vListInsertEnd
 .text.vListInsert
                0x0800ca0e       0x32 CMakeFiles/H7OS.elf.dir/Middlewares/Third_Party/FreeRTOS/Source/list.c.obj
                0x0800ca0e                vListInsert
 .text.uxListRemove
                0x0800ca40       0x26 CMakeFiles/H7OS.elf.dir/Middlewares/Third_Party/FreeRTOS/Source/list.c.obj
                0x0800ca40                uxListRemove
 *fill*         0x0800ca66        0x2 
 .text.prvTaskExitError
                0x0800ca68       0x40 CMakeFiles/H7OS.elf.dir/Middlewares/Third_Party/FreeRTOS/Source/portable/GCC/ARM_CM4F/port.c.obj
 .text.prvPortStartFirstTask
                0x0800caa8       0x28 CMakeFiles/H7OS.elf.dir/Middlewares/Third_Party/FreeRTOS/Source/portable/GCC/ARM_CM4F/port.c.obj
 .text.vPortEnableVFP
                0x0800cad0       0x14 CMakeFiles/H7OS.elf.dir/Middlewares/Third_Party/FreeRTOS/Source/portable/GCC/ARM_CM4F/port.c.obj
 .text.pxPortInitialiseStack
                0x0800cae4       0x2c CMakeFiles/H7OS.elf.dir/Middlewares/Third_Party/FreeRTOS/Source/portable/GCC/ARM_CM4F/port.c.obj
                0x0800cae4                pxPortInitialiseStack
 .text.SVC_Handler
                0x0800cb10       0x24 CMakeFiles/H7OS.elf.dir/Middlewares/Third_Party/FreeRTOS/Source/portable/GCC/ARM_CM4F/port.c.obj
                0x0800cb10                SVC_Handler
 .text.vPortEnterCritical
                0x0800cb34       0x44 CMakeFiles/H7OS.elf.dir/Middlewares/Third_Party/FreeRTOS/Source/portable/GCC/ARM_CM4F/port.c.obj
                0x0800cb34                vPortEnterCritical
 .text.vPortExitCritical
                0x0800cb78       0x2c CMakeFiles/H7OS.elf.dir/Middlewares/Third_Party/FreeRTOS/Source/portable/GCC/ARM_CM4F/port.c.obj
                0x0800cb78                vPortExitCritical
 *fill*         0x0800cba4        0xc 
 .text.PendSV_Handler
                0x0800cbb0       0x64 CMakeFiles/H7OS.elf.dir/Middlewares/Third_Party/FreeRTOS/Source/portable/GCC/ARM_CM4F/port.c.obj
                0x0800cbb0                PendSV_Handler
 .text.SysTick_Handler
                0x0800cc14       0x2c CMakeFiles/H7OS.elf.dir/Middlewares/Third_Party/FreeRTOS/Source/portable/GCC/ARM_CM4F/port.c.obj
                0x0800cc14                SysTick_Handler
 .text.vPortSetupTimerInterrupt
                0x0800cc40       0x28 CMakeFiles/H7OS.elf.dir/Middlewares/Third_Party/FreeRTOS/Source/portable/GCC/ARM_CM4F/port.c.obj
                0x0800cc40                vPortSetupTimerInterrupt
 .text.xPortStartScheduler
                0x0800cc68      0x118 CMakeFiles/H7OS.elf.dir/Middlewares/Third_Party/FreeRTOS/Source/portable/GCC/ARM_CM4F/port.c.obj
                0x0800cc68                xPortStartScheduler
 .text.vPortValidateInterruptPriority
                0x0800cd80       0x5c CMakeFiles/H7OS.elf.dir/Middlewares/Third_Party/FreeRTOS/Source/portable/GCC/ARM_CM4F/port.c.obj
                0x0800cd80                vPortValidateInterruptPriority
 .text.prvHeapInit
                0x0800cddc       0x64 CMakeFiles/H7OS.elf.dir/Middlewares/Third_Party/FreeRTOS/Source/portable/MemMang/heap_4.c.obj
 .text.prvInsertBlockIntoFreeList
                0x0800ce40       0x64 CMakeFiles/H7OS.elf.dir/Middlewares/Third_Party/FreeRTOS/Source/portable/MemMang/heap_4.c.obj
 .text.pvPortMalloc
                0x0800cea4       0xfc CMakeFiles/H7OS.elf.dir/Middlewares/Third_Party/FreeRTOS/Source/portable/MemMang/heap_4.c.obj
                0x0800cea4                pvPortMalloc
 .text.vPortFree
                0x0800cfa0       0x7c CMakeFiles/H7OS.elf.dir/Middlewares/Third_Party/FreeRTOS/Source/portable/MemMang/heap_4.c.obj
                0x0800cfa0                vPortFree
 .text.prvGetDisinheritPriorityAfterTimeout
                0x0800d01c       0x10 CMakeFiles/H7OS.elf.dir/Middlewares/Third_Party/FreeRTOS/Source/queue.c.obj
 .text.prvIsQueueFull
                0x0800d02c       0x1e CMakeFiles/H7OS.elf.dir/Middlewares/Third_Party/FreeRTOS/Source/queue.c.obj
 .text.prvIsQueueEmpty
                0x0800d04a       0x1a CMakeFiles/H7OS.elf.dir/Middlewares/Third_Party/FreeRTOS/Source/queue.c.obj
 .text.prvCopyDataToQueue
                0x0800d064       0x76 CMakeFiles/H7OS.elf.dir/Middlewares/Third_Party/FreeRTOS/Source/queue.c.obj
 .text.prvCopyDataFromQueue
                0x0800d0da       0x24 CMakeFiles/H7OS.elf.dir/Middlewares/Third_Party/FreeRTOS/Source/queue.c.obj
 .text.prvUnlockQueue
                0x0800d0fe       0x6e CMakeFiles/H7OS.elf.dir/Middlewares/Third_Party/FreeRTOS/Source/queue.c.obj
 .text.xQueueGenericReset
                0x0800d16c       0x84 CMakeFiles/H7OS.elf.dir/Middlewares/Third_Party/FreeRTOS/Source/queue.c.obj
                0x0800d16c                xQueueGenericReset
 .text.prvInitialiseNewQueue
                0x0800d1f0       0x22 CMakeFiles/H7OS.elf.dir/Middlewares/Third_Party/FreeRTOS/Source/queue.c.obj
 .text.xQueueGenericCreateStatic
                0x0800d212       0xa6 CMakeFiles/H7OS.elf.dir/Middlewares/Third_Party/FreeRTOS/Source/queue.c.obj
                0x0800d212                xQueueGenericCreateStatic
 .text.xQueueGenericCreate
                0x0800d2b8       0x48 CMakeFiles/H7OS.elf.dir/Middlewares/Third_Party/FreeRTOS/Source/queue.c.obj
                0x0800d2b8                xQueueGenericCreate
 .text.xQueueGenericSend
                0x0800d300      0x188 CMakeFiles/H7OS.elf.dir/Middlewares/Third_Party/FreeRTOS/Source/queue.c.obj
                0x0800d300                xQueueGenericSend
 .text.xQueueGenericSendFromISR
                0x0800d488       0xce CMakeFiles/H7OS.elf.dir/Middlewares/Third_Party/FreeRTOS/Source/queue.c.obj
                0x0800d488                xQueueGenericSendFromISR
 .text.xQueueGiveFromISR
                0x0800d556       0xb2 CMakeFiles/H7OS.elf.dir/Middlewares/Third_Party/FreeRTOS/Source/queue.c.obj
                0x0800d556                xQueueGiveFromISR
 .text.xQueueReceive
                0x0800d608      0x15e CMakeFiles/H7OS.elf.dir/Middlewares/Third_Party/FreeRTOS/Source/queue.c.obj
                0x0800d608                xQueueReceive
 .text.xQueueSemaphoreTake
                0x0800d766      0x1a6 CMakeFiles/H7OS.elf.dir/Middlewares/Third_Party/FreeRTOS/Source/queue.c.obj
                0x0800d766                xQueueSemaphoreTake
 .text.xQueueReceiveFromISR
                0x0800d90c       0xa8 CMakeFiles/H7OS.elf.dir/Middlewares/Third_Party/FreeRTOS/Source/queue.c.obj
                0x0800d90c                xQueueReceiveFromISR
 .text.vQueueUnregisterQueue
                0x0800d9b4       0x2c CMakeFiles/H7OS.elf.dir/Middlewares/Third_Party/FreeRTOS/Source/queue.c.obj
                0x0800d9b4                vQueueUnregisterQueue