Archive member included to satisfy reference by file (symbol)

e:/program files (x86)/gnu arm embedded toolchain/10 2021.10/bin/../lib/gcc/arm-none-eabi/10.3.1/thumb/v7e-m+fp/hard\libgcc.a(_arm_fixdfsi.o)
                              CMakeFiles/H7OS.elf.dir/Drivers/Kernel/src/u_stdio.c.obj (__aeabi_d2iz)
e:/program files (x86)/gnu arm embedded toolchain/10 2021.10/bin/../lib/gcc/arm-none-eabi/10.3.1/thumb/v7e-m+fp/hard\libgcc.a(_aeabi_uldivmod.o)
                              CMakeFiles/H7OS.elf.dir/Drivers/STM32H7xx_HAL_Driver/Src/stm32h7xx_hal_uart.c.obj (__aeabi_uldivmod)
e:/program files (x86)/gnu arm embedded toolchain/10 2021.10/bin/../lib/gcc/arm-none-eabi/10.3.1/thumb/v7e-m+fp/hard\libgcc.a(_udivmoddi4.o)
                              e:/program files (x86)/gnu arm embedded toolchain/10 2021.10/bin/../lib/gcc/arm-none-eabi/10.3.1/thumb/v7e-m+fp/hard\libgcc.a(_aeabi_uldivmod.o) (__udivmoddi4)
e:/program files (x86)/gnu arm embedded toolchain/10 2021.10/bin/../lib/gcc/arm-none-eabi/10.3.1/thumb/v7e-m+fp/hard\libgcc.a(_dvmd_tls.o)
                              e:/program files (x86)/gnu arm embedded toolchain/10 2021.10/bin/../lib/gcc/arm-none-eabi/10.3.1/thumb/v7e-m+fp/hard\libgcc.a(_aeabi_uldivmod.o) (__aeabi_ldiv0)
e:/program files (x86)/gnu arm embedded toolchain/10 2021.10/bin/../lib/gcc/arm-none-eabi/10.3.1/../../../../arm-none-eabi/lib/thumb/v7e-m+fp/hard\libg.a(lib_a-assert.o)
                              CMakeFiles/H7OS.elf.dir/Drivers/Kernel/src/tlsf.c.obj (__assert_func)
e:/program files (x86)/gnu arm embedded toolchain/10 2021.10/bin/../lib/gcc/arm-none-eabi/10.3.1/../../../../arm-none-eabi/lib/thumb/v7e-m+fp/hard\libg.a(lib_a-errno.o)
                              CMakeFiles/H7OS.elf.dir/Core/Src/syscalls.c.obj (__errno)
e:/program files (x86)/gnu arm embedded toolchain/10 2021.10/bin/../lib/gcc/arm-none-eabi/10.3.1/../../../../arm-none-eabi/lib/thumb/v7e-m+fp/hard\libg.a(lib_a-exit.o)
                              e:/program files (x86)/gnu arm embedded toolchain/10 2021.10/bin/../lib/gcc/arm-none-eabi/10.3.1/../../../../arm-none-eabi/lib/thumb/v7e-m+fp/hard/crt0.o (exit)
e:/program files (x86)/gnu arm embedded toolchain/10 2021.10/bin/../lib/gcc/arm-none-eabi/10.3.1/../../../../arm-none-eabi/lib/thumb/v7e-m+fp/hard\libg.a(lib_a-fiprintf.o)
                              e:/program files (x86)/gnu arm embedded toolchain/10 2021.10/bin/../lib/gcc/arm-none-eabi/10.3.1/../../../../arm-none-eabi/lib/thumb/v7e-m+fp/hard\libg.a(lib_a-assert.o) (fiprintf)
e:/program files (x86)/gnu arm embedded toolchain/10 2021.10/bin/../lib/gcc/arm-none-eabi/10.3.1/../../../../arm-none-eabi/lib/thumb/v7e-m+fp/hard\libg.a(lib_a-impure.o)
                              e:/program files (x86)/gnu arm embedded toolchain/10 2021.10/bin/../lib/gcc/arm-none-eabi/10.3.1/../../../../arm-none-eabi/lib/thumb/v7e-m+fp/hard\libg.a(lib_a-exit.o) (_global_impure_ptr)
e:/program files (x86)/gnu arm embedded toolchain/10 2021.10/bin/../lib/gcc/arm-none-eabi/10.3.1/../../../../arm-none-eabi/lib/thumb/v7e-m+fp/hard\libg.a(lib_a-init.o)
                              e:/program files (x86)/gnu arm embedded toolchain/10 2021.10/bin/../lib/gcc/arm-none-eabi/10.3.1/../../../../arm-none-eabi/lib/thumb/v7e-m+fp/hard/crt0.o (__libc_init_array)
e:/program files (x86)/gnu arm embedded toolchain/10 2021.10/bin/../lib/gcc/arm-none-eabi/10.3.1/../../../../arm-none-eabi/lib/thumb/v7e-m+fp/hard\libg.a(lib_a-memcpy.o)
                              CMakeFiles/H7OS.elf.dir/FATFS/Target/sd_diskio.c.obj (memcpy)
e:/program files (x86)/gnu arm embedded toolchain/10 2021.10/bin/../lib/gcc/arm-none-eabi/10.3.1/../../../../arm-none-eabi/lib/thumb/v7e-m+fp/hard\libg.a(lib_a-memset.o)
                              e:/program files (x86)/gnu arm embedded toolchain/10 2021.10/bin/../lib/gcc/arm-none-eabi/10.3.1/../../../../arm-none-eabi/lib/thumb/v7e-m+fp/hard/crt0.o (memset)
e:/program files (x86)/gnu arm embedded toolchain/10 2021.10/bin/../lib/gcc/arm-none-eabi/10.3.1/../../../../arm-none-eabi/lib/thumb/v7e-m+fp/hard\libg.a(lib_a-reent.o)
                              CMakeFiles/H7OS.elf.dir/Middlewares/Third_Party/FreeRTOS/Source/tasks.c.obj (_reclaim_reent)
e:/program files (x86)/gnu arm embedded toolchain/10 2021.10/bin/../lib/gcc/arm-none-eabi/10.3.1/../../../../arm-none-eabi/lib/thumb/v7e-m+fp/hard\libg.a(lib_a-vfiprintf.o)
                              e:/program files (x86)/gnu arm embedded toolchain/10 2021.10/bin/../lib/gcc/arm-none-eabi/10.3.1/../../../../arm-none-eabi/lib/thumb/v7e-m+fp/hard\libg.a(lib_a-fiprintf.o) (_vfiprintf_r)
e:/program files (x86)/gnu arm embedded toolchain/10 2021.10/bin/../lib/gcc/arm-none-eabi/10.3.1/../../../../arm-none-eabi/lib/thumb/v7e-m+fp/hard\libg.a(lib_a-wsetup.o)
                              e:/program files (x86)/gnu arm embedded toolchain/10 2021.10/bin/../lib/gcc/arm-none-eabi/10.3.1/../../../../arm-none-eabi/lib/thumb/v7e-m+fp/hard\libg.a(lib_a-vfiprintf.o) (__swsetup_r)
[...]
Memory Configuration

Name             Origin             Length             Attributes
FLASH            0x08000000         0x00200000         xr
DTCMRAM          0x20000000         0x00020000         xrw
RAM_D1           0x24000000         0x00080000         xrw
RAM_D2           0x30000000         0x00048000         xrw
RAM_D3           0x38000000         0x00010000         xrw
ITCMRAM          0x00000000         0x00010000         xrw
*default*        0x00000000         0xffffffff

Linker script and memory map

LOAD e:/program files (x86)/gnu arm embedded toolchain/10 2021.10/bin/../lib/gcc/arm-none-eabi/10.3.1/thumb/v7e-m+fp/hard/crti.o
LOAD e:/program files (x86)/gnu arm embedded toolchain/10 2021.10/bin/../lib/gcc/arm-none-eabi/10.3.1/thumb/v7e-m+fp/hard/crtbegin.o
LOAD e:/program files (x86)/gnu arm embedded toolchain/10 2021.10/bin/../lib/gcc/arm-none-eabi/10.3.1/../../../../arm-none-eabi/lib/thumb/v7e-m+fp/hard/crt0.o
LOAD CMakeFiles/H7OS.elf.dir/Applications/src/test.c.obj
LOAD CMakeFiles/H7OS.elf.dir/Command/Register.c.obj
LOAD CMakeFiles/H7OS.elf.dir/Command/cd/cd_main.c.obj
LOAD CMakeFiles/H7OS.elf.dir/Command/ls/ls_main.c.obj
LOAD CMakeFiles/H7OS.elf.dir/Core/Src/dma.c.obj
LOAD CMakeFiles/H7OS.elf.dir/Core/Src/dma2d.c.obj
LOAD CMakeFiles/H7OS.elf.dir/Core/Src/fmc.c.obj
LOAD CMakeFiles/H7OS.elf.dir/Core/Src/freertos.c.obj
LOAD CMakeFiles/H7OS.elf.dir/Core/Src/gpio.c.obj
LOAD CMakeFiles/H7OS.elf.dir/Core/Src/jpeg.c.obj
LOAD CMakeFiles/H7OS.elf.dir/Core/Src/main.c.obj
LOAD CMakeFiles/H7OS.elf.dir/Core/Src/mdma.c.obj
LOAD CMakeFiles/H7OS.elf.dir/Core/Src/quadspi.c.obj
LOAD CMakeFiles/H7OS.elf.dir/Core/Src/rng.c.obj
LOAD CMakeFiles/H7OS.elf.dir/Core/Src/rtc.c.obj
LOAD CMakeFiles/H7OS.elf.dir/Core/Src/sdmmc.c.obj
LOAD CMakeFiles/H7OS.elf.dir/Core/Src/stm32h7xx_hal_msp.c.obj
LOAD CMakeFiles/H7OS.elf.dir/Core/Src/stm32h7xx_hal_timebase_tim.c.obj
LOAD CMakeFiles/H7OS.elf.dir/Core/Src/stm32h7xx_it.c.obj
LOAD CMakeFiles/H7OS.elf.dir/Core/Src/syscalls.c.obj
LOAD CMakeFiles/H7OS.elf.dir/Core/Src/sysmem.c.obj
LOAD CMakeFiles/H7OS.elf.dir/Core/Src/system_stm32h7xx.c.obj
LOAD CMakeFiles/H7OS.elf.dir/Core/Src/usart.c.obj
LOAD CMakeFiles/H7OS.elf.dir/Core/Startup/startup_stm32h743iitx.s.obj
LOAD CMakeFiles/H7OS.elf.dir/Drivers/Kernel/src/memctl.c.obj
LOAD CMakeFiles/H7OS.elf.dir/Drivers/Kernel/src/timer.c.obj
LOAD CMakeFiles/H7OS.elf.dir/Drivers/Kernel/src/tlsf.c.obj
LOAD CMakeFiles/H7OS.elf.dir/Drivers/Kernel/src/u_stdio.c.obj
LOAD CMakeFiles/H7OS.elf.dir/Drivers/Kernel/src/u_thread.c.obj
LOAD CMakeFiles/H7OS.elf.dir/Drivers/STM32H7xx_HAL_Driver/Src/stm32h7xx_hal.c.obj
LOAD CMakeFiles/H7OS.elf.dir/Drivers/STM32H7xx_HAL_Driver/Src/stm32h7xx_hal_cortex.c.obj
LOAD CMakeFiles/H7OS.elf.dir/Drivers/STM32H7xx_HAL_Driver/Src/stm32h7xx_hal_dma.c.obj
LOAD CMakeFiles/H7OS.elf.dir/Drivers/STM32H7xx_HAL_Driver/Src/stm32h7xx_hal_dma2d.c.obj
LOAD CMakeFiles/H7OS.elf.dir/Drivers/STM32H7xx_HAL_Driver/Src/stm32h7xx_hal_dma_ex.c.obj
LOAD CMakeFiles/H7OS.elf.dir/Drivers/STM32H7xx_HAL_Driver/Src/stm32h7xx_hal_exti.c.obj
LOAD CMakeFiles/H7OS.elf.dir/Drivers/STM32H7xx_HAL_Driver/Src/stm32h7xx_hal_flash.c.obj
LOAD CMakeFiles/H7OS.elf.dir/Drivers/STM32H7xx_HAL_Driver/Src/stm32h7xx_hal_flash_ex.c.obj
LOAD CMakeFiles/H7OS.elf.dir/Drivers/STM32H7xx_HAL_Driver/Src/stm32h7xx_hal_gpio.c.obj
LOAD CMakeFiles/H7OS.elf.dir/Drivers/STM32H7xx_HAL_Driver/Src/stm32h7xx_hal_hsem.c.obj
LOAD CMakeFiles/H7OS.elf.dir/Drivers/STM32H7xx_HAL_Driver/Src/stm32h7xx_hal_i2c.c.obj
LOAD CMakeFiles/H7OS.elf.dir/Drivers/STM32H7xx_HAL_Driver/Src/stm32h7xx_hal_i2c_ex.c.obj
LOAD CMakeFiles/H7OS.elf.dir/Drivers/STM32H7xx_HAL_Driver/Src/stm32h7xx_hal_jpeg.c.obj
LOAD CMakeFiles/H7OS.elf.dir/Drivers/STM32H7xx_HAL_Driver/Src/stm32h7xx_hal_mdma.c.obj
LOAD CMakeFiles/H7OS.elf.dir/Drivers/STM32H7xx_HAL_Driver/Src/stm32h7xx_hal_pwr.c.obj
LOAD CMakeFiles/H7OS.elf.dir/Drivers/STM32H7xx_HAL_Driver/Src/stm32h7xx_hal_pwr_ex.c.obj
LOAD CMakeFiles/H7OS.elf.dir/Drivers/STM32H7xx_HAL_Driver/Src/stm32h7xx_hal_qspi.c.obj
LOAD CMakeFiles/H7OS.elf.dir/Drivers/STM32H7xx_HAL_Driver/Src/stm32h7xx_hal_rcc.c.obj
LOAD CMakeFiles/H7OS.elf.dir/Drivers/STM32H7xx_HAL_Driver/Src/stm32h7xx_hal_rcc_ex.c.obj
LOAD CMakeFiles/H7OS.elf.dir/Drivers/STM32H7xx_HAL_Driver/Src/stm32h7xx_hal_rng.c.obj
LOAD CMakeFiles/H7OS.elf.dir/Drivers/STM32H7xx_HAL_Driver/Src/stm32h7xx_hal_rng_ex.c.obj
LOAD CMakeFiles/H7OS.elf.dir/Drivers/STM32H7xx_HAL_Driver/Src/stm32h7xx_hal_rtc.c.obj
LOAD CMakeFiles/H7OS.elf.dir/Drivers/STM32H7xx_HAL_Driver/Src/stm32h7xx_hal_rtc_ex.c.obj
LOAD CMakeFiles/H7OS.elf.dir/Drivers/STM32H7xx_HAL_Driver/Src/stm32h7xx_hal_sd.c.obj
LOAD CMakeFiles/H7OS.elf.dir/Drivers/STM32H7xx_HAL_Driver/Src/stm32h7xx_hal_sd_ex.c.obj
LOAD CMakeFiles/H7OS.elf.dir/Drivers/STM32H7xx_HAL_Driver/Src/stm32h7xx_hal_sdram.c.obj
LOAD CMakeFiles/H7OS.elf.dir/Drivers/STM32H7xx_HAL_Driver/Src/stm32h7xx_hal_tim.c.obj
LOAD CMakeFiles/H7OS.elf.dir/Drivers/STM32H7xx_HAL_Driver/Src/stm32h7xx_hal_tim_ex.c.obj
LOAD CMakeFiles/H7OS.elf.dir/Drivers/STM32H7xx_HAL_Driver/Src/stm32h7xx_hal_uart.c.obj
LOAD CMakeFiles/H7OS.elf.dir/Drivers/STM32H7xx_HAL_Driver/Src/stm32h7xx_hal_uart_ex.c.obj
LOAD CMakeFiles/H7OS.elf.dir/Drivers/STM32H7xx_HAL_Driver/Src/stm32h7xx_ll_delayblock.c.obj
LOAD CMakeFiles/H7OS.elf.dir/Drivers/STM32H7xx_HAL_Driver/Src/stm32h7xx_ll_fmc.c.obj
LOAD CMakeFiles/H7OS.elf.dir/Drivers/STM32H7xx_HAL_Driver/Src/stm32h7xx_ll_sdmmc.c.obj
LOAD CMakeFiles/H7OS.elf.dir/FATFS/App/fatfs.c.obj
LOAD CMakeFiles/H7OS.elf.dir/FATFS/Target/bsp_driver_sd.c.obj
LOAD CMakeFiles/H7OS.elf.dir/FATFS/Target/fatfs_platform.c.obj
LOAD CMakeFiles/H7OS.elf.dir/FATFS/Target/sd_diskio.c.obj
LOAD CMakeFiles/H7OS.elf.dir/Middlewares/Third_Party/FatFs/src/diskio.c.obj
LOAD CMakeFiles/H7OS.elf.dir/Middlewares/Third_Party/FatFs/src/ff.c.obj
LOAD CMakeFiles/H7OS.elf.dir/Middlewares/Third_Party/FatFs/src/ff_gen_drv.c.obj
LOAD CMakeFiles/H7OS.elf.dir/Middlewares/Third_Party/FatFs/src/option/ccsbcs.c.obj
LOAD CMakeFiles/H7OS.elf.dir/Middlewares/Third_Party/FatFs/src/option/syscall.c.obj
LOAD CMakeFiles/H7OS.elf.dir/Middlewares/Third_Party/FreeRTOS/Source/CMSIS_RTOS/cmsis_os.c.obj
LOAD CMakeFiles/H7OS.elf.dir/Middlewares/Third_Party/FreeRTOS/Source/croutine.c.obj
LOAD CMakeFiles/H7OS.elf.dir/Middlewares/Third_Party/FreeRTOS/Source/event_groups.c.obj
LOAD CMakeFiles/H7OS.elf.dir/Middlewares/Third_Party/FreeRTOS/Source/list.c.obj
LOAD CMakeFiles/H7OS.elf.dir/Middlewares/Third_Party/FreeRTOS/Source/portable/GCC/ARM_CM4F/port.c.obj
LOAD CMakeFiles/H7OS.elf.dir/Middlewares/Third_Party/FreeRTOS/Source/portable/MemMang/heap_4.c.obj
LOAD CMakeFiles/H7OS.elf.dir/Middlewares/Third_Party/FreeRTOS/Source/queue.c.obj
LOAD CMakeFiles/H7OS.elf.dir/Middlewares/Third_Party/FreeRTOS/Source/stream_buffer.c.obj
LOAD CMakeFiles/H7OS.elf.dir/Middlewares/Third_Party/FreeRTOS/Source/tasks.c.obj
LOAD CMakeFiles/H7OS.elf.dir/Middlewares/Third_Party/FreeRTOS/Source/timers.c.obj
LOAD CMakeFiles/H7OS.elf.dir/RAMFS/init.d/DrT/DrT.c.obj
LOAD CMakeFiles/H7OS.elf.dir/Utilities/JPEG/jpeg_utils.c.obj
START GROUP
LOAD e:/program files (x86)/gnu arm embedded toolchain/10 2021.10/bin/../lib/gcc/arm-none-eabi/10.3.1/thumb/v7e-m+fp/hard\libgcc.a
LOAD e:/program files (x86)/gnu arm embedded toolchain/10 2021.10/bin/../lib/gcc/arm-none-eabi/10.3.1/../../../../arm-none-eabi/lib/thumb/v7e-m+fp/hard\libg.a
LOAD e:/program files (x86)/gnu arm embedded toolchain/10 2021.10/bin/../lib/gcc/arm-none-eabi/10.3.1/../../../../arm-none-eabi/lib/thumb/v7e-m+fp/hard\libc.a
END GROUP
LOAD e:/program files (x86)/gnu arm embedded toolchain/10 2021.10/bin/../lib/gcc/arm-none-eabi/10.3.1/thumb/v7e-m+fp/hard/crtend.o
LOAD e:/program files (x86)/gnu arm embedded toolchain/10 2021.10/bin/../lib/gcc/arm-none-eabi/10.3.1/thumb/v7e-m+fp/hard/crtn.o
                0x24080000                _estack = (ORIGIN (RAM_D1) + LENGTH (RAM_D1))
                0x00000200                _Min_Heap_Size = 0x200
                0x00000400                _Min_Stack_Size = 0x400

.isr_vector     0x08000000      0x298
                0x08000000                . = ALIGN (0x4)
 *(.isr_vector)
 .isr_vector    0x08000000      0x298 CMakeFiles/H7OS.elf.dir/Core/Startup/startup_stm32h743iitx.s.obj
                0x08000000                g_pfnVectors
                0x08000298                . = ALIGN (0x4)

.text           0x080002a0     0xf588
                0x080002a0                . = ALIGN (0x4)
 *(.text)
 .text          0x080002a0       0x40 e:/program files (x86)/gnu arm embedded toolchain/10 2021.10/bin/../lib/gcc/arm-none-eabi/10.3.1/thumb/v7e-m+fp/hard/crtbegin.o
 .text          0x080002e0       0x50 e:/program files (x86)/gnu arm embedded toolchain/10 2021.10/bin/../lib/gcc/arm-none-eabi/10.3.1/thumb/v7e-m+fp/hard\libgcc.a(_arm_fixdfsi.o)
                0x080002e0                __aeabi_d2iz
                0x080002e0                __fixdfsi
 .text          0x08000330       0x30 e:/program files (x86)/gnu arm embedded toolchain/10 2021.10/bin/../lib/gcc/arm-none-eabi/10.3.1/thumb/v7e-m+fp/hard\libgcc.a(_aeabi_uldivmod.o)
                0x08000330                __aeabi_uldivmod
 .text          0x08000360      0x2d0 e:/program files (x86)/gnu arm embedded toolchain/10 2021.10/bin/../lib/gcc/arm-none-eabi/10.3.1/thumb/v7e-m+fp/hard\libgcc.a(_udivmoddi4.o)
                0x08000360                __udivmoddi4
 .text          0x08000630        0x4 e:/program files (x86)/gnu arm embedded toolchain/10 2021.10/bin/../lib/gcc/arm-none-eabi/10.3.1/thumb/v7e-m+fp/hard\libgcc.a(_dvmd_tls.o)
                0x08000630                __aeabi_idiv0
                0x08000630                __aeabi_ldiv0
 .text          0x08000634      0x134 e:/program files (x86)/gnu arm embedded toolchain/10 2021.10/bin/../lib/gcc/arm-none-eabi/10.3.1/../../../../arm-none-eabi/lib/thumb/v7e-m+fp/hard\libg.a(lib_a-memcpy.o)
                0x08000634                memcpy
 *fill*         0x08000768        0x8 
 .text          0x08000770       0xa0 e:/program files (x86)/gnu arm embedded toolchain/10 2021.10/bin/../lib/gcc/arm-none-eabi/10.3.1/../../../../arm-none-eabi/lib/thumb/v7e-m+fp/hard\libg.a(lib_a-memchr.o)
                0x08000770                memchr
 *(.text*)
 .text.testFuncInit
                0x08000810       0x84 CMakeFiles/H7OS.elf.dir/Applications/src/test.c.obj
                0x08000810                testFuncInit
 .text.testFunc
                0x08000894       0x20 CMakeFiles/H7OS.elf.dir/Applications/src/test.c.obj
                0x08000894                testFunc
 .text.register_main
                0x080008b4       0x30 CMakeFiles/H7OS.elf.dir/Command/Register.c.obj
                0x080008b4                register_main
 .text.cd_main  0x080008e4       0x38 CMakeFiles/H7OS.elf.dir/Command/cd/cd_main.c.obj
                0x080008e4                cd_main
 .text.ls_main  0x0800091c       0x40 CMakeFiles/H7OS.elf.dir/Command/ls/ls_main.c.obj
                0x0800091c                ls_main
 .text.MX_DMA_Init
                0x0800095c       0x38 CMakeFiles/H7OS.elf.dir/Core/Src/dma.c.obj
                0x0800095c                MX_DMA_Init
 .text.MX_DMA2D_Init
                0x08000994       0x48 CMakeFiles/H7OS.elf.dir/Core/Src/dma2d.c.obj
                0x08000994                MX_DMA2D_Init
 .text.HAL_DMA2D_MspInit
                0x080009dc       0x34 CMakeFiles/H7OS.elf.dir/Core/Src/dma2d.c.obj
                0x080009dc                HAL_DMA2D_MspInit
 .text.HAL_FMC_MspInit
                0x08000a10       0xf0 CMakeFiles/H7OS.elf.dir/Core/Src/fmc.c.obj
 .text.SDRAM_Initialization_Sequence
                0x08000b00       0x8a CMakeFiles/H7OS.elf.dir/Core/Src/fmc.c.obj
                0x08000b00                SDRAM_Initialization_Sequence
 *fill*         0x08000b8a        0x2 
 .text.MX_FMC_Init
                0x08000b8c       0x80 CMakeFiles/H7OS.elf.dir/Core/Src/fmc.c.obj
                0x08000b8c                MX_FMC_Init
 .text.HAL_SDRAM_MspInit
                0x08000c0c        0x8 CMakeFiles/H7OS.elf.dir/Core/Src/fmc.c.obj
                0x08000c0c                HAL_SDRAM_MspInit
 .text.ShellTask
                0x08000c14        0x8 CMakeFiles/H7OS.elf.dir/Core/Src/freertos.c.obj
                0x08000c14                ShellTask
 .text.vApplicationGetIdleTaskMemory
                0x08000c1c       0x18 CMakeFiles/H7OS.elf.dir/Core/Src/freertos.c.obj
                0x08000c1c                vApplicationGetIdleTaskMemory
 .text.MX_FREERTOS_Init
                0x08000c34       0x38 CMakeFiles/H7OS.elf.dir/Core/Src/freertos.c.obj
                0x08000c34                MX_FREERTOS_Init
 .text.MX_GPIO_Init
                0x08000c6c      0x110 CMakeFiles/H7OS.elf.dir/Core/Src/gpio.c.obj
                0x08000c6c                MX_GPIO_Init
 .text.MX_JPEG_Init
                0x08000d7c       0x20 CMakeFiles/H7OS.elf.dir/Core/Src/jpeg.c.obj
                0x08000d7c                MX_JPEG_Init
 .text.HAL_JPEG_MspInit
                0x08000d9c       0x34 CMakeFiles/H7OS.elf.dir/Core/Src/jpeg.c.obj
                0x08000d9c                HAL_JPEG_MspInit
 .text.MPU_Config
                0x08000dd0       0x56 CMakeFiles/H7OS.elf.dir/Core/Src/main.c.obj
 *fill*         0x08000e26        0x2 
 .text.HAL_TIM_PeriodElapsedCallback
                0x08000e28       0x18 CMakeFiles/H7OS.elf.dir/Core/Src/main.c.obj
                0x08000e28                HAL_TIM_PeriodElapsedCallback
 .text.Error_Handler
                0x08000e40        0x4 CMakeFiles/H7OS.elf.dir/Core/Src/main.c.obj
                0x08000e40                Error_Handler
 .text.SystemClock_Config
                0x08000e44      0x12c CMakeFiles/H7OS.elf.dir/Core/Src/main.c.obj
                0x08000e44                SystemClock_Config
 .text.main     0x08000f70       0xd8 CMakeFiles/H7OS.elf.dir/Core/Src/main.c.obj
                0x08000f70                main
 .text.MX_MDMA_Init
                0x08001048       0x90 CMakeFiles/H7OS.elf.dir/Core/Src/mdma.c.obj
                0x08001048                MX_MDMA_Init
 .text.MX_QUADSPI_Init
                0x080010d8       0x38 CMakeFiles/H7OS.elf.dir/Core/Src/quadspi.c.obj
                0x080010d8                MX_QUADSPI_Init
 .text.HAL_QSPI_MspInit
                0x08001110      0x190 CMakeFiles/H7OS.elf.dir/Core/Src/quadspi.c.obj
                0x08001110                HAL_QSPI_MspInit
 .text.QSPI_W25Qxx_AutoPollingMemReady
                0x080012a0       0x58 CMakeFiles/H7OS.elf.dir/Core/Src/quadspi.c.obj
                0x080012a0                QSPI_W25Qxx_AutoPollingMemReady
 .text.QSPI_W25Qxx_WriteEnable
                0x080012f8       0x78 CMakeFiles/H7OS.elf.dir/Core/Src/quadspi.c.obj
                0x080012f8                QSPI_W25Qxx_WriteEnable
 .text.QSPI_W25Qxx_BlockErase_32K
                0x08001370       0x60 CMakeFiles/H7OS.elf.dir/Core/Src/quadspi.c.obj
                0x08001370                QSPI_W25Qxx_BlockErase_32K
 .text.HAL_QSPI_RxCpltCallback
                0x080013d0        0xc CMakeFiles/H7OS.elf.dir/Core/Src/quadspi.c.obj
                0x080013d0                HAL_QSPI_RxCpltCallback
 .text.MX_RNG_Init
                0x080013dc       0x24 CMakeFiles/H7OS.elf.dir/Core/Src/rng.c.obj
                0x080013dc                MX_RNG_Init
 .text.HAL_RNG_MspInit
                0x08001400       0x58 CMakeFiles/H7OS.elf.dir/Core/Src/rng.c.obj
                0x08001400                HAL_RNG_MspInit
 .text.MX_RTC_Init
                0x08001458       0x34 CMakeFiles/H7OS.elf.dir/Core/Src/rtc.c.obj
                0x08001458                MX_RTC_Init
 .text.HAL_RTC_MspInit
                0x0800148c       0x50 CMakeFiles/H7OS.elf.dir/Core/Src/rtc.c.obj
                0x0800148c                HAL_RTC_MspInit
 .text.MX_SDMMC1_SD_Init
                0x080014dc       0x24 CMakeFiles/H7OS.elf.dir/Core/Src/sdmmc.c.obj
                0x080014dc                MX_SDMMC1_SD_Init
 .text.HAL_SD_MspInit
                0x08001500       0xe0 CMakeFiles/H7OS.elf.dir/Core/Src/sdmmc.c.obj
                0x08001500                HAL_SD_MspInit
 .text.HAL_MspInit
                0x080015e0       0x34 CMakeFiles/H7OS.elf.dir/Core/Src/stm32h7xx_hal_msp.c.obj
                0x080015e0                HAL_MspInit
 .text.HAL_InitTick
                0x08001614       0x90 CMakeFiles/H7OS.elf.dir/Core/Src/stm32h7xx_hal_timebase_tim.c.obj
                0x08001614                HAL_InitTick
 .text.NMI_Handler
                0x080016a4        0x2 CMakeFiles/H7OS.elf.dir/Core/Src/stm32h7xx_it.c.obj
                0x080016a4                NMI_Handler
 .text.HardFault_Handler
                0x080016a6        0x2 CMakeFiles/H7OS.elf.dir/Core/Src/stm32h7xx_it.c.obj
                0x080016a6                HardFault_Handler
 .text.MemManage_Handler
                0x080016a8        0x2 CMakeFiles/H7OS.elf.dir/Core/Src/stm32h7xx_it.c.obj
                0x080016a8                MemManage_Handler
 .text.BusFault_Handler
                0x080016aa        0x2 CMakeFiles/H7OS.elf.dir/Core/Src/stm32h7xx_it.c.obj
                0x080016aa                BusFault_Handler
 .text.UsageFault_Handler
                0x080016ac        0x2 CMakeFiles/H7OS.elf.dir/Core/Src/stm32h7xx_it.c.obj
                0x080016ac                UsageFault_Handler
 .text.DebugMon_Handler
                0x080016ae        0x2 CMakeFiles/H7OS.elf.dir/Core/Src/stm32h7xx_it.c.obj
                0x080016ae                DebugMon_Handler
 .text.DMA1_Stream0_IRQHandler
                0x080016b0       0x10 CMakeFiles/H7OS.elf.dir/Core/Src/stm32h7xx_it.c.obj
                0x080016b0                DMA1_Stream0_IRQHandler
 .text.TIM1_UP_IRQHandler
                0x080016c0       0x10 CMakeFiles/H7OS.elf.dir/Core/Src/stm32h7xx_it.c.obj
                0x080016c0                TIM1_UP_IRQHandler
 .text.SDMMC1_IRQHandler
                0x080016d0       0x10 CMakeFiles/H7OS.elf.dir/Core/Src/stm32h7xx_it.c.obj
                0x080016d0                SDMMC1_IRQHandler
 .text.QUADSPI_IRQHandler
                0x080016e0       0x10 CMakeFiles/H7OS.elf.dir/Core/Src/stm32h7xx_it.c.obj
                0x080016e0                QUADSPI_IRQHandler
 .text.MDMA_IRQHandler
                0x080016f0       0x18 CMakeFiles/H7OS.elf.dir/Core/Src/stm32h7xx_it.c.obj
                0x080016f0                MDMA_IRQHandler
 .text._getpid  0x08001708        0x4 CMakeFiles/H7OS.elf.dir/Core/Src/syscalls.c.obj
                0x08001708                _getpid
 .text._kill    0x0800170c       0x10 CMakeFiles/H7OS.elf.dir/Core/Src/syscalls.c.obj
                0x0800170c                _kill
 .text._exit    0x0800171c        0xc CMakeFiles/H7OS.elf.dir/Core/Src/syscalls.c.obj
                0x0800171c                _exit
 .text._read    0x08001728       0x20 CMakeFiles/H7OS.elf.dir/Core/Src/syscalls.c.obj
                0x08001728                _read
 .text._write   0x08001748       0x1c CMakeFiles/H7OS.elf.dir/Core/Src/syscalls.c.obj
                0x08001748                _write
 .text._close   0x08001764        0x6 CMakeFiles/H7OS.elf.dir/Core/Src/syscalls.c.obj
                0x08001764                _close
 .text._fstat   0x0800176a        0xa CMakeFiles/H7OS.elf.dir/Core/Src/syscalls.c.obj
                0x0800176a                _fstat
 .text._isatty  0x08001774        0x4 CMakeFiles/H7OS.elf.dir/Core/Src/syscalls.c.obj
                0x08001774                _isatty
 .text._lseek   0x08001778        0x4 CMakeFiles/H7OS.elf.dir/Core/Src/syscalls.c.obj
                0x08001778                _lseek
 .text._sbrk    0x0800177c       0x48 CMakeFiles/H7OS.elf.dir/Core/Src/sysmem.c.obj
                0x0800177c                _sbrk
 .text.SystemInit
                0x080017c4       0xcc CMakeFiles/H7OS.elf.dir/Core/Src/system_stm32h7xx.c.obj
                0x080017c4                SystemInit
 .text.MX_USART1_UART_Init
                0x08001890       0x68 CMakeFiles/H7OS.elf.dir/Core/Src/usart.c.obj
                0x08001890                MX_USART1_UART_Init
 .text.HAL_UART_MspInit
                0x080018f8       0xd4 CMakeFiles/H7OS.elf.dir/Core/Src/usart.c.obj
                0x080018f8                HAL_UART_MspInit
 .text.Reset_Handler
                0x080019cc       0x50 CMakeFiles/H7OS.elf.dir/Core/Startup/startup_stm32h743iitx.s.obj
                0x080019cc                Reset_Handler
 .text.Default_Handler
                0x08001a1c        0x2 CMakeFiles/H7OS.elf.dir/Core/Startup/startup_stm32h743iitx.s.obj
                0x08001a1c                RTC_Alarm_IRQHandler
                0x08001a1c                EXTI2_IRQHandler
                0x08001a1c                TIM8_CC_IRQHandler
                0x08001a1c                HRTIM1_Master_IRQHandler
                0x08001a1c                UART8_IRQHandler
                0x08001a1c                SPI4_IRQHandler
                0x08001a1c                TIM1_CC_IRQHandler
                0x08001a1c                BDMA_Channel6_IRQHandler
                0x08001a1c                DMA2_Stream5_IRQHandler
                0x08001a1c                HRTIM1_FLT_IRQHandler
                0x08001a1c                JPEG_IRQHandler
                0x08001a1c                DMA1_Stream5_IRQHandler
                0x08001a1c                BDMA_Channel1_IRQHandler
                0x08001a1c                HRTIM1_TIMD_IRQHandler
                0x08001a1c                TAMP_STAMP_IRQHandler
                0x08001a1c                EXTI3_IRQHandler
                0x08001a1c                LPTIM4_IRQHandler
                0x08001a1c                TIM8_TRG_COM_TIM14_IRQHandler
                0x08001a1c                LPTIM2_IRQHandler
                0x08001a1c                DFSDM1_FLT1_IRQHandler
                0x08001a1c                DMAMUX2_OVR_IRQHandler
                0x08001a1c                TIM8_UP_TIM13_IRQHandler
                0x08001a1c                I2C3_ER_IRQHandler
                0x08001a1c                DFSDM1_FLT2_IRQHandler
                0x08001a1c                LPTIM3_IRQHandler
                0x08001a1c                HSEM1_IRQHandler
                0x08001a1c                EXTI0_IRQHandler
                0x08001a1c                I2C2_EV_IRQHandler
                0x08001a1c                DMA1_Stream2_IRQHandler
                0x08001a1c                FPU_IRQHandler
                0x08001a1c                OTG_HS_WKUP_IRQHandler
                0x08001a1c                FDCAN1_IT1_IRQHandler
                0x08001a1c                LTDC_ER_IRQHandler
                0x08001a1c                DMA2_Stream2_IRQHandler
                0x08001a1c                HRTIM1_TIME_IRQHandler
                0x08001a1c                SPI1_IRQHandler
                0x08001a1c                TIM6_DAC_IRQHandler
                0x08001a1c                DCMI_IRQHandler
                0x08001a1c                HRTIM1_TIMC_IRQHandler
                0x08001a1c                DMA2_Stream3_IRQHandler
                0x08001a1c                SAI2_IRQHandler
                0x08001a1c                DFSDM1_FLT3_IRQHandler
                0x08001a1c                USART6_IRQHandler
                0x08001a1c                TIM17_IRQHandler
                0x08001a1c                USART3_IRQHandler
                0x08001a1c                BDMA_Channel7_IRQHandler
                0x08001a1c                LPTIM5_IRQHandler
                0x08001a1c                UART5_IRQHandler
                0x08001a1c                ADC3_IRQHandler
                0x08001a1c                DMA2_Stream0_IRQHandler
                0x08001a1c                TIM4_IRQHandler
                0x08001a1c                BDMA_Channel2_IRQHandler
                0x08001a1c                I2C1_EV_IRQHandler
                0x08001a1c                DMA1_Stream6_IRQHandler
                0x08001a1c                DMAMUX1_OVR_IRQHandler
                0x08001a1c                DMA1_Stream1_IRQHandler
                0x08001a1c                TIM16_IRQHandler
                0x08001a1c                UART4_IRQHandler
                0x08001a1c                BDMA_Channel5_IRQHandler
                0x08001a1c                TIM3_IRQHandler
                0x08001a1c                RCC_IRQHandler
                0x08001a1c                TIM8_BRK_TIM12_IRQHandler
                0x08001a1c                TIM1_TRG_COM_IRQHandler
                0x08001a1c                Default_Handler
                0x08001a1c                ECC_IRQHandler
                0x08001a1c                CEC_IRQHandler
                0x08001a1c                EXTI15_10_IRQHandler
                0x08001a1c                BDMA_Channel0_IRQHandler
                0x08001a1c                ADC_IRQHandler
                0x08001a1c                DMA1_Stream7_IRQHandler
                0x08001a1c                HRTIM1_TIMA_IRQHandler
                0x08001a1c                SPI5_IRQHandler
                0x08001a1c                TIM7_IRQHandler
                0x08001a1c                TIM5_IRQHandler
                0x08001a1c                DMA2_Stream7_IRQHandler
                0x08001a1c                TIM15_IRQHandler
                0x08001a1c                PVD_AVD_IRQHandler
                0x08001a1c                I2C3_EV_IRQHandler
                0x08001a1c                EXTI9_5_IRQHandler
                0x08001a1c                RTC_WKUP_IRQHandler
                0x08001a1c                LTDC_IRQHandler
                0x08001a1c                SAI3_IRQHandler
                0x08001a1c                ETH_WKUP_IRQHandler
                0x08001a1c                SPDIF_RX_IRQHandler
                0x08001a1c                SPI2_IRQHandler
                0x08001a1c                OTG_HS_EP1_IN_IRQHandler
                0x08001a1c                CRS_IRQHandler
                0x08001a1c                EXTI4_IRQHandler
                0x08001a1c                RNG_IRQHandler
                0x08001a1c                HRTIM1_TIMB_IRQHandler
                0x08001a1c                FDCAN2_IT1_IRQHandler
                0x08001a1c                ETH_IRQHandler
                0x08001a1c                BDMA_Channel4_IRQHandler
                0x08001a1c                OTG_HS_EP1_OUT_IRQHandler
                0x08001a1c                WWDG_IRQHandler
                0x08001a1c                SPI6_IRQHandler
                0x08001a1c                MDIOS_IRQHandler
                0x08001a1c                I2C4_EV_IRQHandler
                0x08001a1c                FDCAN2_IT0_IRQHandler
                0x08001a1c                LPUART1_IRQHandler
                0x08001a1c                FDCAN1_IT0_IRQHandler
                0x08001a1c                TIM2_IRQHandler
                0x08001a1c                OTG_FS_WKUP_IRQHandler
                0x08001a1c                OTG_HS_IRQHandler
                0x08001a1c                DMA2D_IRQHandler
                0x08001a1c                TIM1_BRK_IRQHandler
                0x08001a1c                EXTI1_IRQHandler
                0x08001a1c                SDMMC2_IRQHandler
                0x08001a1c                OTG_FS_EP1_OUT_IRQHandler
                0x08001a1c                BDMA_Channel3_IRQHandler
                0x08001a1c                UART7_IRQHandler
                0x08001a1c                MDIOS_WKUP_IRQHandler
                0x08001a1c                USART2_IRQHandler
                0x08001a1c                DFSDM1_FLT0_IRQHandler
                0x08001a1c                SAI4_IRQHandler
                0x08001a1c                I2C2_ER_IRQHandler
                0x08001a1c                DMA2_Stream1_IRQHandler
                0x08001a1c                FLASH_IRQHandler
                0x08001a1c                DMA2_Stream4_IRQHandler
                0x08001a1c                USART1_IRQHandler
                0x08001a1c                OTG_FS_IRQHandler
                0x08001a1c                SPI3_IRQHandler
                0x08001a1c                WAKEUP_PIN_IRQHandler
                0x08001a1c                DMA1_Stream4_IRQHandler
                0x08001a1c                OTG_FS_EP1_IN_IRQHandler
                0x08001a1c                I2C1_ER_IRQHandler
                0x08001a1c                FMC_IRQHandler
                0x08001a1c                FDCAN_CAL_IRQHandler
                0x08001a1c                SWPMI1_IRQHandler
                0x08001a1c                COMP1_IRQHandler
                0x08001a1c                LPTIM1_IRQHandler
                0x08001a1c                I2C4_ER_IRQHandler
                0x08001a1c                DMA2_Stream6_IRQHandler
                0x08001a1c                SAI1_IRQHandler
                0x08001a1c                DMA1_Stream3_IRQHandler
 .text.flashSDRAM
                0x08001a1e       0x16 CMakeFiles/H7OS.elf.dir/Drivers/Kernel/src/memctl.c.obj
                0x08001a1e                flashSDRAM
 .text.MemControl_Init
                0x08001a34       0x34 CMakeFiles/H7OS.elf.dir/Drivers/Kernel/src/memctl.c.obj
                0x08001a34                MemControl_Init
 .text.kernal_alloc
                0x08001a68       0x14 CMakeFiles/H7OS.elf.dir/Drivers/Kernel/src/memctl.c.obj
                0x08001a68                kernal_alloc
 .text.block_size
                0x08001a7c        0x8 CMakeFiles/H7OS.elf.dir/Drivers/Kernel/src/tlsf.c.obj
 .text.block_set_size
                0x08001a84        0xc CMakeFiles/H7OS.elf.dir/Drivers/Kernel/src/tlsf.c.obj
 .text.block_is_last
                0x08001a90        0xe CMakeFiles/H7OS.elf.dir/Drivers/Kernel/src/tlsf.c.obj
 .text.block_is_free
                0x08001a9e        0x8 CMakeFiles/H7OS.elf.dir/Drivers/Kernel/src/tlsf.c.obj
 .text.block_set_free
                0x08001aa6        0xa CMakeFiles/H7OS.elf.dir/Drivers/Kernel/src/tlsf.c.obj
 .text.block_set_used
                0x08001ab0        0xa CMakeFiles/H7OS.elf.dir/Drivers/Kernel/src/tlsf.c.obj
 .text.block_set_prev_free
                0x08001aba        0xa CMakeFiles/H7OS.elf.dir/Drivers/Kernel/src/tlsf.c.obj
 .text.block_set_prev_used
                0x08001ac4        0xa CMakeFiles/H7OS.elf.dir/Drivers/Kernel/src/tlsf.c.obj
 .text.block_to_ptr
                0x08001ace        0x4 CMakeFiles/H7OS.elf.dir/Drivers/Kernel/src/tlsf.c.obj
 .text.offset_to_block
                0x08001ad2        0x4 CMakeFiles/H7OS.elf.dir/Drivers/Kernel/src/tlsf.c.obj
 .text.block_can_split
                0x08001ad6       0x14 CMakeFiles/H7OS.elf.dir/Drivers/Kernel/src/tlsf.c.obj
 .text.control_construct
                0x08001aea       0x32 CMakeFiles/H7OS.elf.dir/Drivers/Kernel/src/tlsf.c.obj
 .text.block_next
                0x08001b1c       0x40 CMakeFiles/H7OS.elf.dir/Drivers/Kernel/src/tlsf.c.obj
 .text.block_link_next
                0x08001b5c        0xc CMakeFiles/H7OS.elf.dir/Drivers/Kernel/src/tlsf.c.obj
 .text.block_mark_as_free
                0x08001b68       0x14 CMakeFiles/H7OS.elf.dir/Drivers/Kernel/src/tlsf.c.obj
 .text.block_mark_as_used
                0x08001b7c       0x14 CMakeFiles/H7OS.elf.dir/Drivers/Kernel/src/tlsf.c.obj
 .text.align_down
                0x08001b90       0x28 CMakeFiles/H7OS.elf.dir/Drivers/Kernel/src/tlsf.c.obj
 .text.align_ptr
                0x08001bb8       0x2c CMakeFiles/H7OS.elf.dir/Drivers/Kernel/src/tlsf.c.obj
 .text.insert_free_block
                0x08001be4       0x9c CMakeFiles/H7OS.elf.dir/Drivers/Kernel/src/tlsf.c.obj
 .text.remove_free_block
                0x08001c80       0x80 CMakeFiles/H7OS.elf.dir/Drivers/Kernel/src/tlsf.c.obj
 .text.align_up
                0x08001d00       0x2c CMakeFiles/H7OS.elf.dir/Drivers/Kernel/src/tlsf.c.obj
 .text.adjust_request_size
                0x08001d2c       0x1c CMakeFiles/H7OS.elf.dir/Drivers/Kernel/src/tlsf.c.obj
 .text.block_split
                0x08001d48       0xa4 CMakeFiles/H7OS.elf.dir/Drivers/Kernel/src/tlsf.c.obj
 .text.tlsf_fls
                0x08001dec       0x12 CMakeFiles/H7OS.elf.dir/Drivers/Kernel/src/tlsf.c.obj
 .text.mapping_insert
                0x08001dfe       0x2e CMakeFiles/H7OS.elf.dir/Drivers/Kernel/src/tlsf.c.obj
 .text.block_insert
                0x08001e2c       0x26 CMakeFiles/H7OS.elf.dir/Drivers/Kernel/src/tlsf.c.obj
 *fill*         0x08001e52        0x2 
 .text.block_trim_free
                0x08001e54       0x58 CMakeFiles/H7OS.elf.dir/Drivers/Kernel/src/tlsf.c.obj
 .text.block_prepare_used
                0x08001eac       0x1c CMakeFiles/H7OS.elf.dir/Drivers/Kernel/src/tlsf.c.obj
 .text.mapping_search
                0x08001ec8       0x26 CMakeFiles/H7OS.elf.dir/Drivers/Kernel/src/tlsf.c.obj
 .text.tlsf_ffs
                0x08001eee       0x12 CMakeFiles/H7OS.elf.dir/Drivers/Kernel/src/tlsf.c.obj
 .text.search_suitable_block
                0x08001f00       0x74 CMakeFiles/H7OS.elf.dir/Drivers/Kernel/src/tlsf.c.obj
 .text.block_locate_free
                0x08001f74       0x60 CMakeFiles/H7OS.elf.dir/Drivers/Kernel/src/tlsf.c.obj
 .text.tlsf_size
                0x08001fd4        0x6 CMakeFiles/H7OS.elf.dir/Drivers/Kernel/src/tlsf.c.obj
                0x08001fd4                tlsf_size
 .text.tlsf_pool_overhead
                0x08001fda        0x4 CMakeFiles/H7OS.elf.dir/Drivers/Kernel/src/tlsf.c.obj
                0x08001fda                tlsf_pool_overhead
 *fill*         0x08001fde        0x2 
 .text.tlsf_add_pool
                0x08001fe0       0x78 CMakeFiles/H7OS.elf.dir/Drivers/Kernel/src/tlsf.c.obj
                0x08001fe0                tlsf_add_pool
 .text.tlsf_create
                0x08002058       0x16 CMakeFiles/H7OS.elf.dir/Drivers/Kernel/src/tlsf.c.obj
                0x08002058                tlsf_create
 .text.tlsf_create_with_pool
                0x0800206e       0x1e CMakeFiles/H7OS.elf.dir/Drivers/Kernel/src/tlsf.c.obj
                0x0800206e                tlsf_create_with_pool
 .text.tlsf_malloc
                0x0800208c       0x22 CMakeFiles/H7OS.elf.dir/Drivers/Kernel/src/tlsf.c.obj
                0x0800208c                tlsf_malloc
 *fill*         0x080020ae        0x2 
 .text.put_char
                0x080020b0       0x24 CMakeFiles/H7OS.elf.dir/Drivers/Kernel/src/u_stdio.c.obj
                0x080020b0                put_char
 .text.put_s    0x080020d4       0x14 CMakeFiles/H7OS.elf.dir/Drivers/Kernel/src/u_stdio.c.obj
                0x080020d4                put_s
 .text.put_num  0x080020e8       0x64 CMakeFiles/H7OS.elf.dir/Drivers/Kernel/src/u_stdio.c.obj
                0x080020e8                put_num
 .text.put_address_num
                0x0800214c       0x4c CMakeFiles/H7OS.elf.dir/Drivers/Kernel/src/u_stdio.c.obj
                0x0800214c                put_address_num
 .text.put_address
                0x08002198       0x1c CMakeFiles/H7OS.elf.dir/Drivers/Kernel/src/u_stdio.c.obj
                0x08002198                put_address
 .text.v_printf
                0x080021b4       0xc0 CMakeFiles/H7OS.elf.dir/Drivers/Kernel/src/u_stdio.c.obj
 .text.u_print  0x08002274       0x18 CMakeFiles/H7OS.elf.dir/Drivers/Kernel/src/u_stdio.c.obj
                0x08002274                u_print
 .text.strlen   0x0800228c       0x12 CMakeFiles/H7OS.elf.dir/Drivers/Kernel/src/u_stdio.c.obj
                0x0800228c                strlen
 *fill*         0x0800229e        0x2 
 .text.strtok   0x080022a0       0x3c CMakeFiles/H7OS.elf.dir/Drivers/Kernel/src/u_stdio.c.obj
                0x080022a0                strtok
 .text.strcopy  0x080022dc       0x12 CMakeFiles/H7OS.elf.dir/Drivers/Kernel/src/u_stdio.c.obj
                0x080022dc                strcopy
 .text.strconcat
                0x080022ee       0x1c CMakeFiles/H7OS.elf.dir/Drivers/Kernel/src/u_stdio.c.obj
                0x080022ee                strconcat
 .text.strcmp   0x0800230a       0x28 CMakeFiles/H7OS.elf.dir/Drivers/Kernel/src/u_stdio.c.obj
                0x0800230a                strcmp
 .text.mutex_status
                0x08002332       0x24 CMakeFiles/H7OS.elf.dir/Drivers/Kernel/src/u_thread.c.obj
                0x08002332                mutex_status
 .text.mutex_lock
                0x08002356       0x78 CMakeFiles/H7OS.elf.dir/Drivers/Kernel/src/u_thread.c.obj
                0x08002356                mutex_lock
 .text.mutex_unlock
                0x080023ce       0x56 CMakeFiles/H7OS.elf.dir/Drivers/Kernel/src/u_thread.c.obj
                0x080023ce                mutex_unlock
 .text.mutex_init
                0x08002424       0x3c CMakeFiles/H7OS.elf.dir/Drivers/Kernel/src/u_thread.c.obj
                0x08002424                mutex_init
 .text.HAL_Init
                0x08002460       0x5c CMakeFiles/H7OS.elf.dir/Drivers/STM32H7xx_HAL_Driver/Src/stm32h7xx_hal.c.obj
                0x08002460                HAL_Init
 .text.HAL_IncTick
                0x080024bc       0x18 CMakeFiles/H7OS.elf.dir/Drivers/STM32H7xx_HAL_Driver/Src/stm32h7xx_hal.c.obj
                0x080024bc                HAL_IncTick
 .text.HAL_GetTick
                0x080024d4        0xc CMakeFiles/H7OS.elf.dir/Drivers/STM32H7xx_HAL_Driver/Src/stm32h7xx_hal.c.obj
                0x080024d4                HAL_GetTick
 .text.HAL_Delay
                0x080024e0       0x28 CMakeFiles/H7OS.elf.dir/Drivers/STM32H7xx_HAL_Driver/Src/stm32h7xx_hal.c.obj
                0x080024e0                HAL_Delay
 .text.HAL_GetREVID
                0x08002508        0xc CMakeFiles/H7OS.elf.dir/Drivers/STM32H7xx_HAL_Driver/Src/stm32h7xx_hal.c.obj
                0x08002508                HAL_GetREVID
 .text.HAL_NVIC_SetPriorityGrouping
                0x08002514       0x24 CMakeFiles/H7OS.elf.dir/Drivers/STM32H7xx_HAL_Driver/Src/stm32h7xx_hal_cortex.c.obj
                0x08002514                HAL_NVIC_SetPriorityGrouping
 .text.HAL_NVIC_SetPriority
                0x08002538       0x6c CMakeFiles/H7OS.elf.dir/Drivers/STM32H7xx_HAL_Driver/Src/stm32h7xx_hal_cortex.c.obj
                0x08002538                HAL_NVIC_SetPriority
 .text.HAL_NVIC_EnableIRQ
                0x080025a4       0x1c CMakeFiles/H7OS.elf.dir/Drivers/STM32H7xx_HAL_Driver/Src/stm32h7xx_hal_cortex.c.obj
                0x080025a4                HAL_NVIC_EnableIRQ
 .text.HAL_MPU_Disable
                0x080025c0       0x1c CMakeFiles/H7OS.elf.dir/Drivers/STM32H7xx_HAL_Driver/Src/stm32h7xx_hal_cortex.c.obj
                0x080025c0                HAL_MPU_Disable
 .text.HAL_MPU_Enable
                0x080025dc       0x20 CMakeFiles/H7OS.elf.dir/Drivers/STM32H7xx_HAL_Driver/Src/stm32h7xx_hal_cortex.c.obj
                0x080025dc                HAL_MPU_Enable
 .text.HAL_MPU_ConfigRegion
                0x080025fc       0x58 CMakeFiles/H7OS.elf.dir/Drivers/STM32H7xx_HAL_Driver/Src/stm32h7xx_hal_cortex.c.obj
                0x080025fc                HAL_MPU_ConfigRegion
 .text.DMA_CalcBaseAndBitshift
                0x08002654       0xb4 CMakeFiles/H7OS.elf.dir/Drivers/STM32H7xx_HAL_Driver/Src/stm32h7xx_hal_dma.c.obj
 .text.DMA_CheckFifoParam
                0x08002708       0x92 CMakeFiles/H7OS.elf.dir/Drivers/STM32H7xx_HAL_Driver/Src/stm32h7xx_hal_dma.c.obj
 *fill*         0x0800279a        0x2 
 .text.DMA_CalcDMAMUXChannelBaseAndMask
                0x0800279c       0xb0 CMakeFiles/H7OS.elf.dir/Drivers/STM32H7xx_HAL_Driver/Src/stm32h7xx_hal_dma.c.obj
 .text.DMA_CalcDMAMUXRequestGenBaseAndMask
                0x0800284c       0x7c CMakeFiles/H7OS.elf.dir/Drivers/STM32H7xx_HAL_Driver/Src/stm32h7xx_hal_dma.c.obj
 .text.HAL_DMA_Init
                0x080028c8      0x3a4 CMakeFiles/H7OS.elf.dir/Drivers/STM32H7xx_HAL_Driver/Src/stm32h7xx_hal_dma.c.obj
                0x080028c8                HAL_DMA_Init
 .text.HAL_DMA_IRQHandler
                0x08002c6c      0x738 CMakeFiles/H7OS.elf.dir/Drivers/STM32H7xx_HAL_Driver/Src/stm32h7xx_hal_dma.c.obj
                0x08002c6c                HAL_DMA_IRQHandler
 .text.HAL_DMA2D_Init
                0x080033a4       0x84 CMakeFiles/H7OS.elf.dir/Drivers/STM32H7xx_HAL_Driver/Src/stm32h7xx_hal_dma2d.c.obj
                0x080033a4                HAL_DMA2D_Init
 .text.HAL_DMA2D_ConfigLayer
                0x08003428      0x104 CMakeFiles/H7OS.elf.dir/Drivers/STM32H7xx_HAL_Driver/Src/stm32h7xx_hal_dma2d.c.obj
                0x08003428                HAL_DMA2D_ConfigLayer
 .text.HAL_GPIO_Init
                0x0800352c      0x220 CMakeFiles/H7OS.elf.dir/Drivers/STM32H7xx_HAL_Driver/Src/stm32h7xx_hal_gpio.c.obj
                0x0800352c                HAL_GPIO_Init
 .text.HAL_GPIO_ReadPin
                0x0800374c        0xe CMakeFiles/H7OS.elf.dir/Drivers/STM32H7xx_HAL_Driver/Src/stm32h7xx_hal_gpio.c.obj
                0x0800374c                HAL_GPIO_ReadPin
 .text.HAL_GPIO_WritePin
                0x0800375a        0xc CMakeFiles/H7OS.elf.dir/Drivers/STM32H7xx_HAL_Driver/Src/stm32h7xx_hal_gpio.c.obj
                0x0800375a                HAL_GPIO_WritePin
 .text.JPEG_Bits_To_SizeCodes
                0x08003766       0x80 CMakeFiles/H7OS.elf.dir/Drivers/STM32H7xx_HAL_Driver/Src/stm32h7xx_hal_jpeg.c.obj
 .text.JPEG_ACHuff_BitsVals_To_SizeCodes
                0x080037e6       0x6c CMakeFiles/H7OS.elf.dir/Drivers/STM32H7xx_HAL_Driver/Src/stm32h7xx_hal_jpeg.c.obj
 .text.JPEG_DCHuff_BitsVals_To_SizeCodes
                0x08003852       0x5a CMakeFiles/H7OS.elf.dir/Drivers/STM32H7xx_HAL_Driver/Src/stm32h7xx_hal_jpeg.c.obj
 .text.JPEG_Set_HuffDC_Mem
                0x080038ac       0x9a CMakeFiles/H7OS.elf.dir/Drivers/STM32H7xx_HAL_Driver/Src/stm32h7xx_hal_jpeg.c.obj
 *fill*         0x08003946        0x2 
 .text.JPEG_Set_HuffAC_Mem
                0x08003948       0xb8 CMakeFiles/H7OS.elf.dir/Drivers/STM32H7xx_HAL_Driver/Src/stm32h7xx_hal_jpeg.c.obj
 .text.JPEG_Set_Huff_DHTMem
                0x08003a00      0x26c CMakeFiles/H7OS.elf.dir/Drivers/STM32H7xx_HAL_Driver/Src/stm32h7xx_hal_jpeg.c.obj
 .text.JPEG_Set_HuffEnc_Mem
                0x08003c6c       0x68 CMakeFiles/H7OS.elf.dir/Drivers/STM32H7xx_HAL_Driver/Src/stm32h7xx_hal_jpeg.c.obj
 .text.HAL_JPEG_Init
                0x08003cd4       0xa0 CMakeFiles/H7OS.elf.dir/Drivers/STM32H7xx_HAL_Driver/Src/stm32h7xx_hal_jpeg.c.obj
                0x08003cd4                HAL_JPEG_Init
 .text.MDMA_Init
                0x08003d74       0xb8 CMakeFiles/H7OS.elf.dir/Drivers/STM32H7xx_HAL_Driver/Src/stm32h7xx_hal_mdma.c.obj
 .text.HAL_MDMA_Init
                0x08003e2c       0x60 CMakeFiles/H7OS.elf.dir/Drivers/STM32H7xx_HAL_Driver/Src/stm32h7xx_hal_mdma.c.obj
                0x08003e2c                HAL_MDMA_Init
 .text.HAL_MDMA_ConfigPostRequestMask
                0x08003e8c       0x66 CMakeFiles/H7OS.elf.dir/Drivers/STM32H7xx_HAL_Driver/Src/stm32h7xx_hal_mdma.c.obj
                0x08003e8c                HAL_MDMA_ConfigPostRequestMask
 .text.HAL_MDMA_Abort_IT
                0x08003ef2       0x2c CMakeFiles/H7OS.elf.dir/Drivers/STM32H7xx_HAL_Driver/Src/stm32h7xx_hal_mdma.c.obj
                0x08003ef2                HAL_MDMA_Abort_IT
 *fill*         0x08003f1e        0x2 
 .text.HAL_MDMA_IRQHandler
                0x08003f20      0x1b4 CMakeFiles/H7OS.elf.dir/Drivers/STM32H7xx_HAL_Driver/Src/stm32h7xx_hal_mdma.c.obj
                0x08003f20                HAL_MDMA_IRQHandler
 .text.HAL_PWR_EnableBkUpAccess
                0x080040d4       0x10 CMakeFiles/H7OS.elf.dir/Drivers/STM32H7xx_HAL_Driver/Src/stm32h7xx_hal_pwr.c.obj
                0x080040d4                HAL_PWR_EnableBkUpAccess
 .text.HAL_PWREx_ConfigSupply
                0x080040e4       0x54 CMakeFiles/H7OS.elf.dir/Drivers/STM32H7xx_HAL_Driver/Src/stm32h7xx_hal_pwr_ex.c.obj
                0x080040e4                HAL_PWREx_ConfigSupply
 .text.QSPI_Config
                0x08004138      0x1d6 CMakeFiles/H7OS.elf.dir/Drivers/STM32H7xx_HAL_Driver/Src/stm32h7xx_hal_qspi.c.obj
 .text.QSPI_WaitFlagStateUntilTimeout
                0x0800430e       0x54 CMakeFiles/H7OS.elf.dir/Drivers/STM32H7xx_HAL_Driver/Src/stm32h7xx_hal_qspi.c.obj
 .text.HAL_QSPI_Command
                0x08004362       0x9e CMakeFiles/H7OS.elf.dir/Drivers/STM32H7xx_HAL_Driver/Src/stm32h7xx_hal_qspi.c.obj
                0x08004362                HAL_QSPI_Command
 .text.HAL_QSPI_AutoPolling
                0x08004400       0xb6 CMakeFiles/H7OS.elf.dir/Drivers/STM32H7xx_HAL_Driver/Src/stm32h7xx_hal_qspi.c.obj
                0x08004400                HAL_QSPI_AutoPolling
 .text.HAL_QSPI_ErrorCallback
                0x080044b6        0x2 CMakeFiles/H7OS.elf.dir/Drivers/STM32H7xx_HAL_Driver/Src/stm32h7xx_hal_qspi.c.obj
                0x080044b6                HAL_QSPI_ErrorCallback
 .text.QSPI_DMAAbortCplt
                0x080044b8       0x3c CMakeFiles/H7OS.elf.dir/Drivers/STM32H7xx_HAL_Driver/Src/stm32h7xx_hal_qspi.c.obj
 .text.HAL_QSPI_AbortCpltCallback
                0x080044f4        0x2 CMakeFiles/H7OS.elf.dir/Drivers/STM32H7xx_HAL_Driver/Src/stm32h7xx_hal_qspi.c.obj
                0x080044f4                HAL_QSPI_AbortCpltCallback
 .text.HAL_QSPI_CmdCpltCallback
                0x080044f6        0x2 CMakeFiles/H7OS.elf.dir/Drivers/STM32H7xx_HAL_Driver/Src/stm32h7xx_hal_qspi.c.obj
                0x080044f6                HAL_QSPI_CmdCpltCallback
 .text.HAL_QSPI_TxCpltCallback
                0x080044f8        0x2 CMakeFiles/H7OS.elf.dir/Drivers/STM32H7xx_HAL_Driver/Src/stm32h7xx_hal_qspi.c.obj
                0x080044f8                HAL_QSPI_TxCpltCallback
 .text.HAL_QSPI_FifoThresholdCallback
                0x080044fa        0x2 CMakeFiles/H7OS.elf.dir/Drivers/STM32H7xx_HAL_Driver/Src/stm32h7xx_hal_qspi.c.obj
                0x080044fa                HAL_QSPI_FifoThresholdCallback
 .text.HAL_QSPI_StatusMatchCallback
                0x080044fc        0x2 CMakeFiles/H7OS.elf.dir/Drivers/STM32H7xx_HAL_Driver/Src/stm32h7xx_hal_qspi.c.obj
                0x080044fc                HAL_QSPI_StatusMatchCallback
 .text.HAL_QSPI_TimeOutCallback
                0x080044fe        0x2 CMakeFiles/H7OS.elf.dir/Drivers/STM32H7xx_HAL_Driver/Src/stm32h7xx_hal_qspi.c.obj
                0x080044fe                HAL_QSPI_TimeOutCallback
 .text.HAL_QSPI_IRQHandler
                0x08004500      0x240 CMakeFiles/H7OS.elf.dir/Drivers/STM32H7xx_HAL_Driver/Src/stm32h7xx_hal_qspi.c.obj
                0x08004500                HAL_QSPI_IRQHandler
 .text.HAL_QSPI_SetTimeout
                0x08004740        0x4 CMakeFiles/H7OS.elf.dir/Drivers/STM32H7xx_HAL_Driver/Src/stm32h7xx_hal_qspi.c.obj
                0x08004740                HAL_QSPI_SetTimeout
 .text.HAL_QSPI_Init
                0x08004744       0xa8 CMakeFiles/H7OS.elf.dir/Drivers/STM32H7xx_HAL_Driver/Src/stm32h7xx_hal_qspi.c.obj
                0x08004744                HAL_QSPI_Init
 .text.HAL_RCC_OscConfig
                0x080047ec      0x6b4 CMakeFiles/H7OS.elf.dir/Drivers/STM32H7xx_HAL_Driver/Src/stm32h7xx_hal_rcc.c.obj
                0x080047ec                HAL_RCC_OscConfig
 .text.HAL_RCC_GetSysClockFreq
                0x08004ea0      0x1f4 CMakeFiles/H7OS.elf.dir/Drivers/STM32H7xx_HAL_Driver/Src/stm32h7xx_hal_rcc.c.obj
                0x08004ea0                HAL_RCC_GetSysClockFreq
 .text.HAL_RCC_ClockConfig
                0x08005094      0x294 CMakeFiles/H7OS.elf.dir/Drivers/STM32H7xx_HAL_Driver/Src/stm32h7xx_hal_rcc.c.obj
                0x08005094                HAL_RCC_ClockConfig
 .text.HAL_RCC_GetHCLKFreq
                0x08005328       0x44 CMakeFiles/H7OS.elf.dir/Drivers/STM32H7xx_HAL_Driver/Src/stm32h7xx_hal_rcc.c.obj
                0x08005328                HAL_RCC_GetHCLKFreq
 .text.HAL_RCC_GetPCLK1Freq
                0x0800536c       0x24 CMakeFiles/H7OS.elf.dir/Drivers/STM32H7xx_HAL_Driver/Src/stm32h7xx_hal_rcc.c.obj
                0x0800536c                HAL_RCC_GetPCLK1Freq
 .text.HAL_RCC_GetPCLK2Freq
                0x08005390       0x24 CMakeFiles/H7OS.elf.dir/Drivers/STM32H7xx_HAL_Driver/Src/stm32h7xx_hal_rcc.c.obj
                0x08005390                HAL_RCC_GetPCLK2Freq
 .text.HAL_RCC_GetClockConfig
                0x080053b4       0x54 CMakeFiles/H7OS.elf.dir/Drivers/STM32H7xx_HAL_Driver/Src/stm32h7xx_hal_rcc.c.obj
                0x080053b4                HAL_RCC_GetClockConfig
 .text.RCCEx_PLL2_Config
                0x08005408      0x10c CMakeFiles/H7OS.elf.dir/Drivers/STM32H7xx_HAL_Driver/Src/stm32h7xx_hal_rcc_ex.c.obj
 .text.RCCEx_PLL3_Config
                0x08005514      0x10c CMakeFiles/H7OS.elf.dir/Drivers/STM32H7xx_HAL_Driver/Src/stm32h7xx_hal_rcc_ex.c.obj
 .text.HAL_RCCEx_PeriphCLKConfig
                0x08005620      0xa8c CMakeFiles/H7OS.elf.dir/Drivers/STM32H7xx_HAL_Driver/Src/stm32h7xx_hal_rcc_ex.c.obj
                0x08005620                HAL_RCCEx_PeriphCLKConfig
 .text.HAL_RCCEx_GetD3PCLK1Freq
                0x080060ac       0x24 CMakeFiles/H7OS.elf.dir/Drivers/STM32H7xx_HAL_Driver/Src/stm32h7xx_hal_rcc_ex.c.obj
                0x080060ac                HAL_RCCEx_GetD3PCLK1Freq
 .text.HAL_RCCEx_GetPLL2ClockFreq
                0x080060d0      0x1f8 CMakeFiles/H7OS.elf.dir/Drivers/STM32H7xx_HAL_Driver/Src/stm32h7xx_hal_rcc_ex.c.obj
                0x080060d0                HAL_RCCEx_GetPLL2ClockFreq
 .text.HAL_RCCEx_GetPLL3ClockFreq
                0x080062c8      0x1f8 CMakeFiles/H7OS.elf.dir/Drivers/STM32H7xx_HAL_Driver/Src/stm32h7xx_hal_rcc_ex.c.obj
                0x080062c8                HAL_RCCEx_GetPLL3ClockFreq
 .text.HAL_RCCEx_GetPLL1ClockFreq
                0x080064c0      0x1f8 CMakeFiles/H7OS.elf.dir/Drivers/STM32H7xx_HAL_Driver/Src/stm32h7xx_hal_rcc_ex.c.obj
                0x080064c0                HAL_RCCEx_GetPLL1ClockFreq
 .text.HAL_RCCEx_GetPeriphCLKFreq
                0x080066b8      0x6d0 CMakeFiles/H7OS.elf.dir/Drivers/STM32H7xx_HAL_Driver/Src/stm32h7xx_hal_rcc_ex.c.obj
                0x080066b8                HAL_RCCEx_GetPeriphCLKFreq
 .text.HAL_RNG_Init
                0x08006d88       0x80 CMakeFiles/H7OS.elf.dir/Drivers/STM32H7xx_HAL_Driver/Src/stm32h7xx_hal_rng.c.obj
                0x08006d88                HAL_RNG_Init
 .text.HAL_RTC_WaitForSynchro
                0x08006e08       0x34 CMakeFiles/H7OS.elf.dir/Drivers/STM32H7xx_HAL_Driver/Src/stm32h7xx_hal_rtc.c.obj
                0x08006e08                HAL_RTC_WaitForSynchro
 .text.RTC_EnterInitMode
                0x08006e3c       0x44 CMakeFiles/H7OS.elf.dir/Drivers/STM32H7xx_HAL_Driver/Src/stm32h7xx_hal_rtc.c.obj
                0x08006e3c                RTC_EnterInitMode
 .text.RTC_ExitInitMode
                0x08006e80       0x50 CMakeFiles/H7OS.elf.dir/Drivers/STM32H7xx_HAL_Driver/Src/stm32h7xx_hal_rtc.c.obj
                0x08006e80                RTC_ExitInitMode
 .text.HAL_RTC_Init
                0x08006ed0       0xa4 CMakeFiles/H7OS.elf.dir/Drivers/STM32H7xx_HAL_Driver/Src/stm32h7xx_hal_rtc.c.obj
                0x08006ed0                HAL_RTC_Init
 .text.SD_PowerON
                0x08006f74       0xc4 CMakeFiles/H7OS.elf.dir/Drivers/STM32H7xx_HAL_Driver/Src/stm32h7xx_hal_sd.c.obj
 .text.SD_Read_IT
                0x08007038       0x3c CMakeFiles/H7OS.elf.dir/Drivers/STM32H7xx_HAL_Driver/Src/stm32h7xx_hal_sd.c.obj
 .text.SD_Write_IT
                0x08007074       0x4c CMakeFiles/H7OS.elf.dir/Drivers/STM32H7xx_HAL_Driver/Src/stm32h7xx_hal_sd.c.obj
 .text.SD_SendSDStatus
                0x080070c0      0x108 CMakeFiles/H7OS.elf.dir/Drivers/STM32H7xx_HAL_Driver/Src/stm32h7xx_hal_sd.c.obj
 .text.SD_FindSCR
                0x080071c8      0x108 CMakeFiles/H7OS.elf.dir/Drivers/STM32H7xx_HAL_Driver/Src/stm32h7xx_hal_sd.c.obj
 .text.SD_WideBus_Enable
                0x080072d0       0x4e CMakeFiles/H7OS.elf.dir/Drivers/STM32H7xx_HAL_Driver/Src/stm32h7xx_hal_sd.c.obj
 .text.SD_WideBus_Disable
                0x0800731e       0x4e CMakeFiles/H7OS.elf.dir/Drivers/STM32H7xx_HAL_Driver/Src/stm32h7xx_hal_sd.c.obj
 .text.SD_SendStatus
                0x0800736c       0x2c CMakeFiles/H7OS.elf.dir/Drivers/STM32H7xx_HAL_Driver/Src/stm32h7xx_hal_sd.c.obj
 .text.HAL_SD_ReadBlocks_DMA
                0x08007398       0xe0 CMakeFiles/H7OS.elf.dir/Drivers/STM32H7xx_HAL_Driver/Src/stm32h7xx_hal_sd.c.obj
                0x08007398                HAL_SD_ReadBlocks_DMA
 .text.HAL_SD_WriteBlocks_DMA
                0x08007478       0xe0 CMakeFiles/H7OS.elf.dir/Drivers/STM32H7xx_HAL_Driver/Src/stm32h7xx_hal_sd.c.obj
                0x08007478                HAL_SD_WriteBlocks_DMA
 .text.HAL_SD_ErrorCallback
                0x08007558        0x2 CMakeFiles/H7OS.elf.dir/Drivers/STM32H7xx_HAL_Driver/Src/stm32h7xx_hal_sd.c.obj
                0x08007558                HAL_SD_ErrorCallback
 *fill*         0x0800755a        0x2 
 .text.HAL_SD_GetCardCSD
                0x0800755c      0x1b8 CMakeFiles/H7OS.elf.dir/Drivers/STM32H7xx_HAL_Driver/Src/stm32h7xx_hal_sd.c.obj
                0x0800755c                HAL_SD_GetCardCSD
 .text.SD_InitCard
                0x08007714       0xfc CMakeFiles/H7OS.elf.dir/Drivers/STM32H7xx_HAL_Driver/Src/stm32h7xx_hal_sd.c.obj
 .text.HAL_SD_InitCard
                0x08007810       0xcc CMakeFiles/H7OS.elf.dir/Drivers/STM32H7xx_HAL_Driver/Src/stm32h7xx_hal_sd.c.obj
                0x08007810                HAL_SD_InitCard
 .text.HAL_SD_GetCardStatus
                0x080078dc       0xd0 CMakeFiles/H7OS.elf.dir/Drivers/STM32H7xx_HAL_Driver/Src/stm32h7xx_hal_sd.c.obj
                0x080078dc                HAL_SD_GetCardStatus
 .text.HAL_SD_GetCardInfo
                0x080079ac       0x24 CMakeFiles/H7OS.elf.dir/Drivers/STM32H7xx_HAL_Driver/Src/stm32h7xx_hal_sd.c.obj
                0x080079ac                HAL_SD_GetCardInfo
 .text.HAL_SD_ConfigWideBusOperation
                0x080079d0      0x158 CMakeFiles/H7OS.elf.dir/Drivers/STM32H7xx_HAL_Driver/Src/stm32h7xx_hal_sd.c.obj
                0x080079d0                HAL_SD_ConfigWideBusOperation
 .text.HAL_SD_GetCardState
                0x08007b28       0x22 CMakeFiles/H7OS.elf.dir/Drivers/STM32H7xx_HAL_Driver/Src/stm32h7xx_hal_sd.c.obj
                0x08007b28                HAL_SD_GetCardState
 .text.HAL_SD_Init
                0x08007b4a       0xba CMakeFiles/H7OS.elf.dir/Drivers/STM32H7xx_HAL_Driver/Src/stm32h7xx_hal_sd.c.obj
                0x08007b4a                HAL_SD_Init
 .text.HAL_SDEx_Read_DMADoubleBuf0CpltCallback
                0x08007c04        0x2 CMakeFiles/H7OS.elf.dir/Drivers/STM32H7xx_HAL_Driver/Src/stm32h7xx_hal_sd.c.obj
                0x08007c04                HAL_SDEx_Read_DMADoubleBuf0CpltCallback
 .text.HAL_SDEx_Read_DMADoubleBuf1CpltCallback
                0x08007c06        0x2 CMakeFiles/H7OS.elf.dir/Drivers/STM32H7xx_HAL_Driver/Src/stm32h7xx_hal_sd.c.obj
                0x08007c06                HAL_SDEx_Read_DMADoubleBuf1CpltCallback
 .text.HAL_SDEx_Write_DMADoubleBuf0CpltCallback
                0x08007c08        0x2 CMakeFiles/H7OS.elf.dir/Drivers/STM32H7xx_HAL_Driver/Src/stm32h7xx_hal_sd.c.obj
                0x08007c08                HAL_SDEx_Write_DMADoubleBuf0CpltCallback
 .text.HAL_SDEx_Write_DMADoubleBuf1CpltCallback
                0x08007c0a        0x2 CMakeFiles/H7OS.elf.dir/Drivers/STM32H7xx_HAL_Driver/Src/stm32h7xx_hal_sd.c.obj
                0x08007c0a                HAL_SDEx_Write_DMADoubleBuf1CpltCallback
 .text.HAL_SD_IRQHandler
                0x08007c0c      0x22c CMakeFiles/H7OS.elf.dir/Drivers/STM32H7xx_HAL_Driver/Src/stm32h7xx_hal_sd.c.obj
                0x08007c0c                HAL_SD_IRQHandler
 .text.HAL_SDRAM_Init
                0x08007e38       0x50 CMakeFiles/H7OS.elf.dir/Drivers/STM32H7xx_HAL_Driver/Src/stm32h7xx_hal_sdram.c.obj
                0x08007e38                HAL_SDRAM_Init
 .text.HAL_SDRAM_SendCommand
                0x08007e88       0x42 CMakeFiles/H7OS.elf.dir/Drivers/STM32H7xx_HAL_Driver/Src/stm32h7xx_hal_sdram.c.obj
                0x08007e88                HAL_SDRAM_SendCommand
 .text.HAL_SDRAM_ProgramRefreshRate
                0x08007eca       0x32 CMakeFiles/H7OS.elf.dir/Drivers/STM32H7xx_HAL_Driver/Src/stm32h7xx_hal_sdram.c.obj
                0x08007eca                HAL_SDRAM_ProgramRefreshRate
 .text.HAL_SDRAM_GetState
                0x08007efc        0x6 CMakeFiles/H7OS.elf.dir/Drivers/STM32H7xx_HAL_Driver/Src/stm32h7xx_hal_sdram.c.obj
                0x08007efc                HAL_SDRAM_GetState
 .text.HAL_TIM_Base_MspInit
                0x08007f02        0x2 CMakeFiles/H7OS.elf.dir/Drivers/STM32H7xx_HAL_Driver/Src/stm32h7xx_hal_tim.c.obj
                0x08007f02                HAL_TIM_Base_MspInit
 .text.HAL_TIM_Base_Start_IT
                0x08007f04       0x90 CMakeFiles/H7OS.elf.dir/Drivers/STM32H7xx_HAL_Driver/Src/stm32h7xx_hal_tim.c.obj
                0x08007f04                HAL_TIM_Base_Start_IT
 .text.HAL_TIM_OC_DelayElapsedCallback
                0x08007f94        0x2 CMakeFiles/H7OS.elf.dir/Drivers/STM32H7xx_HAL_Driver/Src/stm32h7xx_hal_tim.c.obj
                0x08007f94                HAL_TIM_OC_DelayElapsedCallback
 .text.HAL_TIM_IC_CaptureCallback
                0x08007f96        0x2 CMakeFiles/H7OS.elf.dir/Drivers/STM32H7xx_HAL_Driver/Src/stm32h7xx_hal_tim.c.obj
                0x08007f96                HAL_TIM_IC_CaptureCallback
 .text.HAL_TIM_PWM_PulseFinishedCallback
                0x08007f98        0x2 CMakeFiles/H7OS.elf.dir/Drivers/STM32H7xx_HAL_Driver/Src/stm32h7xx_hal_tim.c.obj
                0x08007f98                HAL_TIM_PWM_PulseFinishedCallback
 .text.HAL_TIM_TriggerCallback
                0x08007f9a        0x2 CMakeFiles/H7OS.elf.dir/Drivers/STM32H7xx_HAL_Driver/Src/stm32h7xx_hal_tim.c.obj
                0x08007f9a                HAL_TIM_TriggerCallback
 .text.HAL_TIM_IRQHandler
                0x08007f9c      0x17a CMakeFiles/H7OS.elf.dir/Drivers/STM32H7xx_HAL_Driver/Src/stm32h7xx_hal_tim.c.obj
                0x08007f9c                HAL_TIM_IRQHandler
 *fill*         0x08008116        0x2 
 .text.TIM_Base_SetConfig
                0x08008118      0x114 CMakeFiles/H7OS.elf.dir/Drivers/STM32H7xx_HAL_Driver/Src/stm32h7xx_hal_tim.c.obj
                0x08008118                TIM_Base_SetConfig
 .text.HAL_TIM_Base_Init
                0x0800822c       0x60 CMakeFiles/H7OS.elf.dir/Drivers/STM32H7xx_HAL_Driver/Src/stm32h7xx_hal_tim.c.obj
                0x0800822c                HAL_TIM_Base_Init
 .text.HAL_TIMEx_CommutCallback
                0x0800828c        0x2 CMakeFiles/H7OS.elf.dir/Drivers/STM32H7xx_HAL_Driver/Src/stm32h7xx_hal_tim_ex.c.obj
                0x0800828c                HAL_TIMEx_CommutCallback
 .text.HAL_TIMEx_BreakCallback
                0x0800828e        0x2 CMakeFiles/H7OS.elf.dir/Drivers/STM32H7xx_HAL_Driver/Src/stm32h7xx_hal_tim_ex.c.obj
                0x0800828e                HAL_TIMEx_BreakCallback
 .text.HAL_TIMEx_Break2Callback
                0x08008290        0x2 CMakeFiles/H7OS.elf.dir/Drivers/STM32H7xx_HAL_Driver/Src/stm32h7xx_hal_tim_ex.c.obj
                0x08008290                HAL_TIMEx_Break2Callback
 *fill*         0x08008292        0x2 
 .text.UART_EndRxTransfer
                0x08008294       0x58 CMakeFiles/H7OS.elf.dir/Drivers/STM32H7xx_HAL_Driver/Src/stm32h7xx_hal_uart.c.obj
 .text.UART_SetConfig
                0x080082ec      0x5f4 CMakeFiles/H7OS.elf.dir/Drivers/STM32H7xx_HAL_Driver/Src/stm32h7xx_hal_uart.c.obj
                0x080082ec                UART_SetConfig
 .text.UART_AdvFeatureConfig
                0x080088e0       0xca CMakeFiles/H7OS.elf.dir/Drivers/STM32H7xx_HAL_Driver/Src/stm32h7xx_hal_uart.c.obj
                0x080088e0                UART_AdvFeatureConfig
 .text.UART_WaitOnFlagUntilTimeout
                0x080089aa       0xaa CMakeFiles/H7OS.elf.dir/Drivers/STM32H7xx_HAL_Driver/Src/stm32h7xx_hal_uart.c.obj
                0x080089aa                UART_WaitOnFlagUntilTimeout
 .text.HAL_UART_Transmit
                0x08008a54       0xd0 CMakeFiles/H7OS.elf.dir/Drivers/STM32H7xx_HAL_Driver/Src/stm32h7xx_hal_uart.c.obj
                0x08008a54                HAL_UART_Transmit
 .text.UART_CheckIdleState
                0x08008b24       0xca CMakeFiles/H7OS.elf.dir/Drivers/STM32H7xx_HAL_Driver/Src/stm32h7xx_hal_uart.c.obj
                0x08008b24                UART_CheckIdleState
 .text.HAL_UART_Init
                0x08008bee       0x66 CMakeFiles/H7OS.elf.dir/Drivers/STM32H7xx_HAL_Driver/Src/stm32h7xx_hal_uart.c.obj
                0x08008bee                HAL_UART_Init
 .text.UARTEx_SetNbDataToProcess
                0x08008c54       0x4c CMakeFiles/H7OS.elf.dir/Drivers/STM32H7xx_HAL_Driver/Src/stm32h7xx_hal_uart_ex.c.obj
 .text.HAL_UARTEx_DisableFifoMode
                0x08008ca0       0x3e CMakeFiles/H7OS.elf.dir/Drivers/STM32H7xx_HAL_Driver/Src/stm32h7xx_hal_uart_ex.c.obj
                0x08008ca0                HAL_UARTEx_DisableFifoMode
 .text.HAL_UARTEx_SetTxFifoThreshold
                0x08008cde       0x4a CMakeFiles/H7OS.elf.dir/Drivers/STM32H7xx_HAL_Driver/Src/stm32h7xx_hal_uart_ex.c.obj
                0x08008cde                HAL_UARTEx_SetTxFifoThreshold
 .text.HAL_UARTEx_SetRxFifoThreshold
                0x08008d28       0x4a CMakeFiles/H7OS.elf.dir/Drivers/STM32H7xx_HAL_Driver/Src/stm32h7xx_hal_uart_ex.c.obj
                0x08008d28                HAL_UARTEx_SetRxFifoThreshold
 *fill*         0x08008d72        0x2 
 .text.FMC_SDRAM_Init
                0x08008d74       0x74 CMakeFiles/H7OS.elf.dir/Drivers/STM32H7xx_HAL_Driver/Src/stm32h7xx_ll_fmc.c.obj
                0x08008d74                FMC_SDRAM_Init
 .text.FMC_SDRAM_Timing_Init
                0x08008de8       0xa8 CMakeFiles/H7OS.elf.dir/Drivers/STM32H7xx_HAL_Driver/Src/stm32h7xx_ll_fmc.c.obj
                0x08008de8                FMC_SDRAM_Timing_Init
 .text.FMC_SDRAM_SendCommand
                0x08008e90       0x30 CMakeFiles/H7OS.elf.dir/Drivers/STM32H7xx_HAL_Driver/Src/stm32h7xx_ll_fmc.c.obj
                0x08008e90                FMC_SDRAM_SendCommand
 .text.FMC_SDRAM_ProgramRefreshRate
                0x08008ec0       0x14 CMakeFiles/H7OS.elf.dir/Drivers/STM32H7xx_HAL_Driver/Src/stm32h7xx_ll_fmc.c.obj
                0x08008ec0                FMC_SDRAM_ProgramRefreshRate
 .text.SDMMC_GetCmdError
                0x08008ed4       0x3c CMakeFiles/H7OS.elf.dir/Drivers/STM32H7xx_HAL_Driver/Src/stm32h7xx_ll_sdmmc.c.obj
 .text.SDMMC_Init
                0x08008f10       0x30 CMakeFiles/H7OS.elf.dir/Drivers/STM32H7xx_HAL_Driver/Src/stm32h7xx_ll_sdmmc.c.obj
                0x08008f10                SDMMC_Init
 .text.SDMMC_ReadFIFO
                0x08008f40        0x6 CMakeFiles/H7OS.elf.dir/Drivers/STM32H7xx_HAL_Driver/Src/stm32h7xx_ll_sdmmc.c.obj
                0x08008f40                SDMMC_ReadFIFO
 .text.SDMMC_WriteFIFO
                0x08008f46        0xa CMakeFiles/H7OS.elf.dir/Drivers/STM32H7xx_HAL_Driver/Src/stm32h7xx_ll_sdmmc.c.obj
                0x08008f46                SDMMC_WriteFIFO
 .text.SDMMC_PowerState_ON
                0x08008f50        0xc CMakeFiles/H7OS.elf.dir/Drivers/STM32H7xx_HAL_Driver/Src/stm32h7xx_ll_sdmmc.c.obj
                0x08008f50                SDMMC_PowerState_ON
 .text.SDMMC_GetPowerState
                0x08008f5c        0x8 CMakeFiles/H7OS.elf.dir/Drivers/STM32H7xx_HAL_Driver/Src/stm32h7xx_ll_sdmmc.c.obj
                0x08008f5c                SDMMC_GetPowerState
 .text.SDMMC_SendCommand
                0x08008f64       0x24 CMakeFiles/H7OS.elf.dir/Drivers/STM32H7xx_HAL_Driver/Src/stm32h7xx_ll_sdmmc.c.obj
                0x08008f64                SDMMC_SendCommand
 .text.SDMMC_GetCommandResponse
                0x08008f88        0x6 CMakeFiles/H7OS.elf.dir/Drivers/STM32H7xx_HAL_Driver/Src/stm32h7xx_ll_sdmmc.c.obj
                0x08008f88                SDMMC_GetCommandResponse
 .text.SDMMC_GetResponse
                0x08008f8e        0x6 CMakeFiles/H7OS.elf.dir/Drivers/STM32H7xx_HAL_Driver/Src/stm32h7xx_ll_sdmmc.c.obj
                0x08008f8e                SDMMC_GetResponse
 .text.SDMMC_ConfigData
                0x08008f94       0x24 CMakeFiles/H7OS.elf.dir/Drivers/STM32H7xx_HAL_Driver/Src/stm32h7xx_ll_sdmmc.c.obj
                0x08008f94                SDMMC_ConfigData
 .text.SDMMC_CmdGoIdleState
                0x08008fb8       0x26 CMakeFiles/H7OS.elf.dir/Drivers/STM32H7xx_HAL_Driver/Src/stm32h7xx_ll_sdmmc.c.obj
                0x08008fb8                SDMMC_CmdGoIdleState
 *fill*         0x08008fde        0x2 
 .text.SDMMC_GetCmdResp1
                0x08008fe0      0x160 CMakeFiles/H7OS.elf.dir/Drivers/STM32H7xx_HAL_Driver/Src/stm32h7xx_ll_sdmmc.c.obj
                0x08008fe0                SDMMC_GetCmdResp1
 .text.SDMMC_CmdBlockLength
                0x08009140       0x32 CMakeFiles/H7OS.elf.dir/Drivers/STM32H7xx_HAL_Driver/Src/stm32h7xx_ll_sdmmc.c.obj
                0x08009140                SDMMC_CmdBlockLength
 .text.SDMMC_CmdReadSingleBlock
                0x08009172       0x32 CMakeFiles/H7OS.elf.dir/Drivers/STM32H7xx_HAL_Driver/Src/stm32h7xx_ll_sdmmc.c.obj
                0x08009172                SDMMC_CmdReadSingleBlock
 .text.SDMMC_CmdReadMultiBlock
                0x080091a4       0x32 CMakeFiles/H7OS.elf.dir/Drivers/STM32H7xx_HAL_Driver/Src/stm32h7xx_ll_sdmmc.c.obj
                0x080091a4                SDMMC_CmdReadMultiBlock
 .text.SDMMC_CmdWriteSingleBlock
                0x080091d6       0x32 CMakeFiles/H7OS.elf.dir/Drivers/STM32H7xx_HAL_Driver/Src/stm32h7xx_ll_sdmmc.c.obj
                0x080091d6                SDMMC_CmdWriteSingleBlock
 .text.SDMMC_CmdWriteMultiBlock
                0x08009208       0x32 CMakeFiles/H7OS.elf.dir/Drivers/STM32H7xx_HAL_Driver/Src/stm32h7xx_ll_sdmmc.c.obj
                0x08009208                SDMMC_CmdWriteMultiBlock
 *fill*         0x0800923a        0x2 
 .text.SDMMC_CmdStopTransfer
                0x0800923c       0x58 CMakeFiles/H7OS.elf.dir/Drivers/STM32H7xx_HAL_Driver/Src/stm32h7xx_ll_sdmmc.c.obj
                0x0800923c                SDMMC_CmdStopTransfer
 .text.SDMMC_CmdSelDesel
                0x08009294       0x32 CMakeFiles/H7OS.elf.dir/Drivers/STM32H7xx_HAL_Driver/Src/stm32h7xx_ll_sdmmc.c.obj
                0x08009294                SDMMC_CmdSelDesel
 .text.SDMMC_CmdAppCommand
                0x080092c6       0x32 CMakeFiles/H7OS.elf.dir/Drivers/STM32H7xx_HAL_Driver/Src/stm32h7xx_ll_sdmmc.c.obj
                0x080092c6                SDMMC_CmdAppCommand
 .text.SDMMC_CmdBusWidth
                0x080092f8       0x32 CMakeFiles/H7OS.elf.dir/Drivers/STM32H7xx_HAL_Driver/Src/stm32h7xx_ll_sdmmc.c.obj
                0x080092f8                SDMMC_CmdBusWidth
 .text.SDMMC_CmdSendSCR
                0x0800932a       0x32 CMakeFiles/H7OS.elf.dir/Drivers/STM32H7xx_HAL_Driver/Src/stm32h7xx_ll_sdmmc.c.obj
                0x0800932a                SDMMC_CmdSendSCR
 .text.SDMMC_CmdSendStatus
                0x0800935c       0x32 CMakeFiles/H7OS.elf.dir/Drivers/STM32H7xx_HAL_Driver/Src/stm32h7xx_ll_sdmmc.c.obj
                0x0800935c                SDMMC_CmdSendStatus
 .text.SDMMC_CmdStatusRegister
                0x0800938e       0x32 CMakeFiles/H7OS.elf.dir/Drivers/STM32H7xx_HAL_Driver/Src/stm32h7xx_ll_sdmmc.c.obj
                0x0800938e                SDMMC_CmdStatusRegister
 .text.SDMMC_GetCmdResp2
                0x080093c0       0x60 CMakeFiles/H7OS.elf.dir/Drivers/STM32H7xx_HAL_Driver/Src/stm32h7xx_ll_sdmmc.c.obj
                0x080093c0                SDMMC_GetCmdResp2
 .text.SDMMC_CmdSendCID
                0x08009420       0x2c CMakeFiles/H7OS.elf.dir/Drivers/STM32H7xx_HAL_Driver/Src/stm32h7xx_ll_sdmmc.c.obj
                0x08009420                SDMMC_CmdSendCID
 .text.SDMMC_CmdSendCSD
                0x0800944c       0x2c CMakeFiles/H7OS.elf.dir/Drivers/STM32H7xx_HAL_Driver/Src/stm32h7xx_ll_sdmmc.c.obj
                0x0800944c                SDMMC_CmdSendCSD
 .text.SDMMC_GetCmdResp3
                0x08009478       0x50 CMakeFiles/H7OS.elf.dir/Drivers/STM32H7xx_HAL_Driver/Src/stm32h7xx_ll_sdmmc.c.obj
                0x08009478                SDMMC_GetCmdResp3
 .text.SDMMC_CmdAppOperCommand
                0x080094c8       0x2c CMakeFiles/H7OS.elf.dir/Drivers/STM32H7xx_HAL_Driver/Src/stm32h7xx_ll_sdmmc.c.obj
                0x080094c8                SDMMC_CmdAppOperCommand
 .text.SDMMC_GetCmdResp6
                0x080094f4       0xa4 CMakeFiles/H7OS.elf.dir/Drivers/STM32H7xx_HAL_Driver/Src/stm32h7xx_ll_sdmmc.c.obj
                0x080094f4                SDMMC_GetCmdResp6
 .text.SDMMC_CmdSetRelAdd
                0x08009598       0x32 CMakeFiles/H7OS.elf.dir/Drivers/STM32H7xx_HAL_Driver/Src/stm32h7xx_ll_sdmmc.c.obj
                0x08009598                SDMMC_CmdSetRelAdd
 *fill*         0x080095ca        0x2 
 .text.SDMMC_GetCmdResp7
                0x080095cc       0x64 CMakeFiles/H7OS.elf.dir/Drivers/STM32H7xx_HAL_Driver/Src/stm32h7xx_ll_sdmmc.c.obj
                0x080095cc                SDMMC_GetCmdResp7
 .text.SDMMC_CmdOperCond
                0x08009630       0x30 CMakeFiles/H7OS.elf.dir/Drivers/STM32H7xx_HAL_Driver/Src/stm32h7xx_ll_sdmmc.c.obj
                0x08009630                SDMMC_CmdOperCond
 .text.MX_FATFS_Init
                0x08009660       0x1c CMakeFiles/H7OS.elf.dir/FATFS/App/fatfs.c.obj
                0x08009660                MX_FATFS_Init
 .text.BSP_SD_ReadBlocks_DMA
                0x0800967c       0x18 CMakeFiles/H7OS.elf.dir/FATFS/Target/bsp_driver_sd.c.obj
                0x0800967c                BSP_SD_ReadBlocks_DMA
 .text.BSP_SD_WriteBlocks_DMA
                0x08009694       0x18 CMakeFiles/H7OS.elf.dir/FATFS/Target/bsp_driver_sd.c.obj
                0x08009694                BSP_SD_WriteBlocks_DMA
 .text.BSP_SD_GetCardState
                0x080096ac       0x14 CMakeFiles/H7OS.elf.dir/FATFS/Target/bsp_driver_sd.c.obj
                0x080096ac                BSP_SD_GetCardState
 .text.BSP_SD_GetCardInfo
                0x080096c0       0x10 CMakeFiles/H7OS.elf.dir/FATFS/Target/bsp_driver_sd.c.obj
                0x080096c0                BSP_SD_GetCardInfo
 .text.HAL_SD_TxCpltCallback
                0x080096d0        0x8 CMakeFiles/H7OS.elf.dir/FATFS/Target/bsp_driver_sd.c.obj
                0x080096d0                HAL_SD_TxCpltCallback
 .text.HAL_SD_RxCpltCallback
                0x080096d8        0x8 CMakeFiles/H7OS.elf.dir/FATFS/Target/bsp_driver_sd.c.obj
                0x080096d8                HAL_SD_RxCpltCallback
 .text.BSP_SD_IsDetected
                0x080096e0       0x20 CMakeFiles/H7OS.elf.dir/FATFS/Target/bsp_driver_sd.c.obj
                0x080096e0                BSP_SD_IsDetected
 .text.BSP_SD_Init
                0x08009700       0x34 CMakeFiles/H7OS.elf.dir/FATFS/Target/bsp_driver_sd.c.obj
                0x08009700                BSP_SD_Init
 .text.BSP_PlatformIsDetected
                0x08009734       0x18 CMakeFiles/H7OS.elf.dir/FATFS/Target/fatfs_platform.c.obj
                0x08009734                BSP_PlatformIsDetected
 .text.SD_CheckStatus
                0x0800974c       0x24 CMakeFiles/H7OS.elf.dir/FATFS/Target/sd_diskio.c.obj
 .text.SD_initialize
                0x08009770       0x74 CMakeFiles/H7OS.elf.dir/FATFS/Target/sd_diskio.c.obj
                0x08009770                SD_initialize
 .text.SD_status
                0x080097e4        0x8 CMakeFiles/H7OS.elf.dir/FATFS/Target/sd_diskio.c.obj
                0x080097e4                SD_status
 .text.SD_CheckStatusWithTimeout
                0x080097ec       0x26 CMakeFiles/H7OS.elf.dir/FATFS/Target/sd_diskio.c.obj
 *fill*         0x08009812        0x2 
 .text.SD_read  0x08009814      0x164 CMakeFiles/H7OS.elf.dir/FATFS/Target/sd_diskio.c.obj
                0x08009814                SD_read
 .text.SD_write
                0x08009978      0x164 CMakeFiles/H7OS.elf.dir/FATFS/Target/sd_diskio.c.obj
                0x08009978                SD_write
 .text.SD_ioctl
                0x08009adc       0x58 CMakeFiles/H7OS.elf.dir/FATFS/Target/sd_diskio.c.obj
                0x08009adc                SD_ioctl
 .text.BSP_SD_WriteCpltCallback
                0x08009b34       0x14 CMakeFiles/H7OS.elf.dir/FATFS/Target/sd_diskio.c.obj
                0x08009b34                BSP_SD_WriteCpltCallback
 .text.BSP_SD_ReadCpltCallback
                0x08009b48       0x14 CMakeFiles/H7OS.elf.dir/FATFS/Target/sd_diskio.c.obj
                0x08009b48                BSP_SD_ReadCpltCallback
 .text.disk_status
                0x08009b5c       0x18 CMakeFiles/H7OS.elf.dir/Middlewares/Third_Party/FatFs/src/diskio.c.obj
                0x08009b5c                disk_status
 .text.disk_initialize
                0x08009b74       0x2c CMakeFiles/H7OS.elf.dir/Middlewares/Third_Party/FatFs/src/diskio.c.obj
                0x08009b74                disk_initialize
 .text.disk_read
                0x08009ba0       0x18 CMakeFiles/H7OS.elf.dir/Middlewares/Third_Party/FatFs/src/diskio.c.obj
                0x08009ba0                disk_read
 .text.disk_write
                0x08009bb8       0x18 CMakeFiles/H7OS.elf.dir/Middlewares/Third_Party/FatFs/src/diskio.c.obj
                0x08009bb8                disk_write
 .text.disk_ioctl
                0x08009bd0       0x18 CMakeFiles/H7OS.elf.dir/Middlewares/Third_Party/FatFs/src/diskio.c.obj
                0x08009bd0                disk_ioctl
 .text.ld_word  0x08009be8        0xa CMakeFiles/H7OS.elf.dir/Middlewares/Third_Party/FatFs/src/ff.c.obj
 .text.ld_dword
                0x08009bf2       0x16 CMakeFiles/H7OS.elf.dir/Middlewares/Third_Party/FatFs/src/ff.c.obj
 .text.st_word  0x08009c08        0x8 CMakeFiles/H7OS.elf.dir/Middlewares/Third_Party/FatFs/src/ff.c.obj
 .text.st_dword
                0x08009c10       0x14 CMakeFiles/H7OS.elf.dir/Middlewares/Third_Party/FatFs/src/ff.c.obj
 .text.mem_cpy  0x08009c24       0x14 CMakeFiles/H7OS.elf.dir/Middlewares/Third_Party/FatFs/src/ff.c.obj
 .text.mem_set  0x08009c38        0xa CMakeFiles/H7OS.elf.dir/Middlewares/Third_Party/FatFs/src/ff.c.obj
 .text.get_ldnumber
                0x08009c42       0x4a CMakeFiles/H7OS.elf.dir/Middlewares/Third_Party/FatFs/src/ff.c.obj
 .text.lock_fs  0x08009c8c       0x14 CMakeFiles/H7OS.elf.dir/Middlewares/Third_Party/FatFs/src/ff.c.obj
 .text.sync_window
                0x08009ca0       0x54 CMakeFiles/H7OS.elf.dir/Middlewares/Third_Party/FatFs/src/ff.c.obj
 .text.move_window
                0x08009cf4       0x36 CMakeFiles/H7OS.elf.dir/Middlewares/Third_Party/FatFs/src/ff.c.obj
 *fill*         0x08009d2a        0x2 
 .text.check_fs
                0x08009d2c       0x78 CMakeFiles/H7OS.elf.dir/Middlewares/Third_Party/FatFs/src/ff.c.obj
 .text.find_volume
                0x08009da4      0x358 CMakeFiles/H7OS.elf.dir/Middlewares/Third_Party/FatFs/src/ff.c.obj
 .text.unlock_fs
                0x0800a0fc       0x24 CMakeFiles/H7OS.elf.dir/Middlewares/Third_Party/FatFs/src/ff.c.obj
 .text.f_mount  0x0800a120       0x84 CMakeFiles/H7OS.elf.dir/Middlewares/Third_Party/FatFs/src/ff.c.obj
                0x0800a120                f_mount
 .text.f_mkfs   0x0800a1a4      0x680 CMakeFiles/H7OS.elf.dir/Middlewares/Third_Party/FatFs/src/ff.c.obj
                0x0800a1a4                f_mkfs
 .text.FATFS_LinkDriverEx
                0x0800a824       0x54 CMakeFiles/H7OS.elf.dir/Middlewares/Third_Party/FatFs/src/ff_gen_drv.c.obj
                0x0800a824                FATFS_LinkDriverEx
 .text.FATFS_LinkDriver
                0x0800a878        0xa CMakeFiles/H7OS.elf.dir/Middlewares/Third_Party/FatFs/src/ff_gen_drv.c.obj
                0x0800a878                FATFS_LinkDriver
 .text.ff_cre_syncobj
                0x0800a882       0x20 CMakeFiles/H7OS.elf.dir/Middlewares/Third_Party/FatFs/src/option/syscall.c.obj
                0x0800a882                ff_cre_syncobj
 .text.ff_del_syncobj
                0x0800a8a2        0xa CMakeFiles/H7OS.elf.dir/Middlewares/Third_Party/FatFs/src/option/syscall.c.obj
                0x0800a8a2                ff_del_syncobj
 .text.ff_req_grant
                0x0800a8ac       0x14 CMakeFiles/H7OS.elf.dir/Middlewares/Third_Party/FatFs/src/option/syscall.c.obj
                0x0800a8ac                ff_req_grant
 .text.ff_rel_grant
                0x0800a8c0        0x8 CMakeFiles/H7OS.elf.dir/Middlewares/Third_Party/FatFs/src/option/syscall.c.obj
                0x0800a8c0                ff_rel_grant
 .text.makeFreeRtosPriority
                0x0800a8c8        0xc CMakeFiles/H7OS.elf.dir/Middlewares/Third_Party/FreeRTOS/Source/CMSIS_RTOS/cmsis_os.c.obj
 .text.inHandlerMode
                0x0800a8d4        0xc CMakeFiles/H7OS.elf.dir/Middlewares/Third_Party/FreeRTOS/Source/CMSIS_RTOS/cmsis_os.c.obj
 .text.osKernelStart
                0x0800a8e0        0xa CMakeFiles/H7OS.elf.dir/Middlewares/Third_Party/FreeRTOS/Source/CMSIS_RTOS/cmsis_os.c.obj
                0x0800a8e0                osKernelStart
 .text.osKernelRunning
                0x0800a8ea       0x12 CMakeFiles/H7OS.elf.dir/Middlewares/Third_Party/FreeRTOS/Source/CMSIS_RTOS/cmsis_os.c.obj
                0x0800a8ea                osKernelRunning
 .text.osKernelSysTick
                0x0800a8fc       0x14 CMakeFiles/H7OS.elf.dir/Middlewares/Third_Party/FreeRTOS/Source/CMSIS_RTOS/cmsis_os.c.obj
                0x0800a8fc                osKernelSysTick
 .text.osThreadCreate
                0x0800a910       0x6a CMakeFiles/H7OS.elf.dir/Middlewares/Third_Party/FreeRTOS/Source/CMSIS_RTOS/cmsis_os.c.obj
                0x0800a910                osThreadCreate
 .text.osDelay  0x0800a97a        0xe CMakeFiles/H7OS.elf.dir/Middlewares/Third_Party/FreeRTOS/Source/CMSIS_RTOS/cmsis_os.c.obj
                0x0800a97a                osDelay
 .text.osSemaphoreCreate
                0x0800a988       0x48 CMakeFiles/H7OS.elf.dir/Middlewares/Third_Party/FreeRTOS/Source/CMSIS_RTOS/cmsis_os.c.obj
                0x0800a988                osSemaphoreCreate
 .text.osSemaphoreWait
                0x0800a9d0       0x5e CMakeFiles/H7OS.elf.dir/Middlewares/Third_Party/FreeRTOS/Source/CMSIS_RTOS/cmsis_os.c.obj
                0x0800a9d0                osSemaphoreWait
 .text.osSemaphoreRelease
                0x0800aa2e       0x5a CMakeFiles/H7OS.elf.dir/Middlewares/Third_Party/FreeRTOS/Source/CMSIS_RTOS/cmsis_os.c.obj
                0x0800aa2e                osSemaphoreRelease
 .text.osSemaphoreDelete
                0x0800aa88       0x18 CMakeFiles/H7OS.elf.dir/Middlewares/Third_Party/FreeRTOS/Source/CMSIS_RTOS/cmsis_os.c.obj
                0x0800aa88                osSemaphoreDelete
 .text.osMessageCreate
                0x0800aaa0       0x2a CMakeFiles/H7OS.elf.dir/Middlewares/Third_Party/FreeRTOS/Source/CMSIS_RTOS/cmsis_os.c.obj
                0x0800aaa0                osMessageCreate
 .text.osMessagePut
                0x0800aaca       0x66 CMakeFiles/H7OS.elf.dir/Middlewares/Third_Party/FreeRTOS/Source/CMSIS_RTOS/cmsis_os.c.obj
                0x0800aaca                osMessagePut
 .text.osMessageGet
                0x0800ab30       0x88 CMakeFiles/H7OS.elf.dir/Middlewares/Third_Party/FreeRTOS/Source/CMSIS_RTOS/cmsis_os.c.obj
                0x0800ab30                osMessageGet
 .text.vListInitialise
                0x0800abb8       0x16 CMakeFiles/H7OS.elf.dir/Middlewares/Third_Party/FreeRTOS/Source/list.c.obj
                0x0800abb8                vListInitialise
 .text.vListInitialiseItem
                0x0800abce        0x6 CMakeFiles/H7OS.elf.dir/Middlewares/Third_Party/FreeRTOS/Source/list.c.obj
                0x0800abce                vListInitialiseItem
 .text.vListInsertEnd
                0x0800abd4       0x16 CMakeFiles/H7OS.elf.dir/Middlewares/Third_Party/FreeRTOS/Source/list.c.obj
                0x0800abd4                vListInsertEnd
 .text.vListInsert
                0x0800abea       0x32 CMakeFiles/H7OS.elf.dir/Middlewares/Third_Party/FreeRTOS/Source/list.c.obj
                0x0800abea                vListInsert
 .text.uxListRemove
                0x0800ac1c       0x26 CMakeFiles/H7OS.elf.dir/Middlewares/Third_Party/FreeRTOS/Source/list.c.obj
                0x0800ac1c                uxListRemove
 *fill*         0x0800ac42        0x2 
 .text.prvTaskExitError
                0x0800ac44       0x40 CMakeFiles/H7OS.elf.dir/Middlewares/Third_Party/FreeRTOS/Source/portable/GCC/ARM_CM4F/port.c.obj
 .text.prvPortStartFirstTask
                0x0800ac84       0x28 CMakeFiles/H7OS.elf.dir/Middlewares/Third_Party/FreeRTOS/Source/portable/GCC/ARM_CM4F/port.c.obj
 .text.vPortEnableVFP
                0x0800acac       0x14 CMakeFiles/H7OS.elf.dir/Middlewares/Third_Party/FreeRTOS/Source/portable/GCC/ARM_CM4F/port.c.obj
 .text.pxPortInitialiseStack
                0x0800acc0       0x2c CMakeFiles/H7OS.elf.dir/Middlewares/Third_Party/FreeRTOS/Source/portable/GCC/ARM_CM4F/port.c.obj
                0x0800acc0                pxPortInitialiseStack
 *fill*         0x0800acec        0x4 
 .text.SVC_Handler
                0x0800acf0       0x24 CMakeFiles/H7OS.elf.dir/Middlewares/Third_Party/FreeRTOS/Source/portable/GCC/ARM_CM4F/port.c.obj
                0x0800acf0                SVC_Handler
 .text.vPortEnterCritical
                0x0800ad14       0x44 CMakeFiles/H7OS.elf.dir/Middlewares/Third_Party/FreeRTOS/Source/portable/GCC/ARM_CM4F/port.c.obj
                0x0800ad14                vPortEnterCritical
 .text.vPortExitCritical
                0x0800ad58       0x2c CMakeFiles/H7OS.elf.dir/Middlewares/Third_Party/FreeRTOS/Source/portable/GCC/ARM_CM4F/port.c.obj
                0x0800ad58                vPortExitCritical
 *fill*         0x0800ad84        0xc 
 .text.PendSV_Handler
                0x0800ad90       0x64 CMakeFiles/H7OS.elf.dir/Middlewares/Third_Party/FreeRTOS/Source/portable/GCC/ARM_CM4F/port.c.obj
                0x0800ad90                PendSV_Handler
 .text.SysTick_Handler
                0x0800adf4       0x2c CMakeFiles/H7OS.elf.dir/Middlewares/Third_Party/FreeRTOS/Source/portable/GCC/ARM_CM4F/port.c.obj
                0x0800adf4                SysTick_Handler
 .text.vPortSetupTimerInterrupt
                0x0800ae20       0x28 CMakeFiles/H7OS.elf.dir/Middlewares/Third_Party/FreeRTOS/Source/portable/GCC/ARM_CM4F/port.c.obj
                0x0800ae20                vPortSetupTimerInterrupt
 .text.xPortStartScheduler
                0x0800ae48      0x118 CMakeFiles/H7OS.elf.dir/Middlewares/Third_Party/FreeRTOS/Source/portable/GCC/ARM_CM4F/port.c.obj
                0x0800ae48                xPortStartScheduler
 .text.vPortValidateInterruptPriority
                0x0800af60       0x5c CMakeFiles/H7OS.elf.dir/Middlewares/Third_Party/FreeRTOS/Source/portable/GCC/ARM_CM4F/port.c.obj
                0x0800af60                vPortValidateInterruptPriority
 .text.prvHeapInit
                0x0800afbc       0x64 CMakeFiles/H7OS.elf.dir/Middlewares/Third_Party/FreeRTOS/Source/portable/MemMang/heap_4.c.obj
 .text.prvInsertBlockIntoFreeList
                0x0800b020       0x64 CMakeFiles/H7OS.elf.dir/Middlewares/Third_Party/FreeRTOS/Source/portable/MemMang/heap_4.c.obj
 .text.pvPortMalloc
                0x0800b084       0xfc CMakeFiles/H7OS.elf.dir/Middlewares/Third_Party/FreeRTOS/Source/portable/MemMang/heap_4.c.obj
                0x0800b084                pvPortMalloc
 .text.vPortFree
                0x0800b180       0x7c CMakeFiles/H7OS.elf.dir/Middlewares/Third_Party/FreeRTOS/Source/portable/MemMang/heap_4.c.obj
                0x0800b180                vPortFree
 .text.prvGetDisinheritPriorityAfterTimeout
                0x0800b1fc       0x10 CMakeFiles/H7OS.elf.dir/Middlewares/Third_Party/FreeRTOS/Source/queue.c.obj
 .text.prvIsQueueFull
                0x0800b20c       0x1e CMakeFiles/H7OS.elf.dir/Middlewares/Third_Party/FreeRTOS/Source/queue.c.obj
 .text.prvIsQueueEmpty
                0x0800b22a       0x1a CMakeFiles/H7OS.elf.dir/Middlewares/Third_Party/FreeRTOS/Source/queue.c.obj
 .text.prvCopyDataToQueue
                0x0800b244       0x76 CMakeFiles/H7OS.elf.dir/Middlewares/Third_Party/FreeRTOS/Source/queue.c.obj
 .text.prvCopyDataFromQueue
                0x0800b2ba       0x24 CMakeFiles/H7OS.elf.dir/Middlewares/Third_Party/FreeRTOS/Source/queue.c.obj
 .text.prvUnlockQueue
                0x0800b2de       0x6e CMakeFiles/H7OS.elf.dir/Middlewares/Third_Party/FreeRTOS/Source/queue.c.obj
 .text.xQueueGenericReset
                0x0800b34c       0x84 CMakeFiles/H7OS.elf.dir/Middlewares/Third_Party/FreeRTOS/Source/queue.c.obj
                0x0800b34c                xQueueGenericReset
 .text.prvInitialiseNewQueue
                0x0800b3d0       0x1c CMakeFiles/H7OS.elf.dir/Middlewares/Third_Party/FreeRTOS/Source/queue.c.obj
 .text.xQueueGenericCreateStatic
                0x0800b3ec       0xa6 CMakeFiles/H7OS.elf.dir/Middlewares/Third_Party/FreeRTOS/Source/queue.c.obj
                0x0800b3ec                xQueueGenericCreateStatic
 .text.xQueueGenericCreate
                0x0800b492       0x48 CMakeFiles/H7OS.elf.dir/Middlewares/Third_Party/FreeRTOS/Source/queue.c.obj
                0x0800b492                xQueueGenericCreate
 .text.xQueueGenericSend
                0x0800b4da      0x188 CMakeFiles/H7OS.elf.dir/Middlewares/Third_Party/FreeRTOS/Source/queue.c.obj
                0x0800b4da                xQueueGenericSend
 .text.xQueueGenericSendFromISR
                0x0800b662       0xce CMakeFiles/H7OS.elf.dir/Middlewares/Third_Party/FreeRTOS/Source/queue.c.obj
                0x0800b662                xQueueGenericSendFromISR
 .text.xQueueGiveFromISR
                0x0800b730       0xb2 CMakeFiles/H7OS.elf.dir/Middlewares/Third_Party/FreeRTOS/Source/queue.c.obj
                0x0800b730                xQueueGiveFromISR
 .text.xQueueReceive
                0x0800b7e2      0x15e CMakeFiles/H7OS.elf.dir/Middlewares/Third_Party/FreeRTOS/Source/queue.c.obj
                0x0800b7e2                xQueueReceive
 .text.xQueueSemaphoreTake
                0x0800b940      0x1a6 CMakeFiles/H7OS.elf.dir/Middlewares/Third_Party/FreeRTOS/Source/queue.c.obj
                0x0800b940                xQueueSemaphoreTake
 .text.xQueueReceiveFromISR
                0x0800bae6       0xa8 CMakeFiles/H7OS.elf.dir/Middlewares/Third_Party/FreeRTOS/Source/queue.c.obj
                0x0800bae6                xQueueReceiveFromISR
 *fill*         0x0800bb8e        0x2 
 .text.vQueueUnregisterQueue
                0x0800bb90       0x2c CMakeFiles/H7OS.elf.dir/Middlewares/Third_Party/FreeRTOS/Source/queue.c.obj
                0x0800bb90                vQueueUnregisterQueue
 .text.vQueueDelete
                0x0800bbbc       0x2c CMakeFiles/H7OS.elf.dir/Middlewares/Third_Party/FreeRTOS/Source/queue.c.obj
                0x0800bbbc                vQueueDelete
 .text.prvResetNextTaskUnblockTime
                0x0800bbe8       0x2c CMakeFiles/H7OS.elf.dir/Middlewares/Third_Party/FreeRTOS/Source/tasks.c.obj
 .text.prvInitialiseNewTask
                0x0800bc14       0xfe CMakeFiles/H7OS.elf.dir/Middlewares/Third_Party/FreeRTOS/Source/tasks.c.obj
 *fill*         0x0800bd12        0x2 
 .text.prvInitialiseTaskLists
                0x0800bd14       0x68 CMakeFiles/H7OS.elf.dir/Middlewares/Third_Party/FreeRTOS/Source/tasks.c.obj
 .text.prvAddNewTaskToReadyList
                0x0800bd7c       0xa8 CMakeFiles/H7OS.elf.dir/Middlewares/Third_Party/FreeRTOS/Source/tasks.c.obj
 .text.prvDeleteTCB
                0x0800be24       0x40 CMakeFiles/H7OS.elf.dir/Middlewares/Third_Party/FreeRTOS/Source/tasks.c.obj
 .text.prvCheckTasksWaitingTermination
                0x0800be64       0x4c CMakeFiles/H7OS.elf.dir/Middlewares/Third_Party/FreeRTOS/Source/tasks.c.obj
 .text.prvIdleTask
                0x0800beb0       0x28 CMakeFiles/H7OS.elf.dir/Middlewares/Third_Party/FreeRTOS/Source/tasks.c.obj
 .text.prvAddCurrentTaskToDelayedList
                0x0800bed8       0xa0 CMakeFiles/H7OS.elf.dir/Middlewares/Third_Party/FreeRTOS/Source/tasks.c.obj
 .text.xTaskCreateStatic
                0x0800bf78       0x7a CMakeFiles/H7OS.elf.dir/Middlewares/Third_Party/FreeRTOS/Source/tasks.c.obj
                0x0800bf78                xTaskCreateStatic
 .text.xTaskCreate
                0x0800bff2       0x6a CMakeFiles/H7OS.elf.dir/Middlewares/Third_Party/FreeRTOS/Source/tasks.c.obj
                0x0800bff2                xTaskCreate
 .text.vTaskStartScheduler
                0x0800c05c       0x84 CMakeFiles/H7OS.elf.dir/Middlewares/Third_Party/FreeRTOS/Source/tasks.c.obj
                0x0800c05c                vTaskStartScheduler
 .text.vTaskSuspendAll
                0x0800c0e0       0x10 CMakeFiles/H7OS.elf.dir/Middlewares/Third_Party/FreeRTOS/Source/tasks.c.obj
                0x0800c0e0                vTaskSuspendAll
 .text.xTaskGetTickCount
                0x0800c0f0        0xc CMakeFiles/H7OS.elf.dir/Middlewares/Third_Party/FreeRTOS/Source/tasks.c.obj
                0x0800c0f0                xTaskGetTickCount
 .text.xTaskGetTickCountFromISR
                0x0800c0fc       0x10 CMakeFiles/H7OS.elf.dir/Middlewares/Third_Party/FreeRTOS/Source/tasks.c.obj
                0x0800c0fc                xTaskGetTickCountFromISR
 .text.xTaskIncrementTick
                0x0800c10c      0x118 CMakeFiles/H7OS.elf.dir/Middlewares/Third_Party/FreeRTOS/Source/tasks.c.obj
                0x0800c10c                xTaskIncrementTick
 .text.xTaskResumeAll
                0x0800c224       0xf8 CMakeFiles/H7OS.elf.dir/Middlewares/Third_Party/FreeRTOS/Source/tasks.c.obj
                0x0800c224                xTaskResumeAll
 .text.vTaskDelay
                0x0800c31c       0x4c CMakeFiles/H7OS.elf.dir/Middlewares/Third_Party/FreeRTOS/Source/tasks.c.obj
                0x0800c31c                vTaskDelay
 .text.vTaskSwitchContext
                0x0800c368       0xa4 CMakeFiles/H7OS.elf.dir/Middlewares/Third_Party/FreeRTOS/Source/tasks.c.obj
                0x0800c368                vTaskSwitchContext
 .text.vTaskPlaceOnEventList
                0x0800c40c       0x30 CMakeFiles/H7OS.elf.dir/Middlewares/Third_Party/FreeRTOS/Source/tasks.c.obj
                0x0800c40c                vTaskPlaceOnEventList
 .text.xTaskRemoveFromEventList
                0x0800c43c       0x8c CMakeFiles/H7OS.elf.dir/Middlewares/Third_Party/FreeRTOS/Source/tasks.c.obj
                0x0800c43c                xTaskRemoveFromEventList
 .text.vTaskInternalSetTimeOutState
                0x0800c4c8       0x18 CMakeFiles/H7OS.elf.dir/Middlewares/Third_Party/FreeRTOS/Source/tasks.c.obj
                0x0800c4c8                vTaskInternalSetTimeOutState
 .text.xTaskCheckForTimeOut
                0x0800c4e0       0x84 CMakeFiles/H7OS.elf.dir/Middlewares/Third_Party/FreeRTOS/Source/tasks.c.obj
                0x0800c4e0                xTaskCheckForTimeOut
 .text.vTaskMissedYield
                0x0800c564        0xc CMakeFiles/H7OS.elf.dir/Middlewares/Third_Party/FreeRTOS/Source/tasks.c.obj
                0x0800c564                vTaskMissedYield
 .text.xTaskGetSchedulerState
                0x0800c570       0x20 CMakeFiles/H7OS.elf.dir/Middlewares/Third_Party/FreeRTOS/Source/tasks.c.obj
                0x0800c570                xTaskGetSchedulerState
 .text.xTaskPriorityInherit
                0x0800c590       0xac CMakeFiles/H7OS.elf.dir/Middlewares/Third_Party/FreeRTOS/Source/tasks.c.obj
                0x0800c590                xTaskPriorityInherit
 .text.xTaskPriorityDisinherit
                0x0800c63c       0xb4 CMakeFiles/H7OS.elf.dir/Middlewares/Third_Party/FreeRTOS/Source/tasks.c.obj
                0x0800c63c                xTaskPriorityDisinherit
 .text.vTaskPriorityDisinheritAfterTimeout
                0x0800c6f0       0xb4 CMakeFiles/H7OS.elf.dir/Middlewares/Third_Party/FreeRTOS/Source/tasks.c.obj
                0x0800c6f0                vTaskPriorityDisinheritAfterTimeout
 .text.pvTaskIncrementMutexHeldCount
                0x0800c7a4       0x1c CMakeFiles/H7OS.elf.dir/Middlewares/Third_Party/FreeRTOS/Source/tasks.c.obj
                0x0800c7a4                pvTaskIncrementMutexHeldCount
 .text.addFSChild
                0x0800c7c0       0x48 CMakeFiles/H7OS.elf.dir/RAMFS/init.d/DrT/DrT.c.obj
                0x0800c7c0                addFSChild
 .text.getFSChild
                0x0800c808       0x1c CMakeFiles/H7OS.elf.dir/RAMFS/init.d/DrT/DrT.c.obj
                0x0800c808                getFSChild
 .text.addDevice
                0x0800c824       0x98 CMakeFiles/H7OS.elf.dir/RAMFS/init.d/DrT/DrT.c.obj
                0x0800c824                addDevice
 .text.DrTInit  0x0800c8bc      0x128 CMakeFiles/H7OS.elf.dir/RAMFS/init.d/DrT/DrT.c.obj
                0x0800c8bc                DrTInit
 .text.loadPath
                0x0800c9e4       0x48 CMakeFiles/H7OS.elf.dir/RAMFS/init.d/DrT/DrT.c.obj
                0x0800c9e4                loadPath
 .text.ram_ls   0x0800ca2c       0x44 CMakeFiles/H7OS.elf.dir/RAMFS/init.d/DrT/DrT.c.obj
                0x0800ca2c                ram_ls
 .text.ram_cd   0x0800ca70       0x14 CMakeFiles/H7OS.elf.dir/RAMFS/init.d/DrT/DrT.c.obj
                0x0800ca70                ram_cd
 .text.ram_pwd  0x0800ca84       0x44 CMakeFiles/H7OS.elf.dir/RAMFS/init.d/DrT/DrT.c.obj
                0x0800ca84                ram_pwd
 .text.addCMD   0x0800cac8       0x5c CMakeFiles/H7OS.elf.dir/RAMFS/init.d/DrT/DrT.c.obj
                0x0800cac8                addCMD
 .text.execCMD  0x0800cb24       0x70 CMakeFiles/H7OS.elf.dir/RAMFS/init.d/DrT/DrT.c.obj
                0x0800cb24                execCMD
 .text.__assert_func
                0x0800cb94       0x40 e:/program files (x86)/gnu arm embedded toolchain/10 2021.10/bin/../lib/gcc/arm-none-eabi/10.3.1/../../../../arm-none-eabi/lib/thumb/v7e-m+fp/hard\libg.a(lib_a-assert.o)
                0x0800cb94                __assert_func
 .text.__errno  0x0800cbd4        0xc e:/program files (x86)/gnu arm embedded toolchain/10 2021.10/bin/../lib/gcc/arm-none-eabi/10.3.1/../../../../arm-none-eabi/lib/thumb/v7e-m+fp/hard\libg.a(lib_a-errno.o)
                0x0800cbd4                __errno
 .text.fiprintf
                0x0800cbe0       0x28 e:/program files (x86)/gnu arm embedded toolchain/10 2021.10/bin/../lib/gcc/arm-none-eabi/10.3.1/../../../../arm-none-eabi/lib/thumb/v7e-m+fp/hard\libg.a(lib_a-fiprintf.o)
                0x0800cbe0                fiprintf
 .text.__libc_init_array
                0x0800cc08       0x48 e:/program files (x86)/gnu arm embedded toolchain/10 2021.10/bin/../lib/gcc/arm-none-eabi/10.3.1/../../../../arm-none-eabi/lib/thumb/v7e-m+fp/hard\libg.a(lib_a-init.o)
                0x0800cc08                __libc_init_array
 .text.memset   0x0800cc50       0xa4 e:/program files (x86)/gnu arm embedded toolchain/10 2021.10/bin/../lib/gcc/arm-none-eabi/10.3.1/../../../../arm-none-eabi/lib/thumb/v7e-m+fp/hard\libg.a(lib_a-memset.o)
                0x0800cc50                memset
 .text.cleanup_glue
                0x0800ccf4       0x48 e:/program files (x86)/gnu arm embedded toolchain/10 2021.10/bin/../lib/gcc/arm-none-eabi/10.3.1/../../../../arm-none-eabi/lib/thumb/v7e-m+fp/hard\libg.a(lib_a-reent.o)
                0x0800ccf4                cleanup_glue
 .text._reclaim_reent